x = r \cos \theta
x = r \cos \theta
x = r \cos \theta
x = r \cos \theta
x = r \cos \theta
x = r \cos \theta
x = r \cos \theta
x = r \cos \theta
x = r \cos \theta
x = r \cos \theta
x = r \cos \theta
x = r \cos \theta
x = r \cos \theta
x = r \cos \theta
x = r \cos \theta
x = r \cos \theta
x = r \cos \theta
x = r \cos \theta
a = b \cos C + c \cos B
a = b \cos C + c \cos B
a = b \cos C + c \cos B
a = b \cos C + c \cos B
a = b \cos C + c \cos B
a = b \cos C + c \cos B
a = b \cos C + c \cos B
a = b \cos C + c \cos B
a = b \cos C + c \cos B
a = b \cos C + c \cos B
a = b \cos C + c \cos B
a = b \cos C + c \cos B
a = b \cos C + c \cos B
a = b \cos C + c \cos B
a = b \cos C + c \cos B
a = b \cos C + c \cos B
a = b \cos C + c \cos B
y = r \sin \theta
y = r \sin \theta
y = r \sin \theta
y = r \sin \theta
y = r \sin \theta
y = r \sin \theta
y = r \sin \theta
y = r \sin \theta
y = r \sin \theta
y = r \sin \theta
y = r \sin \theta
y = r \sin \theta
y = r \sin \theta
y = r \sin \theta
y = r \sin \theta
y = r \sin \theta
y = r \sin \theta
y = r \sin \theta
b= c \sin B = c \cos A
b= c \sin B = c \cos A
b= c \sin B = c \cos A
b= c \sin B = c \cos A
b= c \sin B = c \cos A
b= c \sin B = c \cos A
b= c \sin B = c \cos A
b= c \sin B = c \cos A
b= c \sin B = c \cos A
b= c \sin B = c \cos A
b= c \sin B = c \cos A
b= c \sin B = c \cos A
b= c \sin B = c \cos A
b= c \sin B = c \cos A
b= c \sin B = c \cos A
M \in S
\sigma \in X
T \in E
\Delta L
\forall u \in V
\forall g\in G
\sigma \in G
\forall i\in I
\phi\in S
H \in P
M\ltN
\forall x \in E \exists y \in E xRy
\phi(x)
151 \pm 143 \div 97
78 \pm 5 \times 47
\cos (a + b) = \cos a \cos b - \sin a \sin b
1 - 1 + 1 - 1 + \ldots
1 \pm 20 - 173
175 \times (162 \times 103) \leq 2920050
113 + (168 \div 86) \leq 115
\beta(s)
42 - 85 - 18 \geq -25
v(y)=y
76 \pm ((41 + 118) \times 124) \times 130
\phi(n)=(p-1)(q-1) = n + 1 - s
v = 1
(29 - 24 + 169) \times 88 \leq -14431
x( \theta )=a\sin(p\theta)
q = -e
89 \times ((155 \times 50) \div 132) \neq -1372
\sin (nx)
\theta \rightarrow - \theta
q + 1
(18 + 22) \div 92 \neq 0
14 \times 87 \neq -196
y \neq x
148 - 141 \neq -4
12 \div 75 \geq 0
(2-1)
126 - 48 = 78
w = x+iy
((26 \div 128) + 50) - (183 \div 29) \neq -6
\alpha(t)
19 \times 7 \leq 133
\sin(x)
26 \pm (109 + 119 - 82) \div ((169 - 123) + (20 \div 175))
h(-r)=h(r)
186 \pm 6 + 98 + 176 + 92
k=f(a+h)-f(a)
h = l + m + n
f+g
-2x
67 - 132 - 181 - 194 = -52
((117 \times 54) \div (141 \times 124)) - ((70 \div 193) \div 159) \geq 0
x( \theta )=a\sin(\theta)
f(x) = 7x - 3
(166 + (93 \times 67)) - (64 + 127 + 176) \leq 6030
((56 \times 52) \div 135) + (34 - (74 \times 92)) \geq -6752
7 \times 154 \neq -1362
q\rightarrow0
\theta + \pi
(47 \times 111) + 85 \geq 5301
a+c=b
3n-5
h(\theta)
0 \pm 52 \times (169 + 196 - 58)
n-i
y = z x
c(0) = 1
t \rightarrow \infty
y(\phi)
(1-j)(m-n) = (-1-j)a+jb+c
ax + by + cz + d=0
e = 2
0 \pm 145 - 35
f=g
((31 \div 52) - (21 \div 120)) \times 102 \geq 42
X\rightarrow p\rightarrow q
\sin (a - b) = \sin a \cos b - \cos a \sin b
100 \pm 15 \times 16
1+2+3+\ldots+(n-1)+n
(n+3)
\pm i a
10 + 67 \leq 77
1 \leq e \leq v
X(z)
u(n+1)
((98 + 150) + (76 \div 16)) + ((97 \div 92) \times 151) \neq 326
x - n
z= f(u) + g(v)
p = 2n - 1
32 \pm 12 \times 15
z=0
(51 - 53 + 31) - ((186 \times 21) \times (161 \div 103)) \neq -8248
\gamma = \pi-\alpha-\beta
r = \alpha(\theta) \pm d
\cos(a+b)= \cos(a) \cos(b) -\sin(a) \sin(b)
30 - 180 + 70 \neq 294
t\neq 0
t=\frac\pi 2
(\gamma )
c-\alpha u
7 \pm (111 \div (28 + 23)) \times ((53 + 187) \times (179 \div 147))
X \leq y
189 \pm 159 \times (50 \times 99)
172 - 111 - 55 - 187 \neq -83
X\rightarrow Y
40 - (134 - (144 \div 154)) \geq -93
3a + 2 \leq 5
x \times (- \infty)
12 \pm ((29 \times 6) + 22) + ((47 \times 133) - (86 - 187))
n \log(n)
n-1
m(n-1)
(2 + 3i)
(X-a)(2X-b)
n = 0
83 \pm ((179 \div 23) - (149 + 151)) \div 88
(X-1)\times c
59 + 53 \neq -65
g(y)=1
146 \times (101 + 157 - 181) = 11242
n\times d
ac=1
f(h)
120 - 14 - 107 \leq 213
179 \times ((10 - 77) \times (21 + 102)) \geq -1475139
37 \times 45 \geq 1664
(nxm)
bd=Y
(m\times p)
192 - 166 \neq 12
\exists x
(166 - 122 + 32) + ((106 \div 30) \div (30 \div 18)) \geq 77
a + bm
76 \pm (102 + 150) \times 56
60 - 136 \geq -76
(2-1-1)
10x = 3
\alpha x(t)
b \neq 0
(72 \div 151) \div (10 \times 152) \leq 0
x+dx
58 + 4 \geq 61
f(n)=2+0= 2
102 + 72 \geq 173
y=\sin(t)
\sin(- x) = -\sin(x)
y+16=x
(81 + (38 + 107)) \div 151 \leq 78
199 - 151 = 48
(n-1)
157 \times (50 \times (89 \times 18)) = 12575700
\pi r l
(193 - (197 \times 153)) \times 77 \neq -67534
\cos(a)\cos(b)
u \neq 0
15 \pm (12 - 10 - 29) \div 161
\sin(\pi z)
a+b
34 \pm 89 \times 128
197 + 143 \geq 339
a + 0 = 0 + a = a
d = r
c(\pi)
108 - (22 \times (17 + 135)) = -3236
138 + 3 + 21 + 166 \leq 328
96 \times (0 - 53) \geq -5088
k \rightarrow \infty
125 - 86 \neq 38
k = 239
125 + 16 \neq 254
x = r \cos \theta
(56 \times (81 \div 141)) + (22 - 5) \geq 48
e=0
h(a)=h(b)
1 \times 7 \times 13 \times 19 = 1729
o(h)
\beta = 1
(21 - 128) \times ((25 - 55) \times 50) \geq 160499
2\neq 0
\phi(n)
r(s)
25 - 82 \leq -56
h(t)
p = n \times m
1+1=2
24 - 151 = -127
\phi(p)
\cos(\alpha)
(83 + 84) \div (138 + 183 + 99) \neq 0
n=34
170 \pm 8 \times 109
3\times 4\times 5\times 6=360
33 \times 163 \neq 3144
k=-1
2mn - m - n
b = 4
111 - 180 - 197 \leq -265
\phi(s)
x(6 - x) \leq 2x - 5
36 - 73 + 175 \leq 138
1 = -1
((65 + 197) \div 12) \div 190 \neq 0
p = 4m + 1
y(\alpha)=\alpha \theta(\alpha)
118 \times 120 \neq -7084
2\pi n
3 - ((37 \div 15) - (189 - 117)) \geq 72
a(l)
a(n) = 3a(n-1) + 4a(n-2)
f(0)=0
((128 \times 82) \times 96) \times 17 = 17129472
\beta(x)
125 \pm 140 + ((154 - 42) \times 178)
r\sqrt 2
123 \pm (185 \div (36 \div 64)) \div 122
25 = 1+3\times 8 = 1 + 3 \times(2 + 3 \times 2)
(1-j)
179 - 169 - 96 + 151 \geq 64
6+2b=12+6
((168 \times 73) - (189 \div 45)) - 5 \neq -7922
\alpha \rightarrow f(\alpha)
a \times 0 = 0 \times a = 0
y=x\times x
14 \pm 173 + 86 - 61 + 178
119 \div (16 - 46) \leq -3
6 \times 6 = 4 \times 9
100 + 189 \neq -81
c-a
129 \div 173 \leq 1
q = u 1 + v i + w j + x k
f(z)
q = (1 - p)
70 - (49 + (19 \times 22)) \geq -397
\alpha\times\beta
x \leq y
(175 \times 132) - 184 \leq 22916
a \pm i b
3\times(4\times x+1)\times (5\times x\times y-2)\times z
62 \pm 100 + (3 \times (0 + 40))
\theta(1)
p=\frac 1n
f(x)=-x
\forall x \in X
d=2
(175 \div (129 + 163)) \div 28 \leq 0
n=163
179 \times 188 = 33652
u = 3 j
k \leq 4
\cos(\beta)=\sin(\alpha)
\log(2)
181 + 22 \geq 202
((18 \div 123) + 123) \times (107 + (100 \div 142)) \geq 13262
f(z)-1
42 \times 172 \geq 7223
i=0
(24 \times 36) + 18 \leq 882
148 \pm 45 + ((191 \times 1) + (77 - 108))
5 \sqrt 5 + 2 \sqrt 2
103 \pm (67 \div 175) \times 153
x=\sin(y)
107 + (82 \div 108) \neq -90
x = 3
2y - 3 = 7
b i + c j + d k
114 \pm 51 \div ((162 - 110) \div (23 \times 1))
a=b=c
6n(n - 1) + 1
(1-u)
n \sin\alpha
au+bv=1
30 \pm ((165 \div 5) - 111) + 166
x = -a
173 \pm ((198 \times 114) - (158 - 166)) \times 110
((40 \times 102) \times 195) - (82 \times (142 \div 13)) \leq 794704
c = 13
k=459
\cos (\pi+t)=-\cos (t)
(k-1) \theta
96 \pm 6 + 43 + 159 + 17 - 15
(2l+1)
166 - 31 = 135
n = k+1
46 \pm 171 + 190
\theta = \phi
x = 1
p = a+b+c
69 + 42 = 111
X=Y+1
x+a = y+a
136 \times (60 - 196 + 188) \geq 7071
f(x) = 4x(1-x)
a+0=a
\beta = \cos(\theta)
\alpha = \beta
y=x+3
1-x
0+0=0
f(x) \leq g(x)
x \times (+ \infty)
(132 + 129 - 44) \div 102 \neq -2
yz=zy
2\pi xy=t
\alpha b + \beta =0
X=-\frac pe
j = s
196 + (157 \times 67) \geq 10714
y=v\sin(u)
y = ax + b
2ik\pi
4 + 4 + 2 \times 6 = 20
60 - 72 + 59 + 95 \geq 141
r \sin\theta
((13 \times 146) - 124) - 19 \geq 1754
127 \times (149 \div 81) \geq 233
p = n - k
dx + ey +f =0
a(t+1)
14 + 54 - 116 \neq -12
(n + 2)
y(t)-ax(t)
ab + nc = 1
ab=2
181 \pm (129 + 117) \div (61 + 180)
x = 3i
u=1-m
1 + (d+1)(r-1)
b(1)
n=k+2t
99 \times 182 = 18018
r = \alpha(\theta)
\sin(\pi - \theta) = \sin(\theta)
ua + vb = 1
x + y
h(z)
((72 \times 113) \times 56) - (82 \times 96) \geq 447743
z-2
mn-1
2 \times 3
14 + 61 = 75
(196 \times (71 \div 166)) - 36 \neq 65
Y=0
135 \div 119 \geq 0
((95 - 86) \times 35) \times 197 \neq -37879
\alpha+\gamma = \beta
y(0) = 1
t = 18
((7 \div 3) \div 187) - 70 \neq -28
198 \pm ((59 \times 30) - 90) - 188
\cos(- x) = \cos(x)
139 \pm (184 \times (54 + 102)) + ((178 \div 169) + 27)
ad - bc \neq 0
145 \times ((98 \times 54) + 198) \geq 796049
4ac
20 + 49 + 4 + 109 - 83 \neq -42
k = 1
133 + 145 \neq -88
x=b
z \pm ct
(122 \div (197 + 94)) + ((126 \div 0) \times (179 - 97)) \neq 2147483647
r(l) = \infty
((12 \div 10) \div 4) - 106 \neq 174
\pi-t
i = f(u)
a \leq x \leq b
q = a 1 + b i + c j + d k
h(\theta)=0
143 \pm 191 \times 7
2j+1
24 - 43 \neq 18
r=\alpha
99 \pm (90 - 13) \times 82
166 - 147 - 56 = 75
z(X)
(m+1)\times(n+1)
2n=40
m + i
7 \times 73
a b c d
65 \times 197 \leq 12805
XY = YX
178 + 61 \neq 565
\beta = \pi
i = i + 1
144 \div (6 \times 124) \geq 0
131 \pm (172 \times (28 \times 59)) + (73 + 61)
y-x
(n \times n)
189 \pm (124 \times 100) + 147
\frac a x = b
95 + ((138 \div 36) \div (86 \div 131)) \leq 101
ap + bq
x \rightarrow a
y = 0
((3 - 90) - (149 \times 37)) - ((129 - 78) \div 15) \geq -5603
x - y = x -y
\pi-e
60 - 142 - 58 \leq -139
k \times n
((57 + 88) \div 45) \times ((104 + 171) \div 77) \geq 11
f(z) \neq 0
8\times 8=64
((51 \div 26) \times 143) + 79 \neq -91
a+b+c
38 + 147 \leq 185
((151 + 23) - (183 \times 126)) + 153 = -22731
31 + 54 = 85
r=r(\theta)
\theta(x)
((126 \times 130) \times 162) \div (168 - 161 - 32) \neq -11542
x(t) = x(t-1)
i(t)
f(0)=f(1)=x
93 + 62 + 79 \neq -126
184 \div (126 \times 37) \leq 0
p(z)
167 \pm 137 + 159
152 + 156 \geq 307
q = - 35
9 \pm 48 - ((181 - 94) \times 77)
n=1
y(z)
47 - 64 \leq -16
872-91=881-100=781
59 - 135 + 125 \geq 48
((190 \div 196) \times (165 - 100)) \div (73 + (91 \times 97)) \leq 0
t = (2n+1) x
f(y)
183 \times 99 \geq 18116
po\beta
155 \pm ((11 \div 83) \div 94) \times ((24 \times 86) \times (97 \times 136))
q = 1+\alpha(1-\cos \theta)
184 + 176 + 13 - 98 \leq 275
(41 + (114 \div 90)) \times 69 \neq -8535
Y=X+a
x(x(xx)) = (x(xx))x = (xx)(xx)
k+1
X-2
a = c
x + (-x) = 0
141 + 160 = 301
n = 255
(39 \div 40) + (168 \times 122) \leq 20497
(n + 1)\times(m + 1)
a+b+c=0
m \leq m-r
45 \times (39 \div 126) \neq 32
y \neq 0
p(b)
n(n+1+\alpha+\beta)
\gamma(0) = x
p+1+2\sqrt p
c = 12
77 + 113 \geq 189
a \neq -1
(ab)
\cos(nx)
c=c+1
0 \pm 186 + 33 - 170 - 63
y+16
85 - 187 + 67 - 45 - 80 \neq -14
95 \pm 119 \times (187 \div (39 + 24))
\beta(u)
a = \alpha + i\beta
252 = 28 \times 9
n+1
57 + 117 \geq 173
i\leq k-1
k=2
((111 - 190) + (31 \times 122)) \div ((96 \times 143) + (37 + 145)) \neq 0
(158 \times 98) - 162 = 15322
m = -1
54 - 127 \leq -72
x = 2 \times 70 + 3 \times 21 + 2 \times 15 = 233
18-19
7 \times 5 = 7 + 7 + 7 + 7 + 7 = 35
wc = vb
((8 \div 130) \div (190 \times 12)) \times ((86 + 147) - (84 \div 0)) \neq 2147483647
x - y
o(1)
72 \pm 78 - 187 + 0
d-1
((42 \times 193) \times (46 \times 197)) \times 31 \neq -1321701656
(y + z) \times x = (y \times x)+(z \times x)
154 \times 186 \leq 28644
168 \pm (171 - 6) \div (24 \div 174)
f(x) \leq 0
(26 \times (109 + 4)) + (95 - 145 - 149) = 3037
25 \times 100 \geq 2499
2 \pi r h
189 \pm 66 + ((169 \div 49) - (17 \div 76))
b-(a-b)
p(t)
(4 \times 157) \times 65 \neq 24531
(1-j)m = c-ja
\pi+e
151 \times 148 \leq 22348
z-1
x -x = 0
n-2=3
129 + 136 = 265
\alpha=1
f(c) = 0
f(x) = -4
2 + 111 + 40 - 185 + 47 \neq 12
141 - 57 \leq 84
141 - 57 \leq 84
s(t)
f(u)=k
103 \pm 144 + 113 + 27
2 \times 2-2 \times 1-2 \times 1=2 \times 1-1 \times 1-1 \times 1
u(a)=u(b)=0
192 \pm 182 - 43
110 - 84 \neq 1
\alpha + 0 = \alpha
u = f(x)
\beta(z)
\alpha(z)
46 \pm 172 \div (36 \div (146 \div 149))
0\leq p \leq 1
136 \times (80 \times 23) \leq 250240
131 + 179 \neq -134
160 \pm 110 \times 46
c = 4
151 \pm 58 - 162
p=2r+1
78 \pm 53 - 161
f(i)
x + n
s = 3
95 \times 47 \leq 4465
r\rightarrow 0
-\sin x
\gamma = \infty
n=5
1 + 19 - 147 + 100 = -227
sn = 1
v(x)=\infty
18 \times 70 = 1260
174 \div 7 \leq 25
(p+q) \times (p+q)
177 + 153 - 172 \leq 158
a = 3
75 - 35 - 86 + 96 \geq 221
65 \pm 56 \times ((58 + 87) \times (110 \div 35))
((104 - 162) \times 152) \times (79 + 106) \geq -1630960
v(x)
a(u)
h = - r
36 \times 137 = 4932
130 \pm ((115 \div 148) - (140 + 60)) \times ((177 - 179) - (170 \div 75))
y = a - b \cos(\theta)
y=z
154 + 13 \leq 167
g(x) =\frac 1x
148 \times 133 \leq 19684
h(y)=1
(2m-1)=9
9 \pm 98 - (28 \times 159)
\int dx
162 \pm (82 \div 175) - 78
143 \div 178 \geq 0
192 \times 183 = 35136
m = m + i - e
q \times p
83 \pm 164 + (11 + (166 \times 30))
d = kb
(121 + (120 \times 5)) \times (193 \times 27) \geq 3757130
a = -1 \times 9
7\times 2
\alpha\beta0
y \in Y
143 \pm (124 \times (31 - 35)) \div 135
3\times e
65 + (140 \times 181) = 25405
f(y)=ay(1-y)
2m-m=m
(22 + 197 + 138) \times 20 \geq 7139
m-g+1
c(s)
68 \pm 171 \div 133
8 \times 5 = 40
154 \pm ((133 \times 31) + (1 - 193)) \times 165
X \rightarrow k
g(x+4)=g(x)
k = n + m
86 \pm 179 + 173
79 \pm (151 \times (153 + 129)) - (46 + 30)
\gamma(t)
2 + 2 = 4
v(1)=v(-1)=0
x= c \times \beta
k(x) = g(x)
38 + 61 \leq 99
88 + 122 = 210
n=1500
7 + 140 = 147
y=b+ie
\pi(x) = m
45 - 152 + 149 \neq -98
(a x) (b y) = (a b) (x y)
r (0)
174 + 43 = 217
((93 + 172) - (78 \times 26)) - (62 \times 81) \geq -6785
\sin(nx)=0
f(0) = -1
113 + (75 \div (121 \times 51)) \geq 112
95 - 135 \neq -5
\alpha(c)
z=x+i
110 - 175 \geq -65
\sin (a + b) = \sin a \cos b + \cos a \sin b
q+s =n
1 - 39 \neq 46
3-\alpha
d(t)
(55 - 140 - 168) \times ((76 \div 77) - (162 \times 68)) \neq -116435
a+b = b
0\leq l\leq k
(122 - 103 + 141 - 33) \times ((22 \times 92) - (65 - 113)) \leq 263144
48 \pm 159 + 131
111 + 48 + 51 \neq -148
127 + 85 - 198 \geq 13
89 + 27 \leq 116
q \neq 1
a\leq b
(198 + 188) \times 158 \neq 2512
2mgl
28 + ((173 + 12) \times 9) = 1693
n(n+1)
197 \times (47 + 130 + 1 + 123) \leq 59297
125 + (30 + (34 \div 134)) \leq 155
5+9+5=19
123 \pm 95 + 125
(iii)
((54 \times 109) \times 185) \times 158 \leq 172047780
89 \times (163 \times 40) \leq 580280
(n-2)\times (n-2)
117 \pm 85 \div 109
k=k+1
(111 + (60 \times 191)) - (51 \times 114) \leq 5757
76 \pm (27 - 168) \div (192 + 138 - 159)
2k+1
u(x) = a(x+1)
((149 \div 120) \div 61) \div ((5 + 143) \times (159 - 58)) \neq 0
h(t)=0
(141 - 19 + 96 - 71) \times (100 \times (15 \times 9)) = 1984500
f(x) = f(y)
\cos(\beta)
\beta \cos(\theta)
187 \pm (153 \times (40 - 41)) - (76 \times 162)
1245\times 26 - 279 \times 116 = 6
135 \div (70 - 39 - 143) \neq 2
z=r(\cos\theta+i\sin\theta)
170 \pm 3 \div (156 + 180)
y = a\times x
6 \times n + 1
((180 - 0) \times (108 + 55)) \times 62 = 1819080
37 + 10 \leq 47
(x-2)
0=6(x-2)(x+1)
(46 \div (10 - 189)) \times 144 \neq -3
non(\phi)
\cos(2t)
135 \div (70 - 39 - 143) \neq 2
z=r(\cos\theta+i\sin\theta)
d(x + y)
107 - 110 - 60 \geq -63
q = a + bi + cj + dk
d(f)
50 \pm 151 \div 44
f(u)=f(u+0)=f(u)\times f(0)
f(x+r) = f(x)
p(x)\leq 1
116 \pm (114 \div 196) - 19
93 \times 67 \neq 4755
((8 \times 96) \times (96 + 193)) - 113 \geq 221838
117 \pm 173 \times 33
1 + 0i
134 + (61 \times 66) \geq 4159
1 \times 97 \geq 96
60 = 2 \times 2 \times 3 \times 5
165 \pm 117 - ((17 \times 177) \times 124)
u=\cos(t)
u\times v
a - 1 = n
\theta(t)
2\times e
f(r) = 0
97 - 187 \geq -90
Y(u)
8 + 104 - 8 = 104
-3x
q(t)
2 - 5i
f (x)
194 \div (130 \div (86 \div 47)) \leq 3
2x = f + y
\cos\theta = \beta
((124 \div 106) + 132) + ((16 - 145) \times (100 \times 120)) \geq -1547867
196 + 68 + 7
6a + 2b = 2x + y
f(st)=f(ts)
x=61-5=56
\sum d(s)=2a
r \cos\theta
p = k + 1
n\rightarrow \infty
(x+3)x
t = 8
65 + 28 + 151
(148 - 47) \times 62 \leq 6262
w=xyz
2i \pi
g(x)-t
69 \times 15 = 1035
(1 + (47 \times 30)) \div ((49 \times 92) + 91) \neq 0
ay + bx = c
((152 + 60) \div 51) \times 163 \neq -420
29 \div ((163 \div 146) \div 104) \leq 2701
X=x+iy
a=-1
3x + 5 = 15
h(a) = h(b) = 0
136 - 91 + 147 \geq -102
y(x) = 0
(62 \times (144 - 55)) \times ((143 \times 162) - 32) \geq 127653411
w(z) = 1
\alpha = 3
(27 \times (161 + 51)) + ((131 + 177) \div 144) \geq 5725
2\pi f
f(x)\leq a
lh+lk
(130 \times (125 \times 85)) + 152 = 1381402
x ( y + z) = x y + x z
a + b + c + d + e
\sin x - \sin y - \sin \left( x - y \right)
a + b + c + d + e
\sin x - \sin y - \sin \left( x - y \right)
a + b + c + d + e
\sin x - \sin y - \sin \left( x - y \right)
a + b + c + d + e
\sin x - \sin y - \sin \left( x - y \right)
a + b + c + d + e
\sin x - \sin y - \sin \left( x - y \right)
a + b + c + d + e
\sin x - \sin y - \sin \left( x - y \right)
a + b + c + d + e
\sin x - \sin y - \sin \left( x - y \right)
a + b + c + d + e
\sin x - \sin y - \sin \left( x - y \right)
a + b + c + d + e
\sin x - \sin y - \sin \left( x - y \right)
a + b + c + d + e
\sin x - \sin y - \sin \left( x - y \right)
a + b + c + d + e
\sin x - \sin y - \sin \left( x - y \right)
a + b + c + d + e
\sin x - \sin y - \sin \left( x - y \right)
a + b + c + d + e
\sin x - \sin y - \sin \left( x - y \right)
a + b + c + d + e
\sin x - \sin y - \sin \left( x - y \right)
a + b + c + d + e
\sin x - \sin y - \sin \left( x - y \right)
a + b + c + d + e
\sin x - \sin y - \sin \left( x - y \right)
a + b + c + d + e
\sin x - \sin y - \sin \left( x - y \right)
a + b + c + d + e
\sin x - \sin y - \sin \left( x - y \right)
a + b + c + d + e
\sin x - \sin y - \sin \left( x - y \right)
a + b + c + d + e
\sin x - \sin y - \sin \left( x - y \right)
a + b + c + d + e
\sin x - \sin y - \sin \left( x - y \right)
a + b + c + d + e
\sin x - \sin y - \sin \left( x - y \right)
a + b + c + d + e
\sin x - \sin y - \sin \left( x - y \right)
a + b + c + d + e
\sin x - \sin y - \sin \left( x - y \right)
a + b + c + d + e
\sin x - \sin y - \sin \left( x - y \right)
a + b + c + d + e
\sin x - \sin y - \sin \left( x - y \right)
a + b + c + d + e
\sin x - \sin y - \sin \left( x - y \right)
 44 
 R 
 \mu 
 i 
 31 
 \log 5 
 V 
 9 
 q 
 02 
 4862 
 77 
 Y 
 0 
 \left ( S \right ) 
 i 
 L 
 72 
 n 
 c 
 p 
 20 
 \left ( M \right ) 
 \sigma 
 \left ( 6 \right ) 
 \left ( 5 \right ) 
 X 
 \cos I 
 m 
 5 
 \sin 5 
 \sin \gamma 
 3 
 E 
 9 
 4 
 t 
 \pi 
 6 
 m 
 \mu 
 \left ( V \right ) 
 \cos \left ( 0 \right ) = 1 
 g 
 b 
 z 
 y 
 8 
 z 
 2 
 87 
 m 
 v 
 i 
 R 
 \left ( 2 \right ) 
 0 
 \sin p 
 975 
 t 
 \cos \left ( 0 \right ) = 1 
 t 
 6 
 p 
 \sigma 
 G 
 \left ( 2 \right ) 
 \gamma 
 e 
 9 
 1 
 \left ( 2 \right ) 
 4 
 76 
 V \left ( \int T dz \right ) 
 l 
 z 
 i 
 s 
 \cos 2 
 t 
 j 
 66 
 \cos \left ( 0 \right ) = 1 
 6 
 441 
 2 
 6 
 30 
 5 
 \gamma 
 R 
 9 
 V 
 \cos 2 
 \pi \left ( p \right ) 
 R 
 7 
 \sigma 
 \left ( 3 \right ) 
 \left ( v \right ) 
 y 
 \int \left ( x \right ) dT 
 11 
 \left ( \int t dd \right ) 
 \cos \left ( 0 \right ) = 1 
 31 
 \log v 
 \tan 9 
 o 
 \phi 
 \alpha 
 f 
 \tan s 
 a 
 p 
 \theta 
 \cos 3 
 83 
 g 
 \mu 
 8 
 \int \sigma dg 
 b 
 z 
 7 
 \cos \left ( 0 \right ) = 1 
 22 
 \pi 
 Y 
 N 
 \pi 
 2 
 4 
 \sigma 
 x 
 \left ( \lambda \right ) 
 t 
 5 
 h 
 959 
 1 
 P 
 x 
 0 
 55 
 \cos 5 
 79 
 7 
 23 
 2 
 \sigma 
 H 
 o 
 \mu 
 f 
 4 
 4 
 9 
 3 
 q 
 4 
 E 
 \int 9 dB 
 83 
 x 
 15 
 4 
 96 
 m 
 X 
 22 
 p 
 \sigma 
 b 
 Y 
 \gamma 
 j 
 \pi 
 69 
 X 
 \mu 
 2 
 1 
 1 
 u 
 q 
 \left ( 6 \right ) 
 \mu 
 \pi 
 4 
 s 
 j 
 \alpha 
 6 
 1 
 33 
 \beta 
 \sigma 
 0 
 20 
 5 
 4 
 36 
 i 
 \Delta 
 t 
 H 
 N 
 \left ( 606 \right ) 
 Y 
 \cos \left ( 0 \right ) = 1 
 \pi 
 \int w dN 
 i 
 6 
 a 
 t 
 \alpha 
 g 
 1 
 7 
 u 
 q 
 \beta 
 \left ( E \right ) 
 N 
 t 
 \pi 
 \alpha 
 h 
 a 
 7 
 2 
 20 
 \alpha 
 9 
 5 
 8 
 4277 
 \pi 
 r 
 33 
 m 
 \int \alpha d \Delta 
 80 
 e 
 \pi 
 \int l dt 
 \pi 
 b 
 1 
 6 
 t 
 \lambda 
 \alpha 
 S 
 X 
 m 
 o 
 c 
 r 
 v 
 \phi 
 \theta 
 T 
 9 
 4 
 0 
 \sigma 
 l 
 5 
 \lambda 
 5 
 06 
 G 
 s 
 \left ( 9 \right ) 
 \log \Delta 
 \lambda 
 t 
 o 
 \sigma 
 0 
 05 
 55 
 q 
 C 
 p 
 \sigma 
 Y 
 \cos \left ( 0 \right ) = 1 
 j 
 \sin 9 
 \pi 
 s 
 1 
 3 
 \sin y 
 26 
 z 
 35 
 p 
 6 
 j 
 \beta 
 57 
 \beta 
 0 
 5 
 \alpha 
 \cos \left ( 0 \right ) = 1 
 a 
 25 
 j 
 h 
 R 
 s 
 a 
 t 
 j 
 z 
 537 
 m 
 21 
 z 
 1 
 t 
 99 
 x 
 \Delta 
 \sigma 
 B 
 \log \phi 
 R 
 f 
 b 
 \beta 
 \int 6 df 
 \pi 
 \alpha 
 80 
 m 
 y 
 x 
 h 
 t 
 \cos \left ( 0 \right ) = 1 
 9 
 A 
 s 
 36 
 5 
 \left ( 9 \right ) 
 p 
 \alpha 
 0 
 84 
 \left ( \left ( \lambda \right ) \right ) 
 i 
 \phi 
 t 
 1 
 2 
 938 
 41 
 \sin z 
 5 
 4 
 t 
 \cos \left ( 0 \right ) = 1 
 i 
 \alpha 
 4 
 \mu 
 o 
 I 
 G 
 C 
 p \left ( j \right ) 
 5 
 T 
 a 
