sum_{i = 2 n + 3 m}^{1 0} i 
frac 2 {\frac {3 m - 2 n \times 9^n - 9^m} {2 n - 1}
frac 2 {\frac {3 m - 2 n \times 9^n - 9^m} {2 n - 1}
frac{\sin \theta + \cos \theta + \tan \theta}{x + y + z
sqrt {1 + \sqrt {2 + \sqrt {3 + \sqrt 4}}
sin x - \sin y - \sin \left( x - y \right
lim_{x \rightarrow - 1} \frac{x^{3} + 1}{x + 1
 + b + c + d + 
^{i + 2 j \times k^{3} - 2 \frac{j}{i}
sum_{i = 2 n + 3 m}^{1 0} i 
_x^x + y_y^y + z_z^z - x - y - 
pi \int_c^d \{ g ( y ) \}^2 d 
 b^x \{ ( \frac a b )^x + 1 \} ]^{\frac 1 x
frac{\sin B + \sin C}{\cos B + \cos C
_{1} - x_{2} + y_{1} - y_{2} + z_{1} + z_{2
_{1} + x_{2} = x_{3
sin x - \sin y - \sin \left( x - y \right
_1^2 + 1^z - z_2^2 + 2^
log_2 \frac 1 2 + \log_4 \frac 2 
_{i} - x_{i + 1} + x_{i + 2
sqrt {1 + \sqrt {2 + \sqrt {3 + \sqrt 4}}
frac{2 \tan \alpha}{1 - \tan^{2} \alpha
log_2 \frac 1 2 + \log_4 \frac 2 
_{i} - x_{i + 1} + x_{i + 2
int_a^b \frac {\sqrt x} 2 d 
 + b + c + d + 
lim_{x \rightarrow \frac{\pi}{2} + 0} \tan x = - \inft
int \left( 2^{x} - 3 e^{x} \right) d 
sqrt{x - y - z + x^{2} + y^{2} + z^{2}
 = \sqrt {a + \frac 1 {\sqrt {a + \frac 1 {\sqrt a}}}} + \sqrt 
sqrt{x - y - z + x^{2} + y^{2} + z^{2}
lim_{x \rightarrow - 1} \frac{x^{3} + 1}{x + 1
frac 2 {\frac {3 m - 2 n \times 9^n - 9^m} {2 n - 1}
sin x - \sin y - \sin \left( x - y \right
log_{2} 8 + \log_{3} 9 + \log_{4} 1 
log_2 \frac 1 2 + \log_4 \frac 2 
lim_{x \rightarrow \frac{1}{4}} \frac{1 - 4^{x - \frac{1}{4}}}{1 - 4 x
 = \sqrt {a + \frac 1 {\sqrt {a + \frac 1 {\sqrt a}}}} + \sqrt 
^{i + 2 j \times k^{3} - 2 \frac{j}{i}
frac{1}{a} F \left( a x + b \right) + 
^{i + 2 j \times k^{3} - 2 \frac{j}{i}
^{i + 2 j \times k^{3} - 2 \frac{j}{i}
int_{\log 3}^0 \frac 1 {e^t + 1} d 
sqrt{x - y - z + x^{2} + y^{2} + z^{2}
frac{1}{a} F \left( a x + b \right) + 
log_2 \frac 1 2 + \log_4 \frac 2 
sum_{i = 2 n + 3 m}^{1 0} i 
_{n} = F_{n - 1} + F_{n - 2
int_a^b \frac {\sqrt x} 2 d 
lim_{x \rightarrow \frac{\pi}{2} + 0} \tan x = - \inft
sum_{i = 2 n + 3 m}^{1 0} i 
_{1} + x_{2} = x_{3
 = \sqrt{a + \frac{1}{\sqrt{a + \frac{1}{\sqrt{a}}}}} + \sqrt{b
pi \int_c^d \{ g ( y ) \}^2 d 
_{n} = F_{n - 1} + F_{n - 2
log_2 \frac 1 2 + \log_4 \frac 2 
^{2} + y^{2} \lt 
_1 \times x_2 \times x_3 \times x_4 = 
log_{2} 8 + \log_{3} 9 + \log_{4} 1 
int_a^b \frac {\sqrt x} 2 d 
_{1} + x_{2} = x_{3
frac{2 \tan \alpha}{1 - \tan^{2} \alpha
 \frac 2 3 x^{\frac 3 2} ]_0^
sqrt{x - y - z + x^{2} + y^{2} + z^{2}
frac{\tan \alpha - \tan \beta}{1 + \tan \alpha \tan \beta
pi \int_c^d \{ g ( y ) \}^2 d 
frac{2 \tan \alpha}{1 - \tan^{2} \alpha
_1^2 + 1^z - z_2^2 + 2^
pi \int_c^d \{ g ( y ) \}^2 d 
sin^{2} \theta + \cos^{2} \theta = 
 \frac 2 3 x^{\frac 3 2} ]_0^
sum_{i = 2 n + 3 m}^{1 0} i 
sum_{i = 2 n + 3 m}^{1 0} i 
sqrt{b^{2} - 4 a c
pi \int_c^d \{ g ( y ) \}^2 d 
sqrt {1 + \sqrt {2 + \sqrt {3 + \sqrt 4}}
frac{\sin \theta + \cos \theta + \tan \theta}{x + y + z
sqrt{1 + \sqrt{2 + \sqrt{3 + \sqrt{4}}}
log_2 \frac 1 2 + \log_4 \frac 2 
int_{\log 3}^0 \frac 1 {e^t + 1} d 
frac{\sin \theta + \cos \theta + \tan \theta}{x + y + z
int \left( 2^{x} - 3 e^{x} \right) d 
_{1} - x_{2} + y_{1} - y_{2} + z_{1} - z_{2
frac{\tan \alpha - \tan \beta}{1 + \tan \alpha \tan \beta
_{1} + x_{2} = x_{3
lim_{x \rightarrow - 1} \frac{x^{3} + 1}{x + 1
log_2 \frac 1 2 + \log_4 \frac 2 
pi \int_c^d \{ g ( y ) \}^2 d 
sqrt {1 + \sqrt {2 + \sqrt {3 + \sqrt 4}}
 = \sqrt{a + \frac{1}{\sqrt{a + \frac{1}{\sqrt{a}}}}} + \sqrt{b
 = \sqrt{a + \frac{1}{\sqrt{a + \frac{1}{\sqrt{a}}}}} + \sqrt{b
_1 \times x_2 \times x_3 \times x_4 = 
_{1} + x_{2} = x_{3
lim_{x \rightarrow - 1} \frac{x^{3} + 1}{x + 1
_{1} + x_{2} = x_{3
 b^x \{ ( \frac a b )^x + 1 \} ]^{\frac 1 x
_{1} - x_{2} + y_{1} - y_{2} + z_{1} - z_{2
frac{1}{a} F \left( a x + b \right) + 
sum_{i = 2 n + 3 m}^{1 0} i 
_{i} - x_{i + 1} + x_{i + 2
frac{2 \tan \alpha}{1 - \tan^{2} \alpha
left( x^{3} - x^{2} - x \right) \left( 2 x - 7 \right
lim_{x \rightarrow \frac{\pi}{2} + 0} \tan x = - \inft
frac 2 {\frac {3 m - 2 n \times 9^n - 9^m} {2 n - 1}
sqrt {1 + \sqrt {2 + \sqrt {3 + \sqrt 4}}
lim_{x \rightarrow \frac{\pi}{2} + 0} \tan x = - \inft
 = \sqrt {a + \frac 1 {\sqrt {a + \frac 1 {\sqrt a}}}} + \sqrt 
lim_{x \rightarrow \frac{\pi}{2} + 0} \tan x = - \inft
alpha_{n + 1} - 3 \beta = \frac{2}{3} \alpha_{n} + \beta - 3 \bet
lim_{x \rightarrow - 1} \frac{x^{3} + 1}{x + 1
frac{\tan \alpha - \tan \beta}{1 + \tan \alpha \tan \beta
log_2 \frac 1 2 + \log_4 \frac 2 
frac{\sin \theta + \cos \theta + \tan \theta}{x + y + z
left( z^{\frac{n}{2}} + y^{\frac{n}{2}} \right) \left( z^{\frac{n}{2}} - y^{\frac{n}{2}} \right) = 
sqrt{b^{2} - 4 a c
left( z^{\frac{n}{2}} + y^{\frac{n}{2}} \right) \left( z^{\frac{n}{2}} - y^{\frac{n}{2}} \right) = 
 0 \times 2 9 x^{2 8
^{i + 2 j \times k^{3} - 2 \frac{j}{i}
pi \int_c^d \{ g ( y ) \}^2 d 
 0 \times 2 9 x^{2 8
_x^x + y_y^y + z_z^z - x - y - 
log_2 \frac 1 2 + \log_4 \frac 2 
log_{2} 8 + \log_{3} 9 + \log_{4} 1 
 \frac 2 3 x^{\frac 3 2} ]_0^
_{i} - x_{i + 1} + x_{i + 2
sqrt{b^{2} - 4 a c
alpha_{n + 1} - 3 \beta = \frac{2}{3} \alpha_{n} + \beta - 3 \bet
frac{2 \tan \alpha}{1 - \tan^{2} \alpha
 = \sqrt {a + \frac 1 {\sqrt {a + \frac 1 {\sqrt a}}}} + \sqrt 
^{2} + y^{2} \lt 
 + b + c + d + 
 = \sqrt{a + \frac{1}{\sqrt{a + \frac{1}{\sqrt{a}}}}} + \sqrt{b
_{1} - x_{2} + y_{1} - y_{2} + z_{1} - z_{2
sin x - \sin y - \sin \left( x - y \right
_1 \times x_2 \times x_3 \times x_4 = 
sqrt {1 + \sqrt {2 + \sqrt {3 + \sqrt 4}}
_{i} - x_{i + 1} + x_{i + 2
sin^{2} \theta + \cos^{2} \theta = 
 b^x \{ ( \frac a b )^x + 1 \} ]^{\frac 1 x
pi \int_c^d \{ g ( y ) \}^2 d 
lim_{x \rightarrow \frac{1}{4}} \frac{1 - 4^{x - \frac{1}{4}}}{1 - 4 x
int_a^b \frac {\sqrt x} 2 d 
lim_{x \rightarrow \frac{1}{4}} \frac{1 - 4^{x - \frac{1}{4}}}{1 - 4 x
sqrt {1 + \sqrt {2 + \sqrt {3 + \sqrt 4}}
lim_{x \rightarrow \infty} \int_0^x e^{- y^2} d y = \frac {\sqrt \pi} 
_x^x + y_y^y + z_z^z - x - y - 
_1 \times x_2 \times x_3 \times x_4 = 
frac{1}{a} F \left( a x + b \right) + 
left( z^{\frac{n}{2}} + y^{\frac{n}{2}} \right) \left( z^{\frac{n}{2}} - y^{\frac{n}{2}} \right) = 
lim_{x \rightarrow \frac{1}{4}} \frac{1 - 4^{x - \frac{1}{4}}}{1 - 4 x
frac{1}{a} F \left( a x + b \right) + 
lim_{x \rightarrow - 1} \frac{x^{3} + 1}{x + 1
 0 \times 2 9 x^{2 8
 0 \times 2 9 x^{2 8
log_{2} 8 + \log_{3} 9 + \log_{4} 1 
^{i \pi} + 1 = 
frac{2 \tan \alpha}{1 - \tan^{2} \alpha
^{i + 2 j \times k^{3} - 2 \frac{j}{i}
sqrt {1 + \sqrt {2 + \sqrt {3 + \sqrt 4}}
sqrt{b^{2} - 4 a c
_{i} - x_{i + 1} + x_{i + 2
_1^2 + 1^z - z_2^2 + 2^
pi \int_c^d \{ g ( y ) \}^2 d 
tan z = \frac{\sin z}{\cos z
int_a^b \frac {\sqrt x} 2 d 
frac{\tan \alpha - \tan \beta}{1 + \tan \alpha \tan \beta
log_{2} 8 = 
lim_{x \rightarrow \frac{1}{4}} \frac{1 - 4^{x - \frac{1}{4}}}{1 - 4 x
left( z^{\frac{n}{2}} + y^{\frac{n}{2}} \right) \left( z^{\frac{n}{2}} - y^{\frac{n}{2}} \right) = 
left( x^{3} - x^{2} - x \right) \left( 2 x - 7 \right
 0 \times 2 9 x^{2 8
int_{\log 3}^0 \frac 1 {e^t + 1} d 
 0 \times 2 9 x^{2 8
int \left( 2^{x} - 3 e^{x} \right) d 
lim_{x \rightarrow \frac{\pi}{2} + 0} \tan x = - \inft
 = \sqrt{a + \frac{1}{\sqrt{a + \frac{1}{\sqrt{a}}}}} + \sqrt{b
 + b + c + d + 
_x^x + y_y^y + z_z^z - x - y - 
log_{2} 8 + \log_{3} 9 + \log_{4} 1 
log_2 \frac 1 2 + \log_4 \frac 2 
lim_{x \rightarrow \frac{1}{4}} \frac{1 - 4^{x - \frac{1}{4}}}{1 - 4 x
lim_{x \rightarrow - 1} \frac{x^{3} + 1}{x + 1
_x^x + y_y^y + z_z^z - x - y - 
 = \sqrt {a + \frac 1 {\sqrt {a + \frac 1 {\sqrt a}}}} + \sqrt 
 + b + c + d + 
frac{2 \tan \alpha}{1 - \tan^{2} \alpha
frac{2 \tan \alpha}{1 - \tan^{2} \alpha
frac 2 {\frac {3 m - 2 n \times 9^n - 9^m} {2 n - 1}
frac{2 \tan \alpha}{1 - \tan^{2} \alpha
sqrt{b^{2} - 4 a c
int_{\log 3}^0 \frac 1 {e^t + 1} d 
_1 \times x_2 \times x_3 \times x_4 = 
left( x^{3} - x^{2} - x \right) \left( 2 x - 7 \right
 + b + c + d + 
pi \int_c^d \{ g ( y ) \}^2 d 
frac{\sin B + \sin C}{\cos B + \cos C
tan z = \frac{\sin z}{\cos z
_1^2 + 1^z - z_2^2 + 2^
frac{\sin \theta + \cos \theta + \tan \theta}{x + y + z
int_{\log 3}^0 \frac 1 {e^t + 1} d 
 \frac 2 3 x^{\frac 3 2} ]_0^
_1 \times x_2 \times x_3 \times x_4 = 
lim_{x \rightarrow \frac{\pi}{2} + 0} \tan x = - \inft
_{n} = F_{n - 1} + F_{n - 2
_{1} - x_{2} + y_{1} - y_{2} + z_{1} - z_{2
lim_{x \rightarrow - 1} \frac{x^{3} + 1}{x + 1
 \frac 2 3 x^{\frac 3 2} ]_0^
 0 \times 2 9 x^{2 8
pi \int_c^d \{ g ( y ) \}^2 d 
^{i + 2 j \times k^{3} - 2 \frac{j}{i}
log_2 \frac 1 2 + \log_4 \frac 2 
_{n} = F_{n - 1} + F_{n - 2
frac 2 {\frac {3 m - 2 n \times 9^n - 9^m} {2 n - 1}
 \frac 2 3 x^{\frac 3 2} ]_0^
lim_{x \rightarrow \frac{\pi}{2} + 0} \tan x = - \inft
_1 \times x_2 \times x_3 \times x_4 = 
sqrt{x - y - z + x^{2} + y^{2} + z^{2}
log_2 \frac 1 2 + \log_4 \frac 2 
 0 \times 2 9 x^{2 8
_{i} - x_{i + 1} + x_{i + 2
sqrt{1 + \sqrt{2 + \sqrt{3 + \sqrt{4}}}
int \left( 2^{x} - 3 e^{x} \right) d 
frac 2 {\frac {3 m - 2 n \times 9^n - 9^m} {2 n - 1}
lim_{x \rightarrow \frac{1}{4}} \frac{1 - 4^{x - \frac{1}{4}}}{1 - 4 x
sin^{2} \theta + \cos^{2} \theta = 
 = \sqrt{a + \frac{1}{\sqrt{a + \frac{1}{\sqrt{a}}}}} + \sqrt{b
frac 2 {\frac {3 m - 2 n \times 9^n - 9^m} {2 n - 1}
 = \frac{- b \pm \sqrt{b^{2} - 4 a c}}{2 a
 0 \times 2 9 x^{2 8
lim_{x \rightarrow \frac{1}{4}} \frac{1 - 4^{x - \frac{1}{4}}}{1 - 4 x
_x^x + y_y^y + z_z^z - x - y - 
_{1} - x_{2} + y_{1} - y_{2} + z_{1} - z_{2
sin x - \sin y - \sin \left( x - y \right
_{i} - x_{i + 1} + x_{i + 2
frac{\sin B + \sin C}{\cos B + \cos C
 0 \times 2 9 x^{2 8
left( x^{3} - x^{2} - x \right) \left( 2 x - 7 \right
log_2 \frac 1 2 + \log_4 \frac 2 
log_2 \frac 1 2 + \log_4 \frac 2 
pi \int_c^d \{ g ( y ) \}^2 d 
lim_{x \rightarrow \infty} \int_0^x e^{- y^2} d y = \frac {\sqrt \pi} 
^{i + 2 j \times k^{3} - 2 \frac{j}{i}
frac{1}{a} F \left( a x + b \right) + 
frac{\sin B + \sin C}{\cos B + \cos C
int \left( 2^{x} - 3 e^{x} \right) d 
left( x^{3} - x^{2} - x \right) \left( 2 x - 7 \right
log_{2} 8 + \log_{3} 9 + \log_{4} 1 
_{1} + x_{2} = x_{3
frac{1}{a} F \left( a x + b \right) + 
_{i} - x_{i + 1} + x_{i + 2
sqrt{b^{2} - 4 a c
 + b + c + d + 
_{1} - x_{2} + y_{1} - y_{2} + z_{1} - z_{2
sqrt{b^{2} - 4 a c
log_2 \frac 1 2 + \log_4 \frac 2 
int \left( 2^{x} - 3 e^{x} \right) d 
frac{\sin \theta + \cos \theta + \tan \theta}{x + y + z
_{1} + x_{2} = x_{3
 b^x \{ ( \frac a b )^x + 1 \} ]^{\frac 1 x
frac{2 \tan \alpha}{1 - \tan^{2} \alpha
sum_{i = 2 n + 3 m}^{1 0} i 
frac{\sin B + \sin C}{\cos B + \cos C
_1 \times x_2 \times x_3 \times x_4 = 
_x^x + y_y^y + z_z^z - x - y - 
 b^x \{ ( \frac a b )^x + 1 \} ]^{\frac 1 x
log_{2} 8 + \log_{3} 9 + \log_{4} 1 
_{1} - x_{2} + y_{1} - y_{2} + z_{1} - z_{2
sum_{i = 2 n + 3 m}^{1 0} i 
int \left( 2^{x} - 3 e^{x} \right) d 
tan z = \frac{\sin z}{\cos z
int_{\log 3}^0 \frac 1 {e^t + 1} d 
_{i} - x_{i + 1} + x_{i + 2
frac{2 \tan \alpha}{1 - \tan^{2} \alpha
log_2 \frac 1 2 + \log_4 \frac 2 
sqrt{x - y - z + x^{2} + y^{2} + z^{2}
^{i + 2 j \times k^{3} - 2 \frac{j}{i}
lim_{x \rightarrow \frac{1}{4}} \frac{1 - 4^{x - \frac{1}{4}}}{1 - 4 x
 + b + c + d + 
sqrt{x - y - z + x^{2} + y^{2} + z^{2}
frac{1}{a} F \left( a x + b \right) + 
 + b + c + d + 
_1^2 + 1^z - z_2^2 + 2^
sum_{i = 2 n + 3 m}^{1 0} i 
lim_{x \rightarrow - 1} \frac{x^{3} + 1}{x + 1
sum_{i = 2 n + 3 m}^{1 0} i 
 = \frac{- b \pm \sqrt{b^{2} - 4 a c}}{2 a
sqrt{b^{2} - 4 a c
_1 \times x_2 \times x_3 \times x_4 = 
_1^2 + 1^z - z_2^2 + 2^
int_{\log 3}^0 \frac 1 {e^t + 1} d 
frac{\sin \theta + \cos \theta + \tan \theta}{x + y + z
^{i + 2 j \times k^{3} - 2 \frac{j}{i}
log_{2} 8 = 
frac{2 \tan \alpha}{1 - \tan^{2} \alpha
int_{\log 3}^0 \frac 1 {e^t + 1} d 
_{1} - x_{2} + y_{1} - y_{2} + z_{1} - z_{2
 \frac 2 3 x^{\frac 3 2} ]_0^
pi \int_c^d \{ g ( y ) \}^2 d 
log_{2} 8 + \log_{3} 9 + \log_{4} 1 
lim_{x \rightarrow \infty} \int_0^x e^{- y^2} d y = \frac {\sqrt \pi} 
int_{\log 3}^0 \frac 1 {e^t + 1} d 
 b^x \{ ( \frac a b )^x + 1 \} ]^{\frac 1 x
frac{\sin \theta + \cos \theta + \tan \theta}{x + y + z
alpha_{n + 1} - 3 \beta = \frac{2}{3} \alpha_{n} + \beta - 3 \bet
sum_{i = 2 n + 3 m}^{1 0} i 
sqrt {1 + \sqrt {2 + \sqrt {3 + \sqrt 4}}
lim_{x \rightarrow - 1} \frac{x^{3} + 1}{x + 1
_{i} - x_{i + 1} + x_{i + 2
int \left( 2^{x} - 3 e^{x} \right) d 
lim_{x \rightarrow - 1} \frac{x^{3} + 1}{x + 1
int_a^b \frac {\sqrt x} 2 d 
_x^x + y_y^y + z_z^z - x - y - 
log_2 \frac 1 2 + \log_4 \frac 2 
sin x - \sin y - \sin \left( x - y \right
lim_{x \rightarrow - 1} \frac{x^{3} + 1}{x + 1
_{1} + x_{2} = x_{3
sin x - \sin y - \sin \left( x - y \right
frac{\sin \theta + \cos \theta + \tan \theta}{x + y + z
frac{\sin \theta + \cos \theta + \tan \theta}{x + y + z
int_a^b \frac {\sqrt x} 2 d 
log_{2} 8 = 
left( x^{3} - x^{2} - x \right) \left( 2 x - 7 \right
frac{\sin B + \sin C}{\cos B + \cos C
 b^x \{ ( \frac a b )^x + 1 \} ]^{\frac 1 x
_1^2 + 1^z - z_2^2 + 2^
 b^x \{ ( \frac a b )^x + 1 \} ]^{\frac 1 x
frac{\sin B + \sin C}{\cos B + \cos C
frac{2 \tan \alpha}{1 - \tan^{2} \alpha
sqrt {1 + \sqrt {2 + \sqrt {3 + \sqrt 4}}
frac 2 {\frac {3 m - 2 n \times 9^n - 9^m} {2 n - 1}
lim_{x \rightarrow \frac{1}{4}} \frac{1 - 4^{x - \frac{1}{4}}}{1 - 4 x
int \left( 2^{x} - 3 e^{x} \right) d 
_{1} - x_{2} + y_{1} - y_{2} + z_{1} - z_{2
^{i + 2 j \times k^{3} - 2 \frac{j}{i}
log_2 \frac 1 2 + \log_4 \frac 2 
log_{2} 8 + \log_{3} 9 + \log_{4} 1 
int_{\log 3}^0 \frac 1 {e^t + 1} d 
tan z = \frac{\sin z}{\cos z
frac{\sin \theta + \cos \theta + \tan \theta}{x + y + z
sum_{i = 2 n + 3 m}^{1 0} i 
sqrt{1 + \sqrt{2 + \sqrt{3 + \sqrt{4}}}
frac{\sin B + \sin C}{\cos B + \cos C
_{1} + x_{2} = x_{3
sqrt{b^{2} - 4 a c
 + b + c + d + 
frac{\tan \alpha - \tan \beta}{1 + \tan \alpha \tan \beta
sqrt{1 + \sqrt{2 + \sqrt{3 + \sqrt{4}}}
_{i} - x_{i + 1} + x_{i + 2
^{2} + y^{2} \lt 
sqrt{1 + \sqrt{2 + \sqrt{3 + \sqrt{4}}}
 b^x \{ ( \frac a b )^x + 1 \} ]^{\frac 1 x
_{1} + x_{2} = x_{3
^{i + 2 j \times k^{3} - 2 \frac{j}{i}
 \frac 2 3 x^{\frac 3 2} ]_0^
int \left( 2^{x} - 3 e^{x} \right) d 
int_{\log 3}^0 \frac 1 {e^t + 1} d 
_{i} - x_{i + 1} + x_{i + 2
sum_{i = 2 n + 3 m}^{1 0} i 
 b^x \{ ( \frac a b )^x + 1 \} ]^{\frac 1 x
frac{\sin B + \sin C}{\cos B + \cos C
frac 2 {\frac {3 m - 2 n \times 9^n - 9^m} {2 n - 1}
sum_{i = 2 n + 3 m}^{1 0} i 
frac{1}{a} F \left( a x + b \right) + 
frac{\sin B + \sin C}{\cos B + \cos C
frac{\tan \alpha - \tan \beta}{1 + \tan \alpha \tan \beta
sqrt{b^{2} - 4 a c
log_{2} 8 + \log_{3} 9 + \log_{4} 1 
frac{2 \tan \alpha}{1 - \tan^{2} \alpha
_{i} - x_{i + 1} + x_{i + 2
int_{\log 3}^0 \frac 1 {e^t + 1} d 
int_{\log 3}^0 \frac 1 {e^t + 1} d 
frac{\sin B + \sin C}{\cos B + \cos C
sin x - \sin y - \sin \left( x - y \right
int_{\log 3}^0 \frac 1 {e^t + 1} d 
 = \frac{- b \pm \sqrt{b^{2} - 4 a c}}{2 a
pi \int_c^d \{ g ( y ) \}^2 d 
 \frac 2 3 x^{\frac 3 2} ]_0^
int \left( 2^{x} - 3 e^{x} \right) d 
alpha_{n + 1} - 3 \beta = \frac{2}{3} \alpha_{n} + \beta - 3 \bet
_{1} - x_{2} + y_{1} - y_{2} + z_{1} - z_{2
sqrt {1 + \sqrt {2 + \sqrt {3 + \sqrt 4}}
 b^x \{ ( \frac a b )^x + 1 \} ]^{\frac 1 x
 \frac 2 3 x^{\frac 3 2} ]_0^
lim_{x \rightarrow \frac{1}{4}} \frac{1 - 4^{x - \frac{1}{4}}}{1 - 4 x
log_{2} 8 + \log_{3} 9 + \log_{4} 1 
_1^2 + 1^z - z_2^2 + 2^
_{1} - x_{2} + y_{1} - y_{2} + z_{1} - z_{2
frac 2 {\frac {3 m - 2 n \times 9^n - 9^m} {2 n - 1}
 b^x \{ ( \frac a b )^x + 1 \} ]^{\frac 1 x
_1 \times x_2 \times x_3 \times x_4 = 
_{1} + x_{2} = x_{3
left( z^{\frac{n}{2}} + y^{\frac{n}{2}} \right) \left( z^{\frac{n}{2}} - y^{\frac{n}{2}} \right) = 
log_{2} 8 + \log_{3} 9 + \log_{4} 1 
sqrt{1 + \sqrt{2 + \sqrt{3 + \sqrt{4}}}
sqrt{x - y - z + x^{2} + y^{2} + z^{2}
^{i + 2 j \times k^{3} - 2 \frac{j}{i}
sum_{i = 2 n + 3 m}^{1 0} i 
int_{\log 3}^0 \frac 1 {e^t + 1} d 
^{i \pi} + 1 = 
frac{\sin B + \sin C}{\cos B + \cos C
sqrt{b^{2} - 4 a c
frac{\sin \theta + \cos \theta + \tan \theta}{x + y + z
int_{\log 3}^0 \frac 1 {e^t + 1} d 
_1 \times x_2 \times x_3 \times x_4 = 
 b^x \{ ( \frac a b )^x + 1 \} ]^{\frac 1 x
pi \int_c^d \{ g ( y ) \}^2 d 
 0 \times 2 9 x^{2 8
_1 \times x_2 \times x_3 \times x_4 = 
 = \sqrt {a + \frac 1 {\sqrt {a + \frac 1 {\sqrt a}}}} + \sqrt 
left( x^{3} - x^{2} - x \right) \left( 2 x - 7 \right
log_{2} 8 = 
left( x^{3} - x^{2} - x \right) \left( 2 x - 7 \right
frac{2 \tan \alpha}{1 - \tan^{2} \alpha
^{i + 2 j \times k^{3} - 2 \frac{j}{i}
lim_{x \rightarrow - 1} \frac{x^{3} + 1}{x + 1
^{i + 2 j \times k^{3} - 2 \frac{j}{i}
 0 \times 2 9 x^{2 8
frac 2 {\frac {3 m - 2 n \times 9^n - 9^m} {2 n - 1}
^{i \pi} + 1 = 
_x^x + y_y^y + z_z^z - x - y - 
 0 \times 2 9 x^{2 8
^{i + 2 j \times k^{3} - 2 \frac{j}{i}
frac{\tan \alpha - \tan \beta}{1 + \tan \alpha \tan \beta
sqrt{x - y - z + x^{2} + y^{2} + z^{2}
_x^x + y_y^y + z_z^z - x - y - 
frac{\sin B + \sin C}{\cos B + \cos C
 b^x \{ ( \frac a b )^x + 1 \} ]^{\frac 1 x
lim_{x \rightarrow \frac{\pi}{2} + 0} \tan x = - \inft
int \left( 2^{x} - 3 e^{x} \right) d 
alpha_{n + 1} - 3 \beta = \frac{2}{3} \alpha_{n} + \beta - 3 \bet
sin x - \sin y - \sin \left( x - y \right
_x^x + y_y^y + z_z^z - x - y - 
_{1} + x_{2} = x_{3
_1 \times x_2 \times x_3 \times x_4 = 
sin x - \sin y - \sin \left( x - y \right
sqrt {1 + \sqrt {2 + \sqrt {3 + \sqrt 4}}
sin x - \sin y - \sin \left( x - y \right
log_2 \frac 1 2 + \log_4 \frac 2 
sqrt{b^{2} - 4 a c
_{1} - x_{2} + y_{1} - y_{2} + z_{1} - z_{2
_{1} - x_{2} + y_{1} - y_{2} + z_{1} - z_{2
lim_{x \rightarrow \frac{1}{4}} \frac{1 - 4^{x - \frac{1}{4}}}{1 - 4 x
log_{2} 8 = 
frac{1}{a} F \left( a x + b \right) + 
left( x^{3} - x^{2} - x \right) \left( 2 x - 7 \right
log_{2} 8 + \log_{3} 9 + \log_{4} 1 
sqrt{x - y - z + x^{2} + y^{2} + z^{2}
log_2 \frac 1 2 + \log_4 \frac 2 
frac 2 {\frac {3 m - 2 n \times 9^n - 9^m} {2 n - 1}
frac{\sin \theta + \cos \theta + \tan \theta}{x + y + z
int_{\log 3}^0 \frac 1 {e^t + 1} d 
 \frac 2 3 x^{\frac 3 2} ]_0^
_x^x + y_y^y + z_z^z - x - y - 
sqrt{b^{2} - 4 a c
int \left( 2^{x} - 3 e^{x} \right) d 
frac 2 {\frac {3 m - 2 n \times 9^n - 9^m} {2 n - 1}
 = \sqrt {a + \frac 1 {\sqrt {a + \frac 1 {\sqrt a}}}} + \sqrt 
_x^x + y_y^y + z_z^z - x - y - 
pi \int_c^d \{ g ( y ) \}^2 d 
int_{\log 3}^0 \frac 1 {e^t + 1} d 
_1 \times x_2 \times x_3 \times x_4 = 
^{i + 2 j \times k^{3} - 2 \frac{j}{i}
sum_{i = 2 n + 3 m}^{1 0} i 
_{i} - x_{i + 1} + x_{i + 2
frac{1}{a} F \left( a x + b \right) + 
frac{1}{a} F \left( a x + b \right) + 
sin x - \sin y - \sin \left( x - y \right
sqrt{b^{2} - 4 a c
_1 \times x_2 \times x_3 \times x_4 = 
 \frac 2 3 x^{\frac 3 2} ]_0^
alpha_{n + 1} - 3 \beta = \frac{2}{3} \alpha_{n} + \beta - 3 \bet
lim_{x \rightarrow \infty} \int_0^x e^{- y^2} d y = \frac {\sqrt \pi} 
sqrt{x - y - z + x^{2} + y^{2} + z^{2}
sin^{2} \theta + \cos^{2} \theta = 
sqrt{1 + \sqrt{2 + \sqrt{3 + \sqrt{4}}}
alpha_{n + 1} - 3 \beta = \frac{2}{3} \alpha_{n} + \beta - 3 \bet
left( x^{3} - x^{2} - x \right) \left( 2 x - 7 \right
int \left( 2^{x} - 3 e^{x} \right) d 
sqrt{1 + \sqrt{2 + \sqrt{3 + \sqrt{4}}}
 + b + c + d + 
sqrt {1 + \sqrt {2 + \sqrt {3 + \sqrt 4}}
lim_{x \rightarrow \frac{\pi}{2} + 0} \tan x = - \inft
frac{\tan \alpha - \tan \beta}{1 + \tan \alpha \tan \beta
lim_{x \rightarrow \frac{\pi}{2} + 0} \tan x = - \inft
^{i + 2 j \times k^{3} - 2 \frac{j}{i}
frac{\sin \theta + \cos \theta + \tan \theta}{x + y + z
^{i \pi} + 1 = 
_1 \times x_2 \times x_3 \times x_4 = 
frac{2 \tan \alpha}{1 - \tan^{2} \alpha
lim_{x \rightarrow \infty} \int_0^x e^{- y^2} d y = \frac {\sqrt \pi} 
sqrt{b^{2} - 4 a c
sin x - \sin y - \sin \left( x - y \right
frac{1}{a} F \left( a x + b \right) + 
_x^x + y_y^y + z_z^z - x - y - 
 + b + c + d + 
log_2 \frac 1 2 + \log_4 \frac 2 
_1 \times x_2 \times x_3 \times x_4 = 
log_2 \frac 1 2 + \log_4 \frac 2 
frac{\tan \alpha - \tan \beta}{1 + \tan \alpha \tan \beta
sqrt {1 + \sqrt {2 + \sqrt {3 + \sqrt 4}}
log_{2} 8 = 
_x^x + y_y^y + z_z^z - x - y - 
lim_{x \rightarrow \frac{1}{4}} \frac{1 - 4^{x - \frac{1}{4}}}{1 - 4 x
^{i \pi} + 1 = 
log_{2} 8 + \log_{3} 9 + \log_{4} 1 
sqrt {1 + \sqrt {2 + \sqrt {3 + \sqrt 4}}
sqrt {1 + \sqrt {2 + \sqrt {3 + \sqrt 4}}
frac{\sin B + \sin C}{\cos B + \cos C
sqrt{1 + \sqrt{2 + \sqrt{3 + \sqrt{4}}}
sqrt {1 + \sqrt {2 + \sqrt {3 + \sqrt 4}}
sum_{i = 2 n + 3 m}^{1 0} i 
frac{\tan \alpha - \tan \beta}{1 + \tan \alpha \tan \beta
sum_{i = 2 n + 3 m}^{1 0} i 
sqrt{b^{2} - 4 a c
_1^2 + 1^z - z_2^2 + 2^
^{i + 2 j \times k^{3} - \frac{j}{2 i}
log_2 \frac 1 2 + \log_4 \frac 2 
 = \sqrt{a + \frac{1}{\sqrt{a + \frac{1}{\sqrt{a}}}}} + \sqrt{b
sin^{2} \theta + \cos^{2} \theta = 
sqrt{x - y - z + x^{2} + y^{2} + z^{2}
pi \int_c^d \{ g ( y ) \}^2 d 
 + b + c + d + 
frac{\sin B + \sin C}{\cos B + \cos C
frac 2 {\frac {3 m - 2 n \times 9^n - 9^m} {2 n - 1}
 = \frac{- b \pm \sqrt{b^{2} - 4 a c}}{2 a
 b^x \{ ( \frac a b )^x + 1 \} ]^{\frac 1 x
frac{1}{a} F \left( a x + b \right) + 
frac{\tan \alpha - \tan \beta}{1 + \tan \alpha \tan \beta
_x^x + y_y^y + z_z^z - x - y - 
_{1} - x_{2} + y_{1} - y_{2} + z_{1} - z_{2
alpha_{n + 1} - 3 \beta = \frac{2}{3} \alpha_{n} + \beta - 3 \bet
 \frac 2 3 x^{\frac 3 2} ]_0^
 = \frac{- b \pm \sqrt{b^{2} - 4 a c}}{2 a
frac{2 \tan \alpha}{1 - \tan^{2} \alpha
alpha_{n + 1} - 3 \beta = \frac{2}{3} \alpha_{n} + \beta - 3 \bet
sqrt {1 + \sqrt {2 + \sqrt {3 + \sqrt 4}}
_{i} - x_{i + 1} + x_{i + 2
frac{\tan \alpha - \tan \beta}{1 + \tan \alpha \tan \beta
_{1} - x_{2} + y_{1} - y_{2} + z_{1} - z_{2
sqrt{1 + \sqrt{2 + \sqrt{3 + \sqrt{4}}}
int \left( 2^{x} - 3 e^{x} \right) d 
sin x - \sin y - \sin \left( x - y \right
 0 \times 2 9 x^{2 8
 + b + c + d + 
_{1} + x_{2} = x_{3
lim_{x \rightarrow \frac{\pi}{2} + 0} \tan x = - \inft
sin x - \sin y - \sin \left( x - y \right
lim_{x \rightarrow \frac{1}{4}} \frac{1 - 4^{x - \frac{1}{4}}}{1 - 4 x
^{i + 2 j \times k^{3} - 2 \frac{j}{i}
lim_{x \rightarrow \frac{\pi}{2} + 0} \tan x = - \inft
int_{\log 3}^0 \frac 1 {e^t + 1} d 
 \frac 2 3 x^{\frac 3 2} ]_0^
_{1} + x_{2} = x_{3
_{1} + x_{2} = x_{3
 \frac 2 3 x^{\frac 3 2} ]_0^
 + b + c + d + 
int \left( 2^{x} - 3 e^{x} \right) d 
int_{\log 3}^0 \frac 1 {e^t + 1} d 
_1 \times x_2 \times x_3 \times x_4 = 
left( x^{3} - x^{2} - x \right) \left( 2 x - 7 \right
lim_{x \rightarrow \frac{1}{4}} \frac{1 - 4^{x - \frac{1}{4}}}{1 - 4 x
sqrt{x - y - z + x^{2} + y^{2} + z^{2}
lim_{x \rightarrow \infty} \int_0^x e^{- y^2} d y = \frac {\sqrt \pi} 
sqrt{b^{2} - 4 a c
int_{\log 3}^0 \frac 1 {e^t + 1} d 
sqrt{b^{2} - 4 a c
 \frac 2 3 x^{\frac 3 2} ]_0^
frac{\sin B + \sin C}{\cos B + \cos C
^{i + 2 j \times k^{3} - 2 \frac{j}{i}
alpha_{n + 1} - 3 \beta = \frac{2}{3} \alpha_{n} + \beta - 3 \bet
sqrt{1 + \sqrt{2 + \sqrt{3 + \sqrt{4}}}
_{1} - x_{2} + y_{1} - y_{2} + z_{1} - z_{2
sum_{i = 2 n + 3 m}^{1 0} i 
 b^x \{ ( \frac a b )^x + 1 \} ]^{\frac 1 x
alpha_{n + 1} - 3 \beta = \frac{2}{3} \alpha_{n} + \beta - 3 \bet
frac 2 {\frac {3 m - 2 n \times 9^n - 9^m} {2 n - 1}
 b^x \{ ( \frac a b )^x + 1 \} ]^{\frac 1 x
pi \int_c^d \{ g ( y ) \}^2 d 
sqrt{1 + \sqrt{2 + \sqrt{3 + \sqrt{4}}}
frac 2 {\frac {3 m - 2 n \times 9^n - 9^m} {2 n - 1}
alpha_{n + 1} - 3 \beta = \frac{2}{3} \alpha_{n} + \beta - 3 \bet
frac 2 {\frac {3 m - 2 n \times 9^n - 9^m} {2 n - 1}
tan z = \frac{\sin z}{\cos z
sqrt {1 + \sqrt {2 + \sqrt {3 + \sqrt 4}}
frac{1}{a} F \left( a x + b \right) + 
tan z = \frac{\sin z}{\cos z
frac{2 \tan \alpha}{1 - \tan^{2} \alpha
^{i + 2 j \times k^{3} - 2 \frac{j}{i}
frac{\sin \theta + \cos \theta + \tan \theta}{x + y + z
log_{2} 8 + \log_{3} 9 + \log_{4} 1 
_{1} - x_{2} + y_{1} - y_{2} + z_{1} - z_{2
frac{\sin \theta + \cos \theta + \tan \theta}{x + y + z
frac{2 \tan \alpha}{1 - \tan^{2} \alpha
 + b + c + d + 
sqrt{x - y - z + x^{2} + y^{2} + z^{2}
int_{\log 3}^0 \frac 1 {e^t + 1} d 
log_{2} 8 + \log_{3} 9 + \log_{4} 1 
lim_{x \rightarrow \frac{1}{4}} \frac{1 - 4^{x - \frac{1}{4}}}{1 - 4 x
frac 2 {\frac {3 m - 2 n \times 9^n - 9^m} {2 n - 1}
 b^x \{ ( \frac a b )^x + 1 \} ]^{\frac 1 x
frac{\sin B + \sin C}{\cos B + \cos C
left( x^{3} - x^{2} - x \right) \left( 2 x - 7 \right
lim_{x \rightarrow \frac{\pi}{2} + 0} \tan x = - \inft
frac{2 \tan \alpha}{1 - \tan^{2} \alpha
 = \sqrt {a + \frac 1 {\sqrt {a + \frac 1 {\sqrt a}}}} + \sqrt 
_{1} - x_{2} + y_{1} - y_{2} + z_{1} - z_{2
pi \int_c^d \{ g ( y ) \}^2 d 
 b^x \{ ( \frac a b )^x + 1 \} ]^{\frac 1 x
alpha_{n + 1} - 3 \beta = \frac{3}{2} \alpha_{n} + \beta - 3 \bet
lim_{x \rightarrow \frac{1}{4}} \frac{1 - 4^{x - \frac{1}{4}}}{1 - 4 x
_{1} + x_{2} = x_{3
 b^x \{ ( \frac a b )^x + 1 \} ]^{\frac 1 x
lim_{x \rightarrow \frac{\pi}{2} + 0} \tan x = - \inft
frac{\sin B + \sin C}{\cos B + \cos C
_x^x + y_y^y + z_z^z - x - y - 
frac 2 {\frac {3 m - 2 n \times 9^n - 9^m} {2 n - 1}
frac{\sin B + \sin C}{\cos B + \cos C
_1 \times x_2 \times x_3 \times x_4 = 
frac{1}{a} F \left( a x + b \right) + 
_x^x + y_y^y + z_z^z - x - y - 
frac{\tan \alpha - \tan \beta}{1 + \tan \alpha \tan \beta
sum_{i = 2 n + 3 m}^{1 0} i 
frac 2 {\frac {3 m - 2 n \times 9^n - 9^m} {2 n - 1}
_{i} - x_{i + 1} + x_{i + 2
alpha_{n + 1} - 3 \beta = \frac{2}{3} \alpha_{n} + \beta - 3 \bet
 \frac 2 3 x^{\frac 3 2} ]_0^
 0 \times 2 9 x^{2 8
left( x^{3} - x^{2} - x \right) \left( 2 x - 7 \right
 = \frac{- b \pm \sqrt{b^{2} - 4 a c}}{2 a
pi \int_c^d \{ g ( y ) \}^2 d 
^{2} + y^{2} \lt 
 \frac 2 3 x^{\frac 3 2} ]_0^
^{2} + y^{2} \lt 
 \frac 2 3 x^{\frac 3 2} ]_0^
_1^2 + 1^z - z_2^2 + 2^
 0 \times 2 9 x^{2 8
frac 2 {\frac {3 m - 2 n \times 9^n - 9^m} {2 n - 1}
_{1} - x_{2} + y_{1} - y_{2} + z_{1} - z_{2
frac{2 \tan \alpha}{1 - \tan^{2} \alpha
log_{2} 8 + \log_{3} 9 + \log_{4} 1 
frac{2 \tan \alpha}{1 - \tan^{2} \alpha
lim_{x \rightarrow \frac{\pi}{2} + 0} \tan x = - \inft
_x^x + y_y^y + z_z^z - x - y - 
int_a^b \frac {\sqrt x} 2 d 
frac{\sin \theta + \cos \theta + \tan \theta}{x + y + z
 \frac 2 3 x^{\frac 3 2} ]_0^
sin x - \sin y - \sin \left( x - y \right
^{i + 2 j \times k^{3} - 2 \frac{j}{i}
sqrt{1 + \sqrt{2 + \sqrt{3 + \sqrt{4}}}
_{i} - x_{i + 1} + x_{i + 2
pi \int_c^d \{ g ( y ) \}^2 d 
sin^{2} \theta + \cos^{2} \theta = 
 \frac 2 3 x^{\frac 3 2} ]_0^
frac{\sin B + \sin C}{\cos B + \cos C
sqrt{x - y - z + x^{2} + y^{2} + z^{2}
 \frac 2 3 x^{\frac 3 2} ]_0^
lim_{x \rightarrow - 1} \frac{x^{3} + 1}{x + 1
sqrt {1 + \sqrt {2 + \sqrt {3 + \sqrt 4}}
log_{2} 8 = 
sqrt{1 + \sqrt{2 + \sqrt{3 + \sqrt{4}}}
lim_{x \rightarrow - 1} \frac{x^{3} + 1}{x + 1
frac{\sin B + \sin C}{\cos B + \cos C
frac{1}{a} F \left( a x + b \right) + 
lim_{x \rightarrow - 1} \frac{x^{3} + 1}{x + 1
sqrt{b^{2} - 4 a c
left( x^{3} - x^{2} - x \right) \left( 2 x - 7 \right
left( z^{\frac{n}{2}} + y^{\frac{n}{2}} \right) \left( z^{\frac{n}{2}} - y^{\frac{n}{2}} \right) = 
int_a^b \frac {\sqrt x} 2 d 
^{i \pi} + 1 = 
log_{2} 8 + \log_{3} 9 + \log_{4} 1 
 0 \times 2 9 x^{2 8
alpha_{n + 1} - 3 \beta = \frac{2}{3} \alpha_{n} + \beta - 3 \bet
left( x^{3} - x^{2} - x \right) \left( 2 x - 7 \right
 \frac 2 3 x^{\frac 3 2} ]_0^
^{i \pi} + 1 = 
alpha_{n + 1} - 3 \beta = \frac{2}{3} \alpha_{n} + \beta - 3 \bet
sum_{i = 2 n + 3 m}^{1 0} i 
 0 \times 2 9 x^{2 8
int \left( 2^{x} - 3 e^{x} \right) d 
 + b + c + d + 
sum_{i = 2 n + 3 m}^{1 0} i 
alpha_{n + 1} - 3 \beta = \frac{2}{3} \alpha_{n} + \beta - 3 \bet
lim_{x \rightarrow \frac{\pi}{2} + 0} \tan x = - \inft
sin x - \sin y - \sin \left( x - y \right
 = \frac{- b \pm \sqrt{b^{2} - 4 a c}}{2 a
frac{\tan \alpha - \tan \beta}{1 + \tan \alpha \tan \beta
_{i} - x_{i + 1} + x_{i + 2
pi \int_c^d \{ g ( y ) \}^2 d 
log_{2} 8 + \log_{3} 9 + \log_{4} 1 
sqrt{b^{2} - 4 a c
_x^x + y_y^y + z_z^z - x - y - 
_x^x + y_y^y + z_z^z - x - y - 
sin x - \sin y - \sin \left( x - y \right
frac{\sin B + \sin C}{\cos B + \cos C
_{n} = F_{n - 1} + F_{n - 2
pi \int_c^d \{ g ( y ) \}^2 d 
sum_{i = 2 n + 3 m}^{1 0} i 
int \left( 2^{x} - 3 e^{x} \right) d 
sqrt{1 + \sqrt{2 + \sqrt{3 + \sqrt{4}}}
^{i + 2 j \times k^{3} - 2 \frac{j}{i}
 b^x \{ ( \frac a b )^x + 1 \} ]^{\frac 1 x
_{1} + x_{2} = x_{3
_1^2 + 1^z - z_2^2 + 2^
_1^2 + 1^z - z_2^2 + 2^
_{1} + x_{2} = x_{3
sin x - \sin y - \sin \left( x - y \right
sin x - \sin y - \sin \left( x - y \right
left( x^{3} - x^{2} - x \right) \left( 2 x - 7 \right
frac{\tan \alpha - \tan \beta}{1 + \tan \alpha \tan \beta
log_2 \frac 1 2 + \log_4 \frac 2 
sqrt{b^{2} - 4 a c
frac{1}{a} F \left( a x + b \right) + 
_1 \times x_2 \times x_3 \times x_4 = 
_{i} - x_{i + 1} + x_{i + 2
frac{\sin \theta + \cos \theta + \tan \theta}{x + y + z
alpha_{n + 1} - 3 \beta = \frac{2}{3} \alpha_{n} + \beta - 3 \bet
^{i + 2 j \times k^{3} - 2 \frac{j}{i}
left( x^{3} - x^{2} - x \right) \left( 2 x - 7 \right
sqrt{x - y - z + x^{2} + y^{2} + z^{2}
int \left( 2^{x} - 3 e^{x} \right) d 
sum_{i = 2 n + 3 m}^{1 0} i 
left( z^{\frac{n}{2}} + y^{\frac{n}{2}} \right) \left( z^{\frac{n}{2}} - y^{\frac{n}{2}} \right) = 
frac 2 {\frac {3 m - 2 n \times 9^n - 9^m} {2 n - 1}
 = \sqrt {a + \frac 1 {\sqrt {a + \frac 1 {\sqrt a}}}} + \sqrt 
_x^x + y_y^y + z_z^z - x - y - 
lim_{x \rightarrow \frac{\pi}{2} + 0} \tan x = - \inft
frac{\sin \theta + \cos \theta + \tan \theta}{x + y + z
pi \int_c^d \{ g ( y ) \}^2 d 
sqrt {1 + \sqrt {2 + \sqrt {3 + \sqrt 4}}
_x^x + y_y^y + z_z^z - x - y - 
lim_{x \rightarrow - 1} \frac{x^{3} + 1}{x + 1
pi \int_c^d \{ g ( y ) \}^2 d 
int_{\log 3}^0 \frac 1 {e^t + 1} d 
frac{\tan \alpha - \tan \beta}{1 + \tan \alpha \tan \beta
frac{2 \tan \alpha}{1 - \tan^{2} \alpha
frac{\sin \theta + \cos \theta + \tan \theta}{x + y + z
int \left( 2^{x} - 3 e^{x} \right) d 
lim_{x \rightarrow \frac{1}{4}} \frac{1 - 4^{x - \frac{1}{4}}}{1 - 4 x
_{1} + x_{2} = x_{3
_{i} - x_{i + 1} + x_{i + 2
sum_{i = 2 n + 3 m}^{1 0} i 
sin x - \sin y - \sin \left( x - y \right
lim_{x \rightarrow \infty} \int_0^x e^{- y^2} d y = \frac {\sqrt \pi} 
lim_{x \rightarrow - 1} \frac{x^{3} + 1}{x + 1
 + b + c + d + 
lim_{x \rightarrow \infty} \int_0^x e^{- y^2} d y = \frac {\sqrt \pi} 
sqrt{b^{2} - 4 a c
lim_{x \rightarrow \frac{1}{4}} \frac{1 - 4^{x - \frac{1}{4}}}{1 - 4 x
 = \sqrt{a + \frac{1}{\sqrt{a + \frac{1}{\sqrt{a}}}}} + \sqrt{b
pi \int_c^d \{ g ( y ) \}^2 d 
frac{2 \tan \alpha}{1 - \tan^{2} \alpha
lim_{x \rightarrow \frac{\pi}{2} + 0} \tan x = - \inft
int_{\log 3}^0 \frac 1 {e^t + 1} d 
_{1} + x_{2} = x_{3
frac{\sin \theta + \cos \theta + \tan \theta}{x + y + z
frac{\tan \alpha - \tan \beta}{1 + \tan \alpha \tan \beta
_{1} + x_{2} = x_{3
sin x - \sin y - \sin \left( x - y \right
int_{\log 3}^0 \frac 1 {e^t + 1} d 
sqrt{1 + \sqrt{2 + \sqrt{3 + \sqrt{4}}}
sqrt{x - y - z + x^{2} + y^{2} + z^{2}
lim_{x \rightarrow \frac{1}{4}} \frac{1 - 4^{x - \frac{1}{4}}}{1 - 4 x
tan z = \frac{\sin z}{\cos z
lim_{x \rightarrow \infty} \int_0^x e^{- y^2} d y = \frac {\sqrt \pi} 
int \left( 2^{x} - 3 e^{x} \right) d 
_x^x + y_y^y + z_z^z - x - y - 
int \left( 2^{x} - 3 e^{x} \right) d 
alpha_{n + 1} - 3 \beta = \frac{2}{3} \alpha_{n} + \beta - 3 \bet
frac 2 {\frac {3 m - 2 n \times 9^n - 9^m} {2 n - 1}
^{2} + y^{2} \lt 
frac{\tan \alpha - \tan \beta}{1 + \tan \alpha \tan \beta
alpha_{n + 1} - 3 \beta = \frac{2}{3} \alpha_{n} + \beta - 3 \bet
_1 \times x_2 \times x_3 \times x_4 = 
lim_{x \rightarrow \frac{1}{4}} \frac{1 - 4^{x - \frac{1}{4}}}{1 - 4 x
sin x - \sin y - \sin \left( x - y \right
 0 \times 2 9 x^{2 8
_x^x + y_y^y + z_z^z - x - y - 
_1^2 + 1^z - z_2^2 + 2^
 b^x \{ ( \frac a b )^x + 1 \} ]^{\frac 1 x
frac{\sin B + \sin C}{\cos B + \cos C
 0 \times 2 9 x^{2 8
log_{2} 8 + \log_{3} 9 + \log_{4} 1 
log_{2} 8 + \log_{3} 9 + \log_{4} 1 
alpha_{n + 1} - 3 \beta = \frac{2}{3} a_{n} + \beta - 3 \bet
frac{1}{a} F \left( a x + b \right) + 
sin x - \sin y - \sin \left( x - y \right
 + b + c + d + 
frac{1}{a} F \left( a x + b \right) + 
frac 2 {\frac {3 m - 2 n \times 9^n - 9^m} {2 n - 1}
sqrt {1 + \sqrt {2 + \sqrt {3 + \sqrt 4}}
^{2} + y^{2} \lt 
_1 \times x_2 \times x_3 \times x_4 = 
_{i} - x_{i + 1} + x_{i + 2
_1 \times x_2 \times x_3 \times x_4 = 
 + b + c + d + 
lim_{x \rightarrow \infty} \int_0^x e^{- y^2} d y = \frac {\sqrt \pi} 
sqrt{b^{2} - 4 a c
_1^2 + 1^z - z_2^2 + 2^
_{1} + x_{2} = x_{3
left( x^{3} - x^{2} - x \right) \left( 2 x - 7 \right
alpha_{n + 1} - 3 \beta = \frac{2}{3} \alpha_{n} + \beta - 3 \bet
int_a^b \frac {\sqrt x} 2 d 
lim_{x \rightarrow \frac{\pi}{2} + 0} \tan x = - \inft
sqrt{1 + \sqrt{2 + \sqrt{3 + \sqrt{4}}}
 + b + c + d + 
pi \int_c^d \{ g ( y ) \}^2 d 
lim_{x \rightarrow \frac{1}{4}} \frac{1 - 4^{x - \frac{1}{4}}}{1 - 4 x
 0 \times 2 9 x^{2 8
sqrt{b^{2} - 4 a c
sqrt {1 + \sqrt {2 + \sqrt {3 + \sqrt 4}}
alpha_{n + 1} - 3 \beta = \frac{2}{3} \alpha_{n} + \beta - 3 \bet
frac{2 \tan \alpha}{1 - \tan^{2} \alpha
log_{2} 8 + \log_{3} 9 + \log_{4} 1 
log_2 \frac 1 2 + \log_4 \frac 2 
sqrt{1 + \sqrt{2 + \sqrt{3 + \sqrt{4}}}
_{1} + x_{2} = x_{3
_{1} - x_{2} + y_{1} - y_{2} + z_{1} - z_{2
 = \frac{- b \pm \sqrt{b^{2} - 4 a c}}{2 a
log_{2} 8 + \log_{3} 9 + \log_{4} 1 
 \frac 2 3 x^{\frac 3 2} ]_0^
log_2 \frac 1 2 + \log_4 \frac 2 
 + b + c + d + 
_1^2 + 1^z - z_2^2 + 2^
 = \sqrt{a + \frac{1}{\sqrt{a + \frac{1}{\sqrt{a}}}}} + \sqrt{b
sqrt{1 + \sqrt{2 + \sqrt{3 + \sqrt{4}}}
 \frac 2 3 x^{\frac 3 2} ]_0^
int \left( 2^{x} - 3 e^{x} \right) d 
_{1} - x_{2} + y_{1} - y_{2} + z_{1} - z_{2
 0 \times 2 9 x^{2 8
_{n} = F_{n - 1} + F_{n - 2
_1^2 + 1^z - z_2^2 + 2^
alpha_{n + 1} - 3 \beta = \frac{2}{3} \alpha_{n} + \beta - 3 \bet
frac{1}{a} F \left( a x + b \right) + 
lim_{x \rightarrow \infty} \int_0^x e^{- y^2} d y = \frac {\sqrt \pi} 
 = \sqrt {a + \frac 1 {\sqrt {a + \frac 1 {\sqrt a}}}} + \sqrt 
left( x^{3} - x^{2} - x \right) \left( 2 x - 7 \right
sqrt {1 + \sqrt {2 + \sqrt {3 + \sqrt 4}}
left( x^{3} - x^{2} - x \right) \left( 2 x - 7 \right
_{i} - x_{i + 1} + x_{i + 2
frac 2 {\frac {3 m - 2 n \times 9^n - 9^m} {2 n - 1}
sum_{i = 2 n + 3 m}^{1 0} i 
lim_{x \rightarrow \frac{\pi}{2} + 0} \tan x = - \inft
sqrt{x - y - z + x^{2} + y^{2} + z^{2}
lim_{x \rightarrow \frac{1}{4}} \frac{1 - 4^{x - \frac{1}{4}}}{1 - 4 x
left( z^{\frac{n}{2}} + y^{\frac{n}{2}} \right) \left( z^{\frac{n}{2}} - y^{\frac{n}{2}} \right) = 
frac{\sin B + \sin C}{\cos B + \cos C
sin x - \sin y - \sin \left( x - y \right
_{i} - x_{i + 1} + x_{i + 2
frac{\tan \alpha - \tan \beta}{1 + \tan \alpha \tan \beta
sqrt {1 + \sqrt {2 + \sqrt {3 + \sqrt 4}}
sin^{2} \theta + \cos^{2} \theta = 
_{i} - x_{i + 1} + x_{i + 2
sqrt {1 + \sqrt {2 + \sqrt {3 + \sqrt 4}}
_1^2 + 1^z - z_2^2 + 2^
frac 2 {\frac {3 m - 2 n \times 9^n - 9^m} {2 n - 1}
 0 \times 2 9 x^{2 8
sqrt{1 + \sqrt{2 + \sqrt{3 + \sqrt{4}}}
_1^2 + 1^z - z_2^2 + 2^
left( x^{3} - x^{2} - x \right) \left( 2 x - 7 \right
sqrt{x - y - z + x^{2} + y^{2} + z^{2}
 b^x \{ ( \frac a b )^x + 1 \} ]^{\frac 1 x
sin x - \sin y - \sin \left( x - y \right
left( z^{\frac{n}{2}} + y^{\frac{n}{2}} \right) \left( z^{\frac{n}{2}} - y^{\frac{n}{2}} \right) = 
lim_{x \rightarrow \frac{\pi}{2} + 0} \tan x = - \inft
int_{\log 3}^0 \frac 1 {e^t + 1} d 
sum_{i = 2 n + 3 m}^{1 0} i 
_{n} = F_{n - 1} + F_{n - 2
_1 \times x_2 \times x_3 \times x_4 = 
_{1} + x_{2} = x_{3
log_{2} 8 + \log_{3} 9 + \log_{4} 1 
frac{2 \tan \alpha}{1 - \tan^{2} \alpha
left( x^{3} - x^{2} - x \right) \left( 2 x - 7 \right
sqrt {1 + \sqrt {2 + \sqrt {3 + \sqrt 4}}
lim_{x \rightarrow - 1} \frac{x^{3} + 1}{x + 1
lim_{x \rightarrow \frac{1}{4}} \frac{1 - 4^{x - \frac{1}{4}}}{1 - 4 x
^{2} + y^{2} \lt 
frac{1}{a} F \left( a x + b \right) + 
lim_{x \rightarrow \frac{\pi}{2} + 0} \tan x = - \inft
log_{2} 8 + \log_{3} 9 + \log_{4} 1 
_{1} - x_{2} + y_{1} - y_{2} + z_{1} - z_{2
log_2 \frac 1 2 + \log_4 \frac 2 
 = \sqrt {a + \frac 1 {\sqrt {a + \frac 1 {\sqrt a}}}} + \sqrt 
sqrt{x - y - z + x^{2} + y^{2} + z^{2}
_{n} = F_{n - 1} + F_{n - 2
 0 \times 2 9 x^{2 8
int_{\log 3}^0 \frac 1 {e^t + 1} d 
frac 2 {\frac {3 m - 2 n \times 9^n - 9^m} {2 n - 1}
frac{\tan \alpha - \tan \beta}{1 + \tan \alpha \tan \beta
frac{\tan \alpha - \tan \beta}{1 + \tan \alpha \tan \beta
lim_{x \rightarrow \frac{1}{4}} \frac{1 - 4^{x - \frac{1}{4}}}{1 - 4 x
sum_{i = 2 n + 3 m}^{1 0} i 
sqrt{x - y - z + x^{2} + y^{2} + z^{2}
frac{\tan \alpha - \tan \beta}{1 + \tan \alpha \tan \beta
_x^x + y_y^y + z_z^z - x - y - 
_{1} + x_{2} = x_{3
_1^2 + 1^z - z_2^2 + 2^
frac{\sin \theta + \cos \theta + \tan \theta}{x + y + z
lim_{x \rightarrow - 1} \frac{x^{3} + 1}{x + 1
lim_{x \rightarrow \infty} \int_0^x e^{- y^2} d y = \frac {\sqrt \pi} 
int_a^b \frac {\sqrt x} 2 d 
_1 \times x_2 \times x_3 \times x_4 = 
int \left( 2^{x} - 3 e^{x} \right) d 
pi \int_c^d \{ g ( y ) \}^2 d 
sqrt{b^{2} - 4 a c
lim_{x \rightarrow \frac{\pi}{2} + 0} \tan x = - \inft
_1^2 + 1^z - z_2^2 + 2^
left( x^{3} - x^{2} - x \right) \left( 2 x - 7 \right
lim_{x \rightarrow - 1} \frac{x^{3} + 1}{x + 1
 \frac 2 3 x^{\frac 3 2} ]_0^
 b^x \{ ( \frac a b )^x + 1 \} ]^{\frac 1 x
lim_{x \rightarrow - 1} \frac{x^{3} + 1}{x + 1
log_{2} 8 + \log_{3} 9 + \log_{4} 1 
log_2 \frac 1 2 + \log_4 \frac 2 
log_{2} 8 + \log_{3} 9 + \log_{4} 1 
^{i + 2 j \times k^{3} - 2 \frac{j}{i}
_{1} - x_{2} + y_{1} - y_{2} + z_{1} - z_{2
frac{\tan \alpha - \tan \beta}{1 + \tan \alpha \tan \beta
sum_{i = 2 n + 3 m}^{1 0} i 
 + b + c + d + 
frac{\sin B + \sin C}{\cos B + \cos C
lim_{x \rightarrow \frac{1}{4}} \frac{1 - 4^{x - \frac{1}{4}}}{1 - 4 x
_x^x + y_y^y + z_z^z - x - y - 
int_{\log 3}^0 \frac 1 {e^t + 1} d 
_1 \times x_2 \times x_3 \times x_4 = 
frac{\sin \theta + \cos \theta + \tan \theta}{x + y + z
frac{1}{a} F \left( a x + b \right) + 
_1 \times x_2 \times x_3 \times x_4 = 
pi \int_c^d \{ g ( y ) \}^2 d 
 b^x \{ ( \frac a b )^x + 1 \} ]^{\frac 1 x
 + b + c + d + 
lim_{x \rightarrow \frac{\pi}{2} + 0} \tan x = - \inft
int \left( 2^{x} - 3 e^{x} \right) d 
 = \sqrt {a + \frac 1 {\sqrt {a + \frac 1 {\sqrt a}}}} + \sqrt 
int_{\log 3}^0 \frac 1 {e^t + 1} d 
lim_{x \rightarrow \frac{\pi}{2} + 0} \tan x = - \inft
_1^2 + 1^z - z_2^2 + 2^
sqrt{x - y - z + x^{2} + y^{2} + z^{2}
frac{2 \tan \alpha}{1 - \tan^{2} \alpha
sqrt{1 + \sqrt{2 + \sqrt{3 + \sqrt{4}}}
sqrt{1 + \sqrt{2 + \sqrt{3 + \sqrt{4}}}
int \left( 2^{x} - 3 e^{x} \right) d_{x
 = \sqrt {a + \frac 1 {\sqrt {a + \frac 1 {\sqrt a}}}} + \sqrt 
sqrt{1 + \sqrt{2 + \sqrt{3 + \sqrt{4}}}
 \frac 2 3 x^{\frac 3 2} ]_0^
_{1} - x_{2} + y_{1} - y_{2} + z_{1} - z_{2
_1^2 + 1^z - z_2^2 + 2^
 + b + c + d + 
^{i \pi} + 1 = 
_x^x + y_y^y + z_z^z - x - y - 
sqrt{1 + \sqrt{2 + \sqrt{3 + \sqrt{4}}}
sqrt {1 + \sqrt {2 + \sqrt {3 + \sqrt 4}}
left( x^{3} - x^{2} - x \right) \left( 2 x - 7 \right
_{n} = F_{n - 1} + F_{n - 2
log_2 \frac 1 2 + \log_4 \frac 2 
frac{\sin B + \sin C}{\cos B + \cos C
frac{1}{a} F \left( a x + b \right) + 
sum_{i = 2 n + 3 m}^{1 0} i 
sqrt{x - y - z + x^{2} + y^{2} + z^{2}
^{i + 2 j \times k^{3} - 2 \frac{j}{i}
sqrt{b^{2} - 4 a c
frac{\sin \theta + \cos \theta + \tan \theta}{x + y + z
lim_{x \rightarrow \frac{\pi}{2} + 0} \tan x = - \inft
_x^x + y_y^y + z_z^z - x - y - 
_1 \times x_2 \times x_3 \times x_4 = 
sqrt{x - y - z + x^{2} + y^{2} + z^{2}
_1^2 + 1^z - z_2^2 + 2^
left( x^{3} - x^{2} - x \right) \left( 2 x - 7 \right
left( x^{3} - x^{2} - x \right) \left( 2 x - 7 \right
 b^x \{ ( \frac a b )^x + 1 \} ]^{\frac 1 x
alpha_{n + 1} - 3 \beta = \frac{2}{3} \alpha_{n} + \beta - 3 \bet
sqrt{x - y - z + x^{2} + y^{2} + z^{2}
frac 2 {\frac {3 m - 2 n \times 9^n - 9^m} {2 n - 1}
frac 2 {\frac {3 m - 2 n \times 9^n - 9^m} {2 n - 1}
frac{1}{a} F \left( a x + b \right) + 
 \frac 2 3 x^{\frac 3 2} ]_0^
left( x^{3} - x^{2} - x \right) \left( 2 x - 7 \right
int_a^b \frac {\sqrt x} 2 d 
int_{\log 3}^0 \frac 1 {e^t + 1} d 
frac{\sin \theta + \cos \theta + \tan \theta}{x + y + z
sqrt {1 + \sqrt {2 + \sqrt {3 + \sqrt 4}}
frac{1}{a} F \left( a x + b \right) + 
_1^2 + 1^z - z_2^2 + 2^
 0 \times 2 9 x^{2 8
lim_{x \rightarrow \frac{1}{4}} \frac{1 - 4^{x - \frac{1}{4}}}{1 - 4 x
log_{2} 8 = 
_{1} + x_{2} = x_{3
_1^2 + 1^z - z_2^2 + 2^
sqrt {1 + \sqrt {2 + \sqrt {3 + \sqrt 4}}
_{1} - x_{2} + y_{1} - y_{2} + z_{1} - z_{2
_1^2 + 1^z - z_2^2 + 2^
sin x - \sin y - \sin \left( x - y \right
pi \int_c^d \{ g ( y ) \}^2 d 
frac{\tan \alpha - \tan \beta}{1 + \tan \alpha \tan \beta
_x^x + y_y^y + z_z^z - x - y - 
_1 \times x_2 \times x_3 \times x_4 = 
 b^x \{ ( \frac a b )^x + 1 \} ]^{\frac 1 x
sin^{2} \theta + \cos^{2} \theta = 
 = \frac{- b \pm \sqrt{b^{2} - 4 a c}}{2 a
sin^{2} \theta + \cos^{2} \theta = 
int_a^b \frac {\sqrt x} 2 d 
 b^x \{ ( \frac a b )^x + 1 \} ]^{\frac 1 x
frac{\tan \alpha - \tan \beta}{1 + \tan \alpha \tan \beta
sqrt {1 + \sqrt {2 + \sqrt {3 + \sqrt 4}}
int_{\log 3}^0 \frac 1 {e^t + 1} d 
^{2} + y^{2} \lt 
alpha_{n + 1} - 3 \beta = \frac{2}{3} \alpha_{n} + \beta - 3 \bet
_1^2 + 1^z - z_2^2 + 2^
 b^x \{ ( \frac a b )^x + 1 \} ]^{\frac 1 x
 \frac 2 3 x^{\frac 3 2} ]_0^
^{i \pi} + 1 = 
lim_{x \rightarrow - 1} \frac{x^{3} + 1}{x + 1
_{i} - x_{i + 1} + x_{i + 2
 + b + c + d + 
tan z = \frac{\sin z}{\cos z
lim_{x \rightarrow - 1} \frac{x^{3} + 1}{x + 1
sqrt{1 + \sqrt{2 + \sqrt{3 + \sqrt{4}}}
int \left( 2^{x} - 3 e^{x} \right) d 
_1^2 + 1^z - z_2^2 + 2^
sqrt{1 + \sqrt{2 + \sqrt{3 + \sqrt{4}}}
alpha_{n + 1} - 3 \beta = \frac{2}{3} \alpha_{n} + \beta - 3 \bet
 0 \times 2 9 x^{2 8
sqrt{1 + \sqrt{2 + \sqrt{3 + \sqrt{4}}}
lim_{x \rightarrow - 1} \frac{x^{3} + 1}{x + 1
frac{\sin \theta + \cos \theta + \tan \theta}{x + y + z
_1^2 + 1^z - z_2^2 + 2^
frac{\sin \theta + \cos \theta + \tan \theta}{x + y + z
lim_{x \rightarrow - 1} \frac{x^{3} + 1}{x + 1
_1 \times x_2 \times x_3 \times x_4 = 
_1^2 + 1^z - z_2^2 + 2^
 \frac 2 3 x^{\frac 3 2} ]_0^
sqrt{x - y - z + x^{2} + y^{2} + z^{2}
_x^x + y_y^y + z_z^z - x - y - 
log_2 \frac 1 2 + \log_4 \frac 2 
frac{1}{a} F \left( a x + b \right) + 
log_{2} 8 = 
tan z = \frac{\sin z}{\cos z
 0 \times 2 9 x^{2 8
lim_{x \rightarrow - 1} \frac{x^{3} + 1}{x + 1
log_2 \frac 1 2 + \log_4 \frac 2 
sqrt{b^{2} - 4 a c
frac{\tan \alpha - \tan \beta}{1 + \tan \alpha \tan \beta
sqrt{x - y - z + x^{2} + y^{2} + z^{2}
_{i} - x_{i + 1} + x_{i + 2
 + b + c + d + 
_1^2 + 1^z - z_2^2 + 2^
_1 \times x_2 \times x_3 \times x_4 = 
_{1} - x_{2} + y_{1} - y_{2} + z_{1} - z_{2
frac{\tan \alpha - \tan \beta}{1 + \tan \alpha \tan \beta
pi \int_c^d \{ g ( y ) \}^2 d 
frac{\sin B + \sin C}{\cos B + \cos C
lim_{x \rightarrow \infty} \int_0^x e^{- y^2} d y = \frac {\sqrt \pi} 
