x = r \cos \theta
x = r \cos \theta
x = r \cos \theta
x = r \cos \theta
x = r \cos \theta
x = r \cos \theta
x = r \cos \theta
x = r \cos \theta
x = r \cos \theta
x = r \cos \theta
x = r \cos \theta
x = r \cos \theta
x = r \cos \theta
x = r \cos \theta
x = r \cos \theta
x = r \cos \theta
x = r \cos \theta
x = r \cos \theta
a = b \cos C + c \cos B
a = b \cos C + c \cos B
a = b \cos C + c \cos B
a = b \cos C + c \cos B
a = b \cos C + c \cos B
a = b \cos C + c \cos B
a = b \cos C + c \cos B
a = b \cos C + c \cos B
a = b \cos C + c \cos B
a = b \cos C + c \cos B
a = b \cos C + c \cos B
a = b \cos C + c \cos B
a = b \cos C + c \cos B
a = b \cos C + c \cos B
a = b \cos C + c \cos B
a = b \cos C + c \cos B
a = b \cos C + c \cos B
y = r \sin \theta
y = r \sin \theta
y = r \sin \theta
y = r \sin \theta
y = r \sin \theta
y = r \sin \theta
y = r \sin \theta
y = r \sin \theta
y = r \sin \theta
y = r \sin \theta
y = r \sin \theta
y = r \sin \theta
y = r \sin \theta
y = r \sin \theta
y = r \sin \theta
y = r \sin \theta
y = r \sin \theta
y = r \sin \theta
b= c \sin B = c \cos A
b= c \sin B = c \cos A
b= c \sin B = c \cos A
b= c \sin B = c \cos A
b= c \sin B = c \cos A
b= c \sin B = c \cos A
b= c \sin B = c \cos A
b= c \sin B = c \cos A
b= c \sin B = c \cos A
b= c \sin B = c \cos A
b= c \sin B = c \cos A
b= c \sin B = c \cos A
b= c \sin B = c \cos A
b= c \sin B = c \cos A
b= c \sin B = c \cos A
M \in S
\sigma \in X
T \in E
\Delta L
\forall u \in V
\forall g\in G
\sigma \in G
\forall i\in I
\phi\in S
H \in P
M\ltN
\forall x \in E \exists y \in E xRy
151 \pm 143 \div 97
78 \pm 5 \times 47
1 - 1 + 1 - 1 + \ldots
1 \pm 20 - 173
42 - 85 - 18 \geq -25
v = 1
q = -e
\theta \rightarrow - \theta
q + 1
14 \times 87 \neq -196
y \neq x
148 - 141 \neq -4
12 \div 75 \geq 0
126 - 48 = 78
w = x+iy
19 \times 7 \leq 133
186 \pm 6 + 98 + 176 + 92
h = l + m + n
f+g
-2x
67 - 132 - 181 - 194 = -52
7 \times 154 \neq -1362
q\rightarrow0
\theta + \pi
a+c=b
3n-5
n-i
y = z x
t \rightarrow \infty
ax + by + cz + d=0
e = 2
0 \pm 145 - 35
f=g
X\rightarrow p\rightarrow q
100 \pm 15 \times 16
\pm i a
10 + 67 \leq 77
1 \leq e \leq v
x - n
p = 2n - 1
32 \pm 12 \times 15
z=0
\gamma = \pi-\alpha-\beta
30 - 180 + 70 \neq 294
t\neq 0
t=\frac\pi 2
c-\alpha u
X \leq y
172 - 111 - 55 - 187 \neq -83
X\rightarrow Y
3a + 2 \leq 5
n-1
n = 0
59 + 53 \neq -65
n\times d
ac=1
120 - 14 - 107 \leq 213
37 \times 45 \geq 1664
bd=Y
192 - 166 \neq 12
\exists x
a + bm
60 - 136 \geq -76
10x = 3
b \neq 0
x+dx
58 + 4 \geq 61
102 + 72 \geq 173
y+16=x
199 - 151 = 48
\pi r l
u \neq 0
a+b
34 \pm 89 \times 128
197 + 143 \geq 339
a + 0 = 0 + a = a
d = r
138 + 3 + 21 + 166 \leq 328
k \rightarrow \infty
125 - 86 \neq 38
k = 239
125 + 16 \neq 254
x = r \cos \theta
e=0
1 \times 7 \times 13 \times 19 = 1729
\beta = 1
2\neq 0
25 - 82 \leq -56
p = n \times m
1+1=2
24 - 151 = -127
n=34
170 \pm 8 \times 109
3\times 4\times 5\times 6=360
33 \times 163 \neq 3144
k=-1
2mn - m - n
b = 4
111 - 180 - 197 \leq -265
36 - 73 + 175 \leq 138
1 = -1
p = 4m + 1
118 \times 120 \neq -7084
2\pi n
r\sqrt 2
179 - 169 - 96 + 151 \geq 64
6+2b=12+6
a \times 0 = 0 \times a = 0
y=x\times x
14 \pm 173 + 86 - 61 + 178
6 \times 6 = 4 \times 9
100 + 189 \neq -81
c-a
129 \div 173 \leq 1
q = u 1 + v i + w j + x k
\alpha\times\beta
x \leq y
a \pm i b
p=\frac 1n
\forall x \in X
d=2
n=163
179 \times 188 = 33652
u = 3 j
k \leq 4
181 + 22 \geq 202
42 \times 172 \geq 7223
i=0
5 \sqrt 5 + 2 \sqrt 2
x = 3
2y - 3 = 7
b i + c j + d k
a=b=c
n \sin\alpha
au+bv=1
x = -a
c = 13
k=459
96 \pm 6 + 43 + 159 + 17 - 15
166 - 31 = 135
n = k+1
46 \pm 171 + 190
\theta = \phi
x = 1
p = a+b+c
69 + 42 = 111
X=Y+1
x+a = y+a
a+0=a
\alpha = \beta
y=x+3
1-x
0+0=0
yz=zy
2\pi xy=t
\alpha b + \beta =0
X=-\frac pe
j = s
y = ax + b
2ik\pi
4 + 4 + 2 \times 6 = 20
60 - 72 + 59 + 95 \geq 141
r \sin\theta
p = n - k
dx + ey +f =0
14 + 54 - 116 \neq -12
ab + nc = 1
ab=2
x = 3i
u=1-m
n=k+2t
99 \times 182 = 18018
ua + vb = 1
x + y
z-2
mn-1
2 \times 3
14 + 61 = 75
Y=0
135 \div 119 \geq 0
\alpha+\gamma = \beta
t = 18
ad - bc \neq 0
4ac
20 + 49 + 4 + 109 - 83 \neq -42
k = 1
133 + 145 \neq -88
x=b
z \pm ct
\pi-t
a \leq x \leq b
q = a 1 + b i + c j + d k
143 \pm 191 \times 7
2j+1
24 - 43 \neq 18
r=\alpha
166 - 147 - 56 = 75
2n=40
m + i
7 \times 73
a b c d
65 \times 197 \leq 12805
XY = YX
178 + 61 \neq 565
\beta = \pi
i = i + 1
y-x
\frac a x = b
ap + bq
x \rightarrow a
y = 0
x - y = x -y
\pi-e
60 - 142 - 58 \leq -139
k \times n
8\times 8=64
a+b+c
38 + 147 \leq 185
31 + 54 = 85
93 + 62 + 79 \neq -126
167 \pm 137 + 159
152 + 156 \geq 307
q = - 35
n=1
47 - 64 \leq -16
872-91=881-100=781
59 - 135 + 125 \geq 48
183 \times 99 \geq 18116
po\beta
184 + 176 + 13 - 98 \leq 275
Y=X+a
k+1
X-2
a = c
141 + 160 = 301
n = 255
a+b+c=0
m \leq m-r
y \neq 0
p+1+2\sqrt p
c = 12
77 + 113 \geq 189
a \neq -1
c=c+1
0 \pm 186 + 33 - 170 - 63
y+16
85 - 187 + 67 - 45 - 80 \neq -14
a = \alpha + i\beta
252 = 28 \times 9
n+1
57 + 117 \geq 173
i\leq k-1
k=2
m = -1
54 - 127 \leq -72
x = 2 \times 70 + 3 \times 21 + 2 \times 15 = 233
18-19
7 \times 5 = 7 + 7 + 7 + 7 + 7 = 35
wc = vb
x - y
72 \pm 78 - 187 + 0
d-1
154 \times 186 \leq 28644
25 \times 100 \geq 2499
2 \pi r h
\pi+e
151 \times 148 \leq 22348
z-1
x -x = 0
n-2=3
129 + 136 = 265
\alpha=1
2 + 111 + 40 - 185 + 47 \neq 12
141 - 57 \leq 84
141 - 57 \leq 84
103 \pm 144 + 113 + 27
2 \times 2-2 \times 1-2 \times 1=2 \times 1-1 \times 1-1 \times 1
192 \pm 182 - 43
110 - 84 \neq 1
\alpha + 0 = \alpha
0\leq p \leq 1
131 + 179 \neq -134
160 \pm 110 \times 46
c = 4
151 \pm 58 - 162
p=2r+1
78 \pm 53 - 161
x + n
s = 3
95 \times 47 \leq 4465
r\rightarrow 0
-\sin x
\gamma = \infty
n=5
1 + 19 - 147 + 100 = -227
sn = 1
18 \times 70 = 1260
174 \div 7 \leq 25
177 + 153 - 172 \leq 158
a = 3
75 - 35 - 86 + 96 \geq 221
h = - r
36 \times 137 = 4932
y=z
154 + 13 \leq 167
148 \times 133 \leq 19684
\int dx
143 \div 178 \geq 0
192 \times 183 = 35136
m = m + i - e
q \times p
d = kb
a = -1 \times 9
7\times 2
\alpha\beta0
y \in Y
3\times e
2m-m=m
m-g+1
68 \pm 171 \div 133
8 \times 5 = 40
X \rightarrow k
k = n + m
86 \pm 179 + 173
2 + 2 = 4
x= c \times \beta
38 + 61 \leq 99
88 + 122 = 210
n=1500
7 + 140 = 147
y=b+ie
45 - 152 + 149 \neq -98
174 + 43 = 217
95 - 135 \neq -5
z=x+i
110 - 175 \geq -65
q+s =n
1 - 39 \neq 46
3-\alpha
a+b = b
0\leq l\leq k
48 \pm 159 + 131
111 + 48 + 51 \neq -148
127 + 85 - 198 \geq 13
89 + 27 \leq 116
q \neq 1
a\leq b
2mgl
5+9+5=19
123 \pm 95 + 125
117 \pm 85 \div 109
k=k+1
2k+1
1245\times 26 - 279 \times 116 = 6
y = a\times x
6 \times n + 1
37 + 10 \leq 47
107 - 110 - 60 \geq -63
q = a + bi + cj + dk
50 \pm 151 \div 44
93 \times 67 \neq 4755
117 \pm 173 \times 33
1 + 0i
1 \times 97 \geq 96
60 = 2 \times 2 \times 3 \times 5
u\times v
a - 1 = n
2\times e
97 - 187 \geq -90
8 + 104 - 8 = 104
-3x
2 - 5i
2x = f + y
\cos\theta = \beta
196 + 68 + 7
6a + 2b = 2x + y
x=61-5=56
r \cos\theta
p = k + 1
n\rightarrow \infty
t = 8
65 + 28 + 151
w=xyz
2i \pi
69 \times 15 = 1035
ay + bx = c
X=x+iy
a=-1
3x + 5 = 15
136 - 91 + 147 \geq -102
\alpha = 3
2\pi f
lh+lk
a + b + c + d + e
a + b + c + d + e
a + b + c + d + e
a + b + c + d + e
a + b + c + d + e
a + b + c + d + e
a + b + c + d + e
a + b + c + d + e
a + b + c + d + e
a + b + c + d + e
a + b + c + d + e
a + b + c + d + e
a + b + c + d + e
a + b + c + d + e
a + b + c + d + e
a + b + c + d + e
a + b + c + d + e
a + b + c + d + e
a + b + c + d + e
a + b + c + d + e
a + b + c + d + e
a + b + c + d + e
a + b + c + d + e
a + b + c + d + e
a + b + c + d + e
a + b + c + d + e
a + b + c + d + e
 44 
 R 
 \mu 
 i 
 31 
 \log 5 
 V 
 9 
 q 
 02 
 4862 
 77 
 Y 
 0 
 i 
 L 
 72 
 n 
 c 
 p 
 20 
 \sigma 
 X 
 \cos I 
 m 
 5 
 \sin 5 
 \sin \gamma 
 3 
 E 
 9 
 4 
 t 
 \pi 
 6 
 m 
 \mu 
 g 
 b 
 z 
 y 
 8 
 z 
 2 
 87 
 m 
 v 
 i 
 R 
 0 
 \sin p 
 975 
 t 
 t 
 6 
 p 
 \sigma 
 G 
 \gamma 
 e 
 9 
 1 
 4 
 76 
 l 
 z 
 i 
 s 
 \cos 2 
 t 
 j 
 66 
 6 
 441 
 2 
 6 
 30 
 5 
 \gamma 
 R 
 9 
 V 
 \cos 2 
 R 
 7 
 \sigma 
 y 
 11 
 31 
 \log v 
 \tan 9 
 o 
 \phi 
 \alpha 
 f 
 \tan s 
 a 
 p 
 \theta 
 \cos 3 
 83 
 g 
 \mu 
 8 
 \int \sigma dg 
 b 
 z 
 7 
 22 
 \pi 
 Y 
 N 
 \pi 
 2 
 4 
 \sigma 
 x 
 t 
 5 
 h 
 959 
 1 
 P 
 x 
 0 
 55 
 \cos 5 
 79 
 7 
 23 
 2 
 \sigma 
 H 
 o 
 \mu 
 f 
 4 
 4 
 9 
 3 
 q 
 4 
 E 
 \int 9 dB 
 83 
 x 
 15 
 4 
 96 
 m 
 X 
 22 
 p 
 \sigma 
 b 
 Y 
 \gamma 
 j 
 \pi 
 69 
 X 
 \mu 
 2 
 1 
 1 
 u 
 q 
 \mu 
 \pi 
 4 
 s 
 j 
 \alpha 
 6 
 1 
 33 
 \beta 
 \sigma 
 0 
 20 
 5 
 4 
 36 
 i 
 \Delta 
 t 
 H 
 N 
 Y 
 \pi 
 \int w dN 
 i 
 6 
 a 
 t 
 \alpha 
 g 
 1 
 7 
 u 
 q 
 \beta 
 N 
 t 
 \pi 
 \alpha 
 h 
 a 
 7 
 2 
 20 
 \alpha 
 9 
 5 
 8 
 4277 
 \pi 
 r 
 33 
 m 
 \int \alpha d \Delta 
 80 
 e 
 \pi 
 \int l dt 
 \pi 
 b 
 1 
 6 
 t 
 \lambda 
 \alpha 
 S 
 X 
 m 
 o 
 c 
 r 
 v 
 \phi 
 \theta 
 T 
 9 
 4 
 0 
 \sigma 
 l 
 5 
 \lambda 
 5 
 06 
 G 
 s 
 \log \Delta 
 \lambda 
 t 
 o 
 \sigma 
 0 
 05 
 55 
 q 
 C 
 p 
 \sigma 
 Y 
 j 
 \sin 9 
 \pi 
 s 
 1 
 3 
 \sin y 
 26 
 z 
 35 
 p 
 6 
 j 
 \beta 
 57 
 \beta 
 0 
 5 
 \alpha 
 a 
 25 
 j 
 h 
 R 
 s 
 a 
 t 
 j 
 z 
 537 
 m 
 21 
 z 
 1 
 t 
 99 
 x 
 \Delta 
 \sigma 
 B 
 \log \phi 
 R 
 f 
 b 
 \beta 
 \int 6 df 
 \pi 
 \alpha 
 80 
 m 
 y 
 x 
 h 
 t 
 9 
 A 
 s 
 36 
 5 
 p 
 \alpha 
 0 
 84 
 i 
 \phi 
 t 
 1 
 2 
 938 
 41 
 \sin z 
 5 
 4 
 t 
 i 
 \alpha 
 4 
 \mu 
 o 
 I 
 G 
 C 
 5 
 T 
 a 
