formulaire002-equation004.png 0
formulaire002-equation014.png 1
formulaire002-equation039.png 2
formulaire003-equation005.png 3
formulaire003-equation009.png 4
formulaire003-equation044.png 5
formulaire003-equation048.png 6
formulaire003-equation051.png 7
formulaire003-equation055.png 8
formulaire004-equation023.png 9
formulaire004-equation026.png 10
formulaire004-equation038.png 11
formulaire004-equation043.png 12
formulaire004-equation061.png 13
formulaire004-equation063.png 14
formulaire005-equation003.png 15
formulaire005-equation056.png 16
formulaire005-equation059.png 17
formulaire005-equation061.png 18
formulaire006-equation058.png 19
formulaire006-equation066.png 20
formulaire007-equation013.png 21
formulaire007-equation031.png 22
formulaire007-equation064.png 23
formulaire008-equation016.png 24
formulaire008-equation028.png 25
formulaire008-equation063.png 26
formulaire008-equation070.png 27
formulaire009-equation021.png 28
formulaire009-equation031.png 29
formulaire009-equation036.png 30
formulaire009-equation056.png 31
formulaire009-equation073.png 32
formulaire010-equation058.png 33
formulaire010-equation065.png 34
formulaire011-equation003.png 35
formulaire011-equation021.png 36
formulaire011-equation022.png 37
formulaire011-equation023.png 38
formulaire011-equation038.png 39
formulaire011-equation044.png 40
formulaire012-equation023.png 41
formulaire012-equation056.png 42
formulaire012-equation062.png 43
formulaire013-equation036.png 44
formulaire013-equation041.png 45
formulaire013-equation047.png 46
formulaire014-equation003.png 47
formulaire014-equation028.png 48
formulaire014-equation036.png 49
