formulaire014-equation039.png 50
formulaire014-equation046.png 51
formulaire014-equation052.png 52
formulaire014-equation056.png 53
formulaire015-equation001.png 54
formulaire015-equation003.png 55
formulaire015-equation035.png 56
formulaire015-equation041.png 57
formulaire015-equation058.png 58
formulaire015-equation059.png 59
formulaire015-equation070.png 60
formulaire015-equation071.png 61
formulaire015-equation073.png 62
formulaire016-equation021.png 63
formulaire016-equation036.png 64
formulaire016-equation038.png 65
formulaire016-equation041.png 66
formulaire016-equation056.png 67
formulaire016-equation064.png 68
formulaire016-equation068.png 69
formulaire017-equation029.png 70
formulaire017-equation031.png 71
formulaire017-equation043.png 72
formulaire017-equation046.png 73
formulaire017-equation056.png 74
formulaire017-equation062.png 75
formulaire017-equation074.png 76
formulaire018-equation012.png 77
formulaire018-equation013.png 78
formulaire018-equation018.png 79
formulaire018-equation022.png 80
formulaire018-equation040.png 81
formulaire018-equation048.png 82
formulaire018-equation067.png 83
formulaire019-equation011.png 84
formulaire019-equation016.png 85
formulaire019-equation021.png 86
formulaire019-equation039.png 87
formulaire019-equation064.png 88
formulaire020-equation005.png 89
formulaire020-equation008.png 90
formulaire020-equation009.png 91
formulaire020-equation018.png 92
formulaire020-equation023.png 93
formulaire020-equation038.png 94
formulaire020-equation046.png 95
formulaire020-equation062.png 96
formulaire020-equation068.png 97
formulaire020-equation073.png 98
formulaire021-equation028.png 99
