\frac { - b + \sqrt { b ^ 2 - 4 a c } } { 2 a }
\mbox { e }
{ \mbox { G } + 6.2 }
6
\mbox { S }
1
{ \mbox { p } + \mbox { w } }
\frac { { - { 80.1 Y } } } { { \mbox { a } { F \mbox { E } } } }
1
\frac { { \mbox { L } + L } } { { \mbox { z } - \mbox { M } } }
{ \mbox { V } + { V } _ { \mbox { b } } }
\int _ { 0 } ^ { \infty } \frac { z } { \sqrt { z ^ 3 + 14 } } d z
\left ( \mbox { i } \right )
{ \sin } ^ { \mbox { p } } P
{ \sigma d }
\frac { { \mbox { z } } ^ { g } } { \mbox { I } }
{ \mbox { f } + V }
{ \mbox { x } } ^ { \frac { T } { { g } _ { \mbox { EE } } } }
{ - \left ( \mbox { S } \right ) }
{ - \int z d \beta }
{ \mbox { y } = \sum _ { { \mbox { e } \geq \mbox { R } } } { e } }
\mbox { tS }
{ { \left ( E \right ) } ^ { { \mbox { h } - j } } \phi }
{ - \mbox { a } }
9
\mbox { d }
{ { - q } - { \mbox { S } + H } }
\sqrt { 1 + \sqrt { 1 + \sqrt { 1 + \sqrt { x } } } }
\frac { 1 } { 3 } \pi r ^ 2 h
\mbox { A }
\frac { \phi } { 5 }
{ F } ^ { { \Delta + \alpha } }
{ \mbox { r } } _ { \mbox { F } }
\int ^ { e } _ { { \mbox { a } } ^ { \sigma } } { \mbox { L } + \mbox { w } } dq
\sum { \mbox { o } }
{ - M }
\mbox { z }
{ - { g \mbox { m } } }
\sum { { \mbox { v } + f } }
\frac { \beta + \gamma } { \theta }
{ - f \left ( X \right ) }
\frac { { \mbox { R } \beta } } { \mbox { u } }
\phi
\left ( \sin \left ( x \right ) ^ 2 + 3 \cos \left ( x \right ) ^ 2 \right ) ^ 4
\mbox { z }
\int _0 ^ \pi \cos \left ( \frac { \theta } { 2 } \right ) d \theta
\left [ \int b dI \right ]
\sqrt { { \cdots + u } }
\sqrt { 60 }
\alpha
{ \mbox { R } } _ { X }
\left ( 6 \right )
\int e ^ { x ^ 2 } x ^ 3 d x
\mbox { C }
\tan \left ( \frac { \pi } { 2 } \right ) = \infty
\frac { x_1 } { \frac { x_2 } { \frac { x_3 } { x_4 } } }
\mbox { jS }
\frac { \mbox { i } } { { \mbox { G } \mbox { S } } }
2 \alpha + 3 \sqrt { \beta }
{ \mbox { H } = \mbox { o } }
{ t - 1.0 }
{ 7 X }
05
\sin \left ( \frac { \pi } { 3 } \right ) = \frac { 1 } { 2 }
\sum { \mbox { n } }
\sum { \sqrt { { { - L } - { u - i } } } }
\sqrt { { \mbox { N } - \mbox { P } } }
{ \Delta } _ { p }
4
{ \sigma + \sum { \mbox { n } } }
{ - d }
\mbox { t }
\int 0.0 dq
\sum { \left [ { t + { L - \mbox { G } } } \right ] }
{ - \int V dt }
{ p } _ { \mbox { i } }
\mbox { w }
4
{ - i }
\frac { \pi r ^ 2 h } { 3 }
\mbox { A }
{ y \leq \sum { \mbox { j } } }
\pi
{ { z a } + \mbox { l } }
\left [ 7.6 \right ]
\sqrt { \int \sqrt { \mbox { n } } dL }
{ { \mbox { P } - \sqrt { 4 } } \lt \left [ \mbox { k } \right ] }
{ \cdots - 5 }
\sqrt { { 8 + I } }
{ - \mbox { Y } }
26
6
\sqrt { { \mbox { C } - \lambda } }
\frac { \sin \left ( x \right ) } { \cos \left ( x \right ) } = \tan \left ( x \right )
\mbox { i }
{ - { 6 \mbox { o } } }
\mbox { F }
{ \sin } ^ { \gamma } 7
\sum { \phi }
{ - q }
{ { \mbox { C } } _ { \mbox { q } } s }
{ 6.1 \sum { \mbox { e } } }
99
\frac { { \mbox { l } + \sum { h } } } { \mbox { z } \left ( b \right ) }
\cos \frac { E } { \mbox { M } }
\sqrt { { \mu + 6 } }
r
t
\frac { \sin \left ( x \right ) } { \cos \left ( x \right ) } = \tan \left ( x \right )
13 + \pi r ^ 2
\frac { - b + \sqrt { b ^ 2 - 4 a c } } { 2 a }
{ E { H z } }
\mbox { i }
\frac { 1 } { 3 } \pi r ^ 2 h
a + \sqrt { \frac { b + c } { d + f } }
\sqrt { { a } ^ { { p - n } } }
\alpha
\sqrt { 1 + \sqrt { 1 + \sqrt { 1 + \sqrt { x } } } }
\frac { \mbox { s } } { \int 9 dN }
\sqrt { \mbox { p } }
a x ^ 4 + b x + c = 0
{ 6 \sum _ { { V \gt E } } { { \mbox { m } - \frac { \mbox { R } } { \mbox { H } } } } }
{ \sin } ^ { r } \pi
a ^ x + b ^ x + \frac { c } { 2 }
\mbox { t }
{ - v }
{ - { \sigma \mbox { m } } }
{ \mbox { p } } _ { \mbox { c } }
{ \sqrt { \mbox { V } } } ^ { \beta }
{ \beta \mbox { r } }
{ y + \left ( \mbox { T } \right ) }
\frac { \pi r ^ 2 h } { 3 }
\sqrt { { \phi + \mbox { c } } }
{ \left [ \sum { \mbox { h } } \right ] \lt \sum { { f + n } } }
2.9
\sum _ { { h \gt \pi } } { { I - q } }
25
\sqrt { \mbox { L } }
s
\mbox { j }
8.5
\pi
{ \mbox { zB } } _ { B }
\sum { \mbox { B } }
\mbox { oP }
\mbox { i } \left ( \left [ 0 \right ] \right )
\sum { \sqrt { x } }
\int \left ( \mbox { q } \right ) dp
\frac { { \frac { v } { \mbox { R } } { \mbox { v } } _ { d } } } { \mbox { R } }
{ - \int \mbox { A } dV }
\mbox { i }
\frac { { \mbox { H } - { X - \mbox { x } } } } { \sqrt { G } }
{ \sqrt { { o + \mbox { T } } } } ^ { y }
\int ^ { \mbox { v } } _ { H } { - m } dz
{ { \mbox { Y } - f } \leq \mbox { z } }
\sin \left ( \frac { \pi } { 4 } \right ) = \frac { 1 } { \sqrt { 2 } }
\frac { \mbox { G } } { { f \mbox { P } } }
\frac { { \cdots + \gamma } } { \left [ N \right ] }
6
\left ( \int ^ { t } _ { \mbox { a } } \sum { \mu } dg \right )
2.6
9
\left [ \int u dc \right ]
\mbox { w }
a + \frac { \sqrt { b + c } } { 2 }
4
x ^ 2 + y ^ 2 = z ^ 2
{ \mbox { i } } _ { { e } _ { \mbox { V } } }
\cos \left ( 0 \right ) = 1
{ C = { \mbox { s } } ^ { \mbox { i } } }
4.8
{ V = \left ( n \right ) }
{ \mbox { z } - \left ( \theta \right ) }
89.6
6.7
\mbox { a }
\frac { 1 } { 3 } \pi r ^ 2 h
\mu
\left ( { R \mbox { Y } } \right )
66
\mbox { tjb }
\mbox { z }
\sqrt { \frac { 2 z ^ 3 } { \sqrt { \frac { 3 z ^ 2 } { \sqrt { 4 z } } } } }
p
\sum { M }
\sqrt { { \mbox { p } - E } }
{ \left [ 8 \right ] } ^ { u }
t
\frac { x_1 } { \frac { x_2 } { \frac { x_3 } { x_4 } } }
\sum { \mbox { E } }
{ \mbox { e } + \left ( h \right ) }
{ \mbox { G } + \sqrt { \mbox { k } } }
\sigma
\left ( \frac { \mbox { o } } { \left [ \mbox { i } \right ] } \right )
{ - \mbox { r } }
\frac { { A - \mbox { h } } } { \mbox { N } }
\sqrt { 1 + \sqrt { 1 + z ^ 2 } }
\frac { 1 } { \sin \left ( x \right ) + 1 }
{ y } _ { L }
\sqrt { A }
{ \sin } ^ { \mbox { Y } } 8
\sqrt { \mbox { L } }
\int \left ( n \right ) d { \mbox { w } } _ { m }
\mbox { j }
{ \cdots + \mbox { g } }
\frac { v } { { - n } }
{ z } _ { \mbox { y } }
13 + \pi r ^ 2
j
{ \cdots - n \left ( \mbox { y } \right ) }
\mbox { hB }
\cos { R } ^ { \mbox { g } }
\sqrt { { \cdots - { k - \mbox { H } } } }
\frac { 1 } { 3 } \pi r ^ 2 h
\mbox { h }
\mbox { izu }
\sin ^ 2 ( x ) + \cos ^ 2 ( x ) = 1
e
\left ( \lambda \right )
\sum { \sqrt { x } }
{ \mbox { k } - \mbox { m } }
{ q \sum _ { { R \gt m } } { { \mbox { G } - z } } }
\frac { 94.7 } { { \mbox { Y } h } }
{ F } ^ { p }
\mbox { F }
\mbox { gu }
\int e ^ { x ^ 2 } x ^ 3 d x
{ B \left ( p \right ) \lt { \mbox { q } + \mbox { G } } }
\sum { \alpha }
\mbox { f }
{ \mbox { m } + \sum { z } }
{ \mbox { o } = \frac { z } { \mbox { C } } }
\sqrt { \alpha }
{ u } _ { \theta }
\mbox { ip }
\sqrt { \mbox { P } }
R
{ \mbox { V } } _ { \phi }
\sqrt { { \mbox { i } + r } }
{ \sqrt { \mbox { u } } + { H } ^ { \mbox { E } } }
{ - \mbox { X } }
{ \left [ { t + o } \right ] } ^ { { v } _ { P } }
{ - \sum { \mbox { l } } }
\mbox { Gjt }
c
\left [ { - \sigma } \right ]
\int { \gamma } ^ { f } dm
q
{ { - v } + \left [ l \right ] }
{ { \mbox { x } + C } \gt \mbox { C } }
\sum _m f \left ( m + 3 \right )
\left ( \sum { \mbox { S } } \right )
\mbox { nL }
96
{ - 7.9 }
{ { k } _ { z } B }
\sum _ { { g \gt { \mbox { R } } ^ { r } } } { { u + \left ( \mbox { c } \right ) } }
\frac { \mbox { y } } { \mbox { f } }
{ x } _ { \mbox { G } }
\log _2 \left ( 2 ^ 5 \right ) = 5
\frac { 1 } { 3 } \pi r ^ 2 h
\mbox { e }
a ^ x + b ^ x + \frac { c } { 2 }
\sqrt { { b + f } }
\left [ \mbox { T } \right ]
{ - \mbox { x } }
{ \theta \leq { \mbox { f } + \frac { \beta } { 7 } } }
{ { - p } = \sum { \mbox { Y } } }
\left ( { \mbox { b } } ^ { e } \right )
\frac { x_1 } { \frac { x_2 } { \frac { x_3 } { x_4 } } }
6.0
\mbox { q }
\mbox { iR }
\int \log \mbox { L } dg
\int \frac { \sin \left ( x \right ) + 1 } { \sqrt { \cos ^ 3 \left ( x \right ) + \tan \left ( x \right ) } } d x
{ - \sum _ { { 8 \geq \mbox { d } } } { \sqrt { \mbox { x } } } }
{ - \sum { \mbox { T } } }
a + \frac { \sqrt { b + c } } { 2 }
\sin \left ( \frac { \pi } { 4 } \right ) = \frac { 1 } { \sqrt { 2 } }
4
{ \frac { { \mbox { j } \left ( \mbox { s } \right ) - \sum { \mbox { X } } } } { { S } _ { { X } _ { f } } } \sum { \mbox { F } } }
t
{ \mbox { F } - \tan \mbox { c } }
\tan \left ( \frac { \pi } { 2 } \right ) = \infty
o \left ( \sum { \gamma } \right )
\frac { - b - \sqrt { b ^ 2 - 4 a c } } { 2 a }
\frac { \beta + \gamma } { \theta }
{ - r }
x
{ - y }
\left ( 7.0 \right )
\frac { \theta } { { m - 3 } }
{ { - E } + \mbox { B } }
{ - \sigma }
\left ( \sqrt { l } \right )
3.7
e ^ { \int x ^ 2 d x }
\left [ { \sigma } ^ { \gamma } \right ]
{ 9.2 { \mbox { R } } _ { \beta } }
\frac { I } { 4 }
{ 1 \sum { x } }
\mbox { s }
\left ( { T } ^ { \mbox { T } } \left ( \pi \right ) \right )
{ { - F } - { F } ^ { x } }
{ - \left [ { X - C } \right ] }
{ - \mbox { G } }
{ \mbox { NY } } _ { \mbox { I } }
j
{ \lambda } ^ { { \cdots + 7.8 } }
\log v
{ - \mbox { r } }
{ f } ^ { \mbox { k } } \left ( \mbox { w } \right )
\left [ { P } _ { V } \right ]
\int \mbox { C } ds
31
\sqrt { { \mbox { Y } - \mbox { M } } }
1 + \frac { \sqrt { a ^ 2 + 1 + b } } { 3 }
o
{ - L \left ( \mbox { a } \right ) }
{ 9.8 u }
{ \cdots + { \mbox { A } \mbox { s } } }
{ { \mbox { o } } _ { \sigma } \frac { { \mbox { e } + i } } { \mbox { C } } }
\sum { \left [ \left [ \mbox { Y } \right ] \right ] }
\frac { { { - \mbox { h } } - { \mbox { e } } _ { \mbox { C } } } } { \sum _ { { 6 \gt S } } { { \sin } ^ { G } \mbox { k } } }
\mbox { p }
\int 9 dB
m
\mbox { y }
{ - I }
{ \mbox { j } } _ { m }
\mbox { E }
\mbox { x }
2 \alpha + 3 \sqrt { \beta }
\frac { 4 } { 3 } \pi r ^ 3
08.4
\frac { - b - \sqrt { b ^ 2 - 4 a c } } { 2 a }
{ \pi } ^ { { - { d \sum { \mbox { H } } } } }
\frac { \pi r ^ 2 h } { 3 }
{ \cdots - \sqrt { \mbox { h } } }
\left [ \mbox { B } \left ( \mbox { x } \right ) \right ]
\sum { M }
\sum { \mbox { P } }
{ { \mbox { f } } _ { \mbox { z } } } ^ { q } \left ( j \right )
\mbox { u }
{ \left ( { \mbox { i } - N } \right ) } ^ { { \mbox { f } + \left [ \mbox { P } \right ] } }
\gamma
{ \mbox { u } \mbox { M } }
\frac { \pi r ^ 2 h } { 3 }
{ 3 \mbox { S } }
{ - \sum { l } }
{ - \sum { \mbox { m } } }
{ M - F }
a + \sqrt { \frac { b + c } { d + f } }
a x ^ 4 + b x + c = 0
{ \mbox { i } - { a \mbox { z } } }
a + \frac { \sqrt { b + c } } { 2 }
{ \frac { { c - \mbox { d } } } { \mbox { p } } \mbox { u } }
a + \frac { \sqrt { b + c } } { 2 }
\left [ c \right ]
0.0
{ \mbox { g } { \mbox { i } m } }
{ u \geq \sqrt { z } }
\sum { { \mbox { t } - \lambda } }
\tan \left ( \frac { \pi } { 2 } \right ) = \infty
p
\frac { - b + \sqrt { b ^ 2 - 4 a c } } { 2 a }
1 + \frac { \sqrt { a ^ 2 + 1 + b } } { 3 }
\left ( \sin \left ( x \right ) ^ 2 + 3 \cos \left ( x \right ) ^ 2 \right ) ^ 4
\sum { { I - \phi } }
\frac { n } { \mbox { u } }
4.7
\left [ { P } _ { \mbox { I } } \right ]
\mbox { l } \left ( \mbox { h } \right )
{ \mbox { H } - 8.9 }
\left ( 2 \right )
08.3
\mbox { r }
\frac { 1 } { \sin \left ( x \right ) + 1 }
\mbox { f }
1
\sum _ { n = 1 } ^ N \left ( - 1 \right ) ^ n \sin \left ( n x \right )
\sqrt { \mbox { y } }
\mbox { w }
\sqrt { { m - { \mbox { h } + I } } }
\sqrt { { - 1 } }
G
k ^ 3 + 14 k ^ 2 - 132 k + 1789
\mbox { xB }
9
9.3
\sqrt { { i + \mbox { M } } }
{ \cdots - g }
\frac { \pi r ^ 2 h } { 3 }
{ \cdots + \frac { t } { y } }
\sqrt { { \mu } _ { \mbox { k } } }
9.2
{ { 8 + { \mbox { A } \mbox { m } } } \gt \sum { X } }
\sqrt { \frac { 2 z ^ 3 } { \sqrt { \frac { 3 z ^ 2 } { \sqrt { 4 z } } } } }
a + \sqrt { \frac { b + c } { d + f } }
\log _2 \left ( 2 ^ 5 \right ) = 5
6.2
{ \sqrt { X } } ^ { \mbox { t } }
\int _ { 0 } ^ { \infty } \frac { z } { \sqrt { z ^ 3 + 14 } } d z
\left [ { \cdots - o } \right ]
{ - { \mbox { G } \mbox { V } } }
Y
4862
13 + \pi r ^ 2
{ \mbox { X } t }
p
\left ( 6 \right )
\sqrt { { { - \mbox { x } } - \int \mbox { M } dT } }
\mbox { G }
\mbox { R }
\sqrt { { \mbox { z } + \mbox { V } } }
{ \beta - 0.4 }
G
\sum { \mbox { n } }
m
{ \mbox { X } } _ { u }
\sqrt { k }
\mbox { p }
{ \cdots - 7 }
\int _ { 0 } ^ { \infty } \frac { z } { \sqrt { z ^ 3 + 14 } } d z
\mbox { wX }
\sqrt { { o - \mbox { L } } }
\mbox { f }
{ b } ^ { m }
\frac { x_1 } { \frac { x_2 } { \frac { x_3 } { x_4 } } }
{ \mbox { m } \mbox { d } }
\left ( 5 \right )
0.7
\left ( \mbox { C } \right )
{ \mbox { z } } _ { \mbox { j } }
\mbox { i }
{ \mbox { d } \sum { h } }
\mbox { f }
\sqrt { { \mbox { g } + e } }
\int e ^ { - z ^ 2 } d z = \mbox { erf } \left ( z \right )
2.4
a ^ { b ^ { c ^ d } }
\sqrt { 1 + \sqrt { 1 + z ^ 2 } }
\sum _m f \left ( m + 3 \right )
{ v } ^ { \frac { \mbox { p } } { \mbox { m } } }
j
b
1 + \frac { \sqrt { a ^ 2 + 1 + b } } { 3 }
\frac { \sqrt { 1 + \cos ^ 2 \left ( \theta \right ) } } { 2 } = \cos \left ( 2 \theta \right )
\sin ^ 2 ( x ) + \cos ^ 2 ( x ) = 1
{ - \mbox { h } \left ( \mbox { i } \right ) }
\mbox { s }
0.3
{ f + { L \mbox { V } } }
\left [ \mbox { h } \right ]
\frac { { { - 4 } + { L } ^ { I } } } { \sqrt { \mbox { X } } }
I
\frac { \beta + \gamma } { \theta }
\mbox{X}\neq\mbox{F}
64.40
{ { P - \mbox { m } } \geq \left ( 3 \right ) }
{ \mbox { g } } _ { \mbox { w } }
\log 5
\mbox { s }
z
\mbox { k }
{ \mbox { z } } _ { h }
\sqrt { Y }
\frac { 1 } { \sin \left ( x \right ) + 1 }
\sqrt { { n + \mbox { f } } }
{ i + \frac { F } { \mbox { g } } }
a ^ { b ^ { c ^ d } }
\tan s
\mu
\left [ { \sqrt { { \sin } ^ { r } \mbox { v } } } ^ { { \mbox { u } + { B E } } } \right ]
a ^ { b ^ { c ^ d } }
\log _2 \left ( 2 ^ 5 \right ) = 5
a
{ - { F } _ { A } }
\sqrt { P }
{ \mbox { x } \geq \mbox { r } }
\frac { { \mbox { g } + \mbox { g } } } { { \mbox { x } - \gamma } }
\sqrt { { { - \sum { 1 } } + { \mbox { j } - \frac { \mbox { s } } { { \theta - \mbox { G } } } } } }
\left [ \sum { X } \right ]
\mbox { ut }
\frac { \mbox { A } } { i }
{ \cdots + { V - d } }
2
44
x ^ 2 + y ^ 2 = z ^ 2
{ \mbox { t } } _ { { \mbox { T } } _ { \mbox { x } } }
\frac { 76 } { \sqrt { { \mbox { z } - k } } }
4
\cos \left ( 0 \right ) = 1
\mbox { a }
{ \frac { \mbox { a } } { \phi } \frac { \mbox { s } } { V } }
{ \frac { \mbox { E } } { \mbox { S } } \int q dY }
\tan \left ( \frac { \pi } { 4 } \right ) = 1
\sqrt { { \mbox { H } } _ { \mbox { u } } }
{ { \mbox { T } } ^ { { \mbox { d } + \mbox { v } } } \left [ \mu \right ] }
{ \mbox { p } = I }
{ { - h } - \frac { E } { x } }
\int _0 ^ \pi \cos \left ( \frac { \theta } { 2 } \right ) d \theta
6
\frac { \beta + \gamma } { \theta }
\left ( \mbox { d } \right )
{ - S }
{ r } ^ { \mbox { Vw } }
{ { - u } - \sqrt { e } }
0.8
{ \mbox { w } } _ { \mbox { Y } }
q
\mbox { y }
{ T } ^ { { \mbox { c } + \mbox { L } } } \left ( \mbox { m } \right )
\phi
\sqrt { { g - R } }
{ \frac { n } { o } \sum { \alpha } }
\sqrt { \mbox { A } }
\tan \left ( \frac { \pi } { 4 } \right ) = 1
{ \mbox { z } } ^ { \phi }
\sqrt { 1 + \sqrt { 1 + \sqrt { 1 + \sqrt { x } } } }
\mbox { Pk }
\int _0 ^ \pi \cos \left ( \frac { \theta } { 2 } \right ) d \theta
{ - u }
a ^ { b ^ { c ^ d } }
{ \sqrt { \mbox { t } } \gt { \mbox { I } q } }
\frac { - b + \sqrt { b ^ 2 - 4 a c } } { 2 a }
\frac { { \cdots - H } } { { \mbox { V } \sum { T } } }
{ \sqrt { \mbox { F } } } ^ { \left [ \mbox { k } \right ] } \left ( \lambda \right )
\mbox { yo }
\sigma
{ \left ( t \right ) } ^ { \mbox { l } } \left ( I \right )
\int ^ { \mbox { S } } _ { { \mbox { d } - h } } \sqrt { g } dE
\sum _ { { \Delta \geq \sum { \mbox { H } } } } { { \cdots + \int \frac { H } { b } dT } }
E
\left ( { L - \mbox { j } } \right )
\frac { \frac { \frac { x_4 } { x_3 } } { x_2 } } { x_1 }
\mbox { Ny }
6.8
\int ^ { \mbox { H } } _ { \sqrt { \mbox { L } } } \frac { z } { z } dN
\frac { \mbox { V } } { { \cdots + \mbox { N } } }
\int _ { 0 } ^ { \infty } \frac { z } { \sqrt { z ^ 3 + 14 } } d z
\left ( \mbox { x } \right )
\frac { \frac { \frac { x_4 } { x_3 } } { x_2 } } { x_1 }
\left ( \sqrt { \mbox { i } } \right )
\mbox { TC }
\sqrt { \frac { 2 z ^ 3 } { \sqrt { \frac { 3 z ^ 2 } { \sqrt { 4 z } } } } }
\mbox { h }
\frac { { \mbox { x } + \lambda } } { \sqrt { \mbox { L } } }
{ \sqrt { i } } ^ { \mbox { T } }
a ^ x + b ^ x + \frac { c } { 2 }
\sum { \mu }
\sin \left ( \frac { \pi } { 3 } \right ) = \frac { 1 } { 2 }
i
\mbox { y }
{ \mbox { N } h }
\sum { \mbox { u } }
\mbox { f }
{ \mbox { r } \left ( \left ( \sum { F } \right ) \right ) }
\mbox { C }
{ 8 { \Delta \sum { a } } }
\sqrt { \frac { \mbox { c } } { N } }
{ \mbox { F } + \alpha }
Y
\mbox { NB }
\sqrt { { \mbox { y } + l } }
{ \mbox { G } } _ { \mbox { n } }
x ^ 2 + y ^ 2 = z ^ 2
5.2
\frac { M } { { \mbox { u } } ^ { L } }
{ 0 e }
\sum { B }
22
\sum _m f \left ( m + 3 \right )
\lambda
{ 0.9 \mbox { B } }
\frac { \mbox { i } } { \sqrt { R } }
\left [ n \right ]
\sqrt { 1 + \sqrt { 1 + \sqrt { 1 + \sqrt { x } } } }
{ { - j } + \sqrt { \mbox { z } } }
\tan \left ( \frac { \pi } { 2 } \right ) = \infty
a x ^ 4 + b x + c = 0
0.4
a + \sqrt { \frac { b + c } { d + f } }
x ^ 2 + y ^ 2 = z ^ 2
\sum _ { { g = z } } ^ { \sqrt { \mbox { j } } } { \mbox { A } }
\mbox { I }
\left ( { \cdots + \mbox { f } } \right )
{ \mbox { c } } _ { t }
\mbox { w }
t
\mbox { j }
\mbox { wX }
2 \alpha + 3 \sqrt { \beta }
{ \mbox { m } } ^ { \mbox { z } }
\left [ 6 \right ]
w \left ( \mbox { f } \right )
{ - \int _ { \sqrt { \mbox { r } } } ^ { C } \frac { { \mbox { z } - A } } { { \mbox { y } r } } d { \mbox { X } } _ { \mbox { M } } }
\sum _ { { u \geq x } } { { \mbox { X } - \mbox { p } } }
{ \Delta } _ { v }
\left [ { \mbox { P } + \beta } \right ]
x ^ 2 + y ^ 2 = z ^ 2
\mbox { k } \left ( \mbox { B } \right )
a + \sqrt { \frac { b + c } { d + f } }
{ \cdots + \mbox { s } }
\mbox { i }
1.3
a x ^ 4 + b x + c = 0
j
e_ { f_ { g_h } }
{ - { \mbox { V } { \mbox { z } \mbox { m } } } }
\sum { T }
959
{ \mbox { y } } _ { \mbox { w } }
{ w \sum { P } }
\mbox { h }
\frac { \sqrt { 1 + \cos ^ 2 \left ( \theta \right ) } } { 2 } = \cos \left ( 2 \theta \right )
\tan \left ( \frac { \pi } { 4 } \right ) = 1
\int e ^ { - z ^ 2 } d z = \mbox { erf } \left ( z \right )
{ \left ( { - \int { \mbox { y } } _ { e } da } \right ) } ^ { i }
\frac { 1 } { 3 } \pi r ^ 2 h
{ - L }
{ \left [ \sum { \mbox { h } } \right ] \lt \sum { { b + n } } }
13 + \pi r ^ 2
a + \sqrt { \frac { b + c } { d + f } }
\tan 9
N \left ( \mbox { l } \right )
0.1
1 + \frac { \sqrt { a ^ 2 + 1 + b } } { 3 }
S
{ - \sum _ { { \mbox { a } = 7 } } ^ { P } { Y } }
{ - u }
\sum { \frac { \mbox { i } } { k } }
1.3
\mbox { pi }
\left ( { \mbox { G } - \mbox { V } } \right )
\left [ \mbox { y } \right ]
{ 7.7 \mbox { R } }
3.57
\sin p
\frac { 1 } { \sin \left ( x \right ) + 1 }
{ - \mbox { M } }
e ^ { \int x ^ 2 d x }
{ \mbox { wa } \leq \sum { \mbox { S } } }
\frac { H \left ( f \right ) } { { \mbox { T } \mu } }
\log \mbox { v }
\left ( \sin \left ( x \right ) ^ 2 + 3 \cos \left ( x \right ) ^ 2 \right ) ^ 4
{ { 5 b } \lt \int \mbox { E } de }
{ \mbox { c } + \sum { \mbox { h } } }
\frac { { \mbox { u } + \mbox { r } } } { \sqrt { u } }
20
\mbox { C }
\int e ^ { x ^ 2 } x ^ 3 d x
2.4
\sin \left ( \frac { \pi } { 3 } \right ) = \frac { 1 } { 2 }
{ { { - \mbox { H } } + { P } _ { \mu } } \lt \theta }
\sin \left ( \frac { \pi } { 3 } \right ) = \frac { 1 } { 2 }
\mbox { q }
{ \mbox { j } } _ { \mbox { k } }
{ \sqrt { \mbox { j } } } ^ { { \cdots - 3 } }
4
\frac { { { - I } + \frac { \sigma } { \mbox { e } } } } { \left [ \phi \right ] }
37.4
{ { - \mbox { w } } + 4.6 }
P
\frac { { \cdots + { Y } _ { P } } } { { \mbox { p } } ^ { \mbox { I } } }
o
{ - { f } ^ { w } }
{ M \lt 48 }
\mbox { o } \left ( { a C } \right )
\mbox { IV }
\mbox { i }
\frac { { 2 - \mbox { L } } } { { { - \mbox { r } } + \frac { a } { \mbox { R } } } }
\mbox { jt }
\mbox { F }
\frac { { N + 9 } } { \frac { B } { \mbox { S } } }
\sum _ { { \mbox { H } = s } } ^ { n } { 45 }
\mbox { pM } \left ( { - { \mbox { V } } ^ { \mbox { d } } } \right )
\int 3.1 d \alpha
2 \alpha + 3 \sqrt { \beta }
\tan \left ( \frac { \pi } { 2 } \right ) = \infty
2
\frac { \pi r ^ 2 h } { 3 }
\tan \left ( \frac { \pi } { 4 } \right ) = 1
{ \sqrt { V } } ^ { \phi }
7
{ \mbox { M } \geq { \mbox { V } + X } }
\mbox { H }
{ i - R }
\int \sqrt { \mbox { c } } dI
{ \sqrt { x } } ^ { { k \Delta } } \left ( { i } _ { \mbox { L } } \right )
a ^ x + b ^ x + \frac { c } { 2 }
{ \mbox { p } } _ { \mbox { v } }
{ t } _ { { \mbox { L } } _ { k } }
\sum{\mbox{B}}\neq\sum{2}
{ \theta } ^ { \infty } \left ( \mbox { n } \right )
\frac { { \lambda + i } } { { \mbox { C } } _ { L } }
\left ( \sqrt { 3 } \right )
\sqrt { 1 + \sqrt { 1 + \sqrt { 1 + \sqrt { x } } } }
{ \mbox { d } + { \pi } ^ { X } }
\frac { \beta + \gamma } { \theta }
\sqrt { { \sqrt { \mbox { q } } } ^ { \mbox { p } } }
i
\sqrt { \mbox { z } }
1 + \frac { \sqrt { a ^ 2 + 1 + b } } { 3 }
\sum _ { n = 1 } ^ N \left ( - 1 \right ) ^ n \sin \left ( n x \right )
\sum _m f \left ( m + 3 \right )
{ \sum { { 8.3 - \int { \mbox { d } } _ { v } d { x } _ { \Delta } } } + 7 }
{ \sum { 4 } - \int \mbox { E } dV }
\frac { { 8 + E } } { \frac { v } { { 4 \Delta } } }
\sin 5
k ^ 3 + 14 k ^ 2 - 132 k + 1789
\sum { d }
\mbox { i }
537
{ x } ^ { X }
{ \cdots + \mbox { pg } }
{ - q }
1 + \frac { \sqrt { a ^ 2 + 1 + b } } { 3 }
{ { \sqrt { \int y dw } } ^ { \sqrt { \sigma } } + { \sqrt { \mbox { C } } } ^ { \mbox { k } } }
\sqrt { o }
\frac { 4 } { 3 } \pi r ^ 3
\sum { { n - g } }
\sum _ { { b = P } } ^ { k } { { { - \mbox { v } } - m } }
{ - \mbox { V } }
{ 05 C }
\int ^ { \frac { t } { \mbox { x } } } _ { \frac { \mbox { Y } } { d } } \sum { 8 } d \theta
l
\sqrt { p }
\mbox { Ci }
\mbox { C }
{ X } ^ { \mbox { Y } }
{ \frac { \mbox { r } } { \phi } \mbox { u } }
\sum _ { { Y \geq \mbox { x } } } { { \left [ w \right ] + 2.0 } }
{ \cdots + 6.2 }
z
\int { \mbox { g } h } dv
\left [ { \mbox { p } + \mbox { s } } \right ]
\left ( { \mbox { s } } _ { \mbox { h } } \right )
d \left ( \mbox { A } \right )
{ { 2 \sum { Y } } \leq { \mbox { g } + { L - \theta } } }
N
89.79
9
{ \cdots + { 2 + \mbox { d } } }
z
{ S + \left ( \mbox { w } \right ) }
{ l - { \lambda - v } }
\mbox { m }
\left ( 9 \right )
\int { \mbox { B } } _ { i } dm
\int _ { 0 } ^ { \infty } \frac { z } { \sqrt { z ^ 3 + 14 } } d z
{ - \sum { { m - \mbox { T } } } }
\left [ { 8 6 } \right ]
\mbox { T }
{ \cdots - { \mbox { i } } _ { z } }
\sum _m f \left ( m + 3 \right )
{ \left ( \mbox { C } \right ) } ^ { { 9 + \mbox { e } } }
\frac { { i - t } } { E }
{ \mbox { u } T }
\int e ^ { - z ^ 2 } d z = \mbox { erf } \left ( z \right )
\sum _ { { \mbox { Y } \gt \mbox { S } } } { { \mbox { m } + \mbox { p } } }
\mbox { G }
\mbox { i }
84
{ \cdots + \sqrt { r } }
\frac { \pi r ^ 2 h } { 3 }
{ 96 \mbox { V } }
{ \cdots + { I - s } }
{ { - G } + \sum { \mbox { m } } }
{ - { 7 \mbox { z } } }
\mbox { xi }
{ \mbox { e } + \left ( P \right ) }
\frac { 1 } { \sin \left ( x \right ) + 1 }
{\mbox{M}-\gamma}\neq{\mbox{b}-p}
g
\sum _ { { \mbox { z } = \mbox { I } } } ^ { 8.1 } { { \cdots - \sum { \mbox { s } } } }
72
\frac { { { - l } + k } } { 3 }
{ - \int B dz }
a ^ { b ^ { c ^ d } }
\log _2 \left ( 2 ^ 5 \right ) = 5
\left [ { \mbox { A } } _ { \mbox { g } } \right ]
\frac { { k + { \mbox { i } \mbox { n } } } } { { \gamma - u } }
\left [ { P + 0 } \right ]
\sqrt { 1 + \sqrt { 1 + \sqrt { 1 + \sqrt { x } } } }
\int _ { C } ^ { d \left ( B \right ) } { \tan } ^ { \alpha } q ds
X
\left [ { z X } \right ]
9.9
\sqrt { { \mbox { A } + \infty } }
a ^ x + b ^ x + \frac { c } { 2 }
\mbox { y }
\sqrt { \mbox { Y } }
{ Y + \mbox { e } }
\mbox { tg }
{ r } _ { \mbox { P } }
\frac { 4 } { 3 } \pi r ^ 3
1
\frac { \pi r ^ 2 h } { 3 }
k ^ 3 + 14 k ^ 2 - 132 k + 1789
06
\frac { 4 } { 3 } \pi r ^ 3
\sum { { \mbox { q } - o } }
{ p } _ { \mbox { x } }
2 \alpha + 3 \sqrt { \beta }
\frac { 4 } { 3 } \pi r ^ 3
{ j } _ { \mbox { y } }
\mbox { k }
p
\mbox { t }
a + \frac { \sqrt { b + c } } { 2 }
\frac { y } { { \mbox { l } } ^ { \mbox { H } } }
{ \alpha s }
\sqrt { { 8 + l } }
5.6
\frac { x } { a + \frac { x } { b - \frac { x } { c } } }
{ q \gt { \mbox { A } } ^ { d } }
{ - \sum { \mbox { G } } }
\int 2.7 dH
\left ( \left ( \int \left [ \mbox { o } \right ] dG \right ) \right )
{ \mbox { a } + \pi }
\int _ { 0 } ^ { \infty } \frac { z } { \sqrt { z ^ 3 + 14 } } d z
\left ( \sum { w } \right )
a + \frac { \sqrt { b + c } } { 2 }
\frac { 1 } { \sin \left ( x \right ) + 1 }
\frac { \mbox { n } } { \mbox { P } }
\int 0.4 dF
\mbox { M }
{ - { q \mbox { m } } }
\sum { \mbox { P } }
6
\sqrt { 1 + \sqrt { 1 + z ^ 2 } }
{ \mbox { Lfd } } _ { \mbox { e } }
\int e ^ { x ^ 2 } x ^ 3 d x
{ w + E }
i
\sin ^ 2 ( x ) + \cos ^ 2 ( x ) = 1
\int _ { \sqrt { \sigma } } ^ { { - b } } { - \mbox { A } } d { \mbox { M } } _ { \mbox { s } }
9.9
{ - { \mbox { H } { \sqrt { { \mbox { g } - \left ( g \right ) } } } ^ { P } } }
\sum { \mbox { E } }
{ \mbox { Fl } } _ { X }
\left ( E \right )
\mbox { L }
\frac { \beta + \gamma } { \theta }
{ - \sum { { \mbox { I } + { \mbox { H } } ^ { u } } } }
e_ { f_ { g_h } }
\mbox { gw }
\sqrt { 1 + \sqrt { 1 + z ^ 2 } }
{ - G }
a + \frac { \sqrt { b + c } } { 2 }
{ - { \mbox { d } \mbox { t } } }
\sqrt { { \mbox { V } + \mbox { p } } }
6.7
\frac { r } { \int \beta d \phi }
\tan \left ( \frac { \pi } { 4 } \right ) = 1
{ \cdots - Y }
a
\tan \left ( \frac { \pi } { 2 } \right ) = \infty
a
\sin \left ( \frac { \pi } { 3 } \right ) = \frac { 1 } { 2 }
j
\frac { M } { { \mbox { u } } ^ { A } }
1 + \frac { \sqrt { a ^ 2 + 1 + b } } { 3 }
{ \left ( \mbox { R } \right ) } ^ { \Delta }
{ \left ( m \right ) } ^ { { \mbox { l } - \mbox { f } } } \left ( { - \mbox { V } } \right )
\mbox { t }
\sqrt { 1 + \sqrt { 1 + \sqrt { 1 + \sqrt { x } } } }
\left [ { \mbox { y } + \mbox { s } } \right ]
2
{ - { \mbox { c } \theta } }
{ { v } _ { a } \Delta }
\mbox { b }
\frac { \pi r ^ 2 h } { 3 }
{ - { \mbox { T } \int q dT } }
\int _0 ^ \pi \cos \left ( \frac { \theta } { 2 } \right ) d \theta
{ \cdots - { x \mbox { m } } }
\left ( \sin \left ( x \right ) ^ 2 + 3 \cos \left ( x \right ) ^ 2 \right ) ^ 4
\mbox { IE }
\sum { \mbox { u } }
{ - { 3 s } }
{ { i + { \mbox { w } } _ { f } } \geq { - \mbox { H } } }
\mbox { R }
sqrt{\mbox{z}
\mbox { tX }
{ - { \mbox { l } \mbox { T } } }
\sqrt { { S - a } }
{ \cdots + z }
\sum { \mbox { f } }
\int _ { 4.4 } ^ { \int { - 3 } dR } \mbox { L } de
{ - \sigma }
{ \sqrt { \mbox { N } } } ^ { f }
\frac { 1 } { 3 } \pi r ^ 2 h
{ \mbox { P } + \sum { y } }
{ 8 + R }
\sum { \mbox { S } }
\cos \frac { 7 } { { h } ^ { F } }
\pi
N
{ \mbox { R } 1 }
20
\int e ^ { x ^ 2 } x ^ 3 d x
{ t - \sqrt { d } }
\left ( { \mbox { I } } ^ { 5 } \right )
\left [ { d w } \right ]
{ \mbox { X } - Y }
{ \mbox { b } } ^ { { { - \mbox { S } } - \left [ \mbox { w } \right ] } }
\sqrt { s }
c
\sqrt { { \phi + \mbox { u } } }
\frac { \pi r ^ 2 h } { 3 }
\lambda
\frac { y } { q }
\frac { \sqrt { \mbox { a } } } { \sqrt { \mbox { z } } }
5.9
R
\sqrt { { 4 - C } }
{ { f - \mbox { R } } = \sum { \mbox { z } } }
\sum _ { n = 1 } ^ N \left ( - 1 \right ) ^ n \sin \left ( n x \right )
\left [ { E - \sqrt { \frac { i } { \sum { \mbox { e } } } } } \right ]
{ u } ^ { { \mbox { M } } _ { m } } \left ( \mbox { X } \right )
{ \mbox { u } } _ { \theta }
8.4
\frac { { R + \mbox { i } } } { \left [ j \right ] }
{ \mbox { M } + \left [ \mbox { H } \right ] }
\left ( { \mbox { d } } ^ { \mbox { w } } \right )
\sum { { \mbox { y } + l } }
\sqrt { l }
\sqrt { 1 + \sqrt { 1 + z ^ 2 } }
{ n } ^ { { - k } }
{ o } _ { \mbox { M } }
{ \frac { B } { \mbox { S } } + \mbox { v } }
\left [ \tan \mbox { G } \right ]
\left [ N \right ]
\mbox { P }
\sqrt { 1 + \sqrt { 1 + z ^ 2 } }
e ^ { \int x ^ 2 d x }
\left [ \sum { G } \right ]
\sqrt { { \cdots + { \mbox { i } } _ { \mbox { z } } } }
{ 839.2 E }
{ \mbox { y } } ^ { { \mbox { o } } _ { \mu } }
\left [ \mbox { G } \right ]
{ x - \int \mbox { F } d \lambda }
13 + \pi r ^ 2
\frac { - b + \sqrt { b ^ 2 - 4 a c } } { 2 a }
{ \mbox { S } } _ { \mbox { o } }
2 \alpha + 3 \sqrt { \beta }
{ { s - b } = 5 }
\mbox { L }
\mbox { X }
\sqrt { 1 + \sqrt { 1 + z ^ 2 } }
{ \mbox { o } } ^ { \mbox { o } }
{ \theta \lt \sqrt { \mbox { z } } }
{ V } ^ { T }
p
6.5
\alpha\neq{v\alpha}
{ u } _ { t }
\sqrt { \mbox { u } }
{ \cdots - { \cdots + { \mbox { k } } ^ { v } \left ( z \right ) } }
a + \frac { \sqrt { b + c } } { 2 }
{ { \mbox { k } - \mbox { a } } = { \mbox { h } - f } }
{ \mbox { n } } ^ { B }
8.6
\int \frac { \sin \left ( x \right ) + 1 } { \sqrt { \cos ^ 3 \left ( x \right ) + \tan \left ( x \right ) } } d x
\sin \mbox { L }
{ - 6 }
\sqrt { S }
\sqrt { { { - m } + \mbox { t } } }
{ \cdots + { \mbox { q } } _ { L } }
{ \mbox { u } + { \mbox { u } - V } }
\mbox { FfN }
\frac { \left [ { - \mbox { X } } \right ] } { \left [ \mbox { v } \right ] }
t
\mbox { j } \left ( \sum { i } \right )
\frac { H } { M }
2.0
\int \left [ { \mbox { M } e } \right ] dh
{ - \left [ 2 \right ] }
\sum { \mbox { S } }
\frac { 4 } { 3 } \pi r ^ 3
\left ( \sin \left ( x \right ) ^ 2 + 3 \cos \left ( x \right ) ^ 2 \right ) ^ 4
t
\alpha
\sum { { \mbox { q } - 2 } }
\int \frac { \sin \left ( x \right ) + 1 } { \sqrt { \cos ^ 3 \left ( x \right ) + \tan \left ( x \right ) } } d x
{ \cdots - \left [ F \right ] }
\sum _ { { \gamma \gt \mbox { I } } } { \left [ 2 \right ] }
\sum _ { n = 1 } ^ N \left ( - 1 \right ) ^ n \sin \left ( n x \right )
a x ^ 4 + b x + c = 0
\sigma
\sqrt { y }
{ \mbox { H } - \sum { n } }
{ - \left ( v \right ) }
\sqrt { \Delta }
{ - \gamma }
\int { \mbox { s } } _ { \sigma } dz
{ - \sum { { - \infty } } }
7
j
\frac { 4 } { 3 } \pi r ^ 3
\frac { 1 } { 3 } \pi r ^ 2 h
\tan \left ( \frac { \pi } { 4 } \right ) = 1
{ \sqrt { m } } ^ { \mbox { m } }
\sin \left ( \frac { \pi } { 4 } \right ) = \frac { 1 } { \sqrt { 2 } }
\sin z
4
a + \frac { \sqrt { b + c } } { 2 }
h
b\neq{h-\mbox{i}}
{ \mbox { xmx } } _ { \mbox { z } }
{ a } ^ { { m + { \mbox { a } + \mbox { N } } } }
\frac { 1 } { 3 } \pi r ^ 2 h
\int e ^ { - z ^ 2 } d z = \mbox { erf } \left ( z \right )
{ \cdots + \int f dG }
\int { M - \mbox { d } } dT
{ \mbox { l } } _ { { \mbox { d } } _ { A } }
{ \cdots + \gamma }
{ { \mbox { Y } - \mbox { y } } \leq { - \mbox { P } } }
{ { - \mbox { v } } + \frac { L } { j } }
\cos 2
{ \mbox { y } } ^ { \mbox { N } }
{ \mbox { k } - \sum { o } }
{ - { w \sqrt { F } } }
{ \mbox { t } } ^ { { v + E } }
\int e ^ { x ^ 2 } x ^ 3 d x
\sin ^ 2 ( x ) + \cos ^ 2 ( x ) = 1
H
\mbox { Sh }
{ { \mu + \sum { \mbox { A } } } \leq \sum { \mbox { j } } }
\left [ { - l } \right ]
\sqrt { h }
9.0
\mbox { j }
\left ( \sin \left ( x \right ) ^ 2 + 3 \cos \left ( x \right ) ^ 2 \right ) ^ 4
{ { j - { \mbox { o } - 6 } } = 5.4 }
x ^ 2 + y ^ 2 = z ^ 2
{ { - \mbox { F } } + G }
C
\frac { \frac { \frac { x_4 } { x_3 } } { x_2 } } { x_1 }
{ { - \mbox { F } } - 2 }
{ \cdots + { C } ^ { \mbox { z } } }
e_ { f_ { g_h } }
\mu
x ^ 2 + y ^ 2 = z ^ 2
\sum _ { { \mbox { h } \geq \mbox { t } } } { \mbox { H } }
a + \frac { \sqrt { b + c } } { 2 }
R
\sqrt { \mbox { M } }
\sqrt { \mbox { h } }
\mbox { F }
\frac { 1 } { 3 } \pi r ^ 2 h
{ - z }
\mbox { V }
\log _2 \left ( 2 ^ 5 \right ) = 5
\mbox { bc }
\sin 9
\log _2 \left ( 2 ^ 5 \right ) = 5
\frac { \pi r ^ 2 h } { 3 }
\left ( \mbox { r } \right )
6.7
k ^ 3 + 14 k ^ 2 - 132 k + 1789
\mbox { l }
{ \beta } _ { \mbox { t } }
{ \sqrt { t } } ^ { { { \pi b } - \mbox { B } } }
{ \sqrt { 9 } } ^ { { \mbox { B } + P } }
\alpha
\frac { x } { a + \frac { x } { b - \frac { x } { c } } }
\sqrt { \tan B }
\mbox { v }
\frac { \mbox { N } } { V }
b
\frac { \mbox { k } } { { \sqrt { { \mbox { g } + \frac { \mbox { X } } { \mbox { z } } } } } ^ { { \mbox { R } - \sqrt { l } } } }
\sum _ { n = 1 } ^ N \left ( - 1 \right ) ^ n \sin \left ( n x \right )
\left ( \left [ { z 4 } \right ] \right )
a x ^ 4 + b x + c = 0
\left ( { - s } \right )
\mbox { oP }
1
\sqrt { { L - z } }
\sum { g }
\frac { { \mbox { I } + G } } { \frac { \mbox { h } } { \mbox { z } } }
\sum { d }
{ \frac { { \cdots - { \mbox { g } + \mbox { M } } } } { \int \int \mbox { b } dR dH } \mbox { N } }
\int _ { 0 } ^ { \infty } \frac { z } { \sqrt { z ^ 3 + 14 } } d z
a + \sqrt { \frac { b + c } { d + f } }
\frac { - b + \sqrt { b ^ 2 - 4 a c } } { 2 a }
13 + \pi r ^ 2
0.7
\frac { x_1 } { \frac { x_2 } { \frac { x_3 } { x_4 } } }
\sqrt { { \mbox { c } - 0 } }
2
{ F = 9 }
\frac { \mbox { C } } { x }
{ \mbox { C } \geq \sum { u } }
{ S } _ { { \mbox { C } } _ { \mbox { z } } }
\frac { 4 } { 3 } \pi r ^ 3
{ \left [ \mbox { N } \right ] - \mbox { S } }
{ - { { \mbox { N } } ^ { \sqrt { t } } v } }
\frac { \frac { \frac { x_4 } { x_3 } } { x_2 } } { x_1 }
{ i } _ { \mbox { R } }
\frac { - b + \sqrt { b ^ 2 - 4 a c } } { 2 a }
{ \mbox { H } } _ { \mbox { r } }
\frac { \int \sqrt { s } du } { { \tan } ^ { \mbox { g } } \mbox { q } }
\frac { 1 } { \sin \left ( x \right ) + 1 }
{ - { \mbox { y } E } }
\frac { { { \mbox { P } \mbox { V } } - \alpha } } { 6.1 }
{ \mbox { t } + { \mbox { Y } } _ { d } }
\sqrt { \frac { 2 z ^ 3 } { \sqrt { \frac { 3 z ^ 2 } { \sqrt { 4 z } } } } }
{ n \lt \int \sqrt { z } dd }
a ^ { b ^ { c ^ d } }
{\sum{\mbox{x}}-\frac{\beta}{k}}\neq\frac{{T-\mbox{o}}}{{y}^{e}\left(\phi\right)}
{ \mbox { X } 5.7 }
a x ^ 4 + b x + c = 0
\mbox { z }
{ - { \mbox { c } { \mbox { g } \mbox { v } } } }
m
\frac { - b + \sqrt { b ^ 2 - 4 a c } } { 2 a }
{ \mbox { L } \sum _ { { \mbox { m } \gt S } } { \sigma } }
a x ^ 4 + b x + c = 0
a ^ x + b ^ x + \frac { c } { 2 }
\mbox { i }
\left [ 1 \right ]
{ { \mbox { G } - M } \leq \frac { I } { \pi } }
\mbox { p }
\sqrt { \gamma }
{ \mbox { X } { \mbox { q } } ^ { X } }
{ \mbox { a } \mbox { F } }
\int e ^ { x ^ 2 } x ^ 3 d x
\log \mbox { g }
F \left ( { \mbox { s } } _ { \mbox { N } } \right )
\mbox { p }
\sin ^ 2 ( x ) + \cos ^ 2 ( x ) = 1
{ q } ^ { { \cdots + T } }
0.1\neq\left[\mbox{A}\right]
\frac { { i + h } } { { \mbox { j } } ^ { \lambda } }
{ \mbox { y } - \mbox { b } }
\mbox { l } \left ( \mbox { N } \right )
h
{ n } ^ { { - k } }
\mbox { n }
\sqrt { E }
\mbox { C }
X
{ \frac { P } { H } V }
\left ( { \mbox { r } C } \right )
2 \alpha + 3 \sqrt { \beta }
\log \mbox { Y }
\mu \left ( { l - \mbox { I } } \right )
\sigma
{ \mbox { S } } ^ { 0 }
5.9
\Delta
h
{ n } _ { S }
f
\int ^ { \mbox { H } } _ { { \sigma - n } } 4 d { \mbox { g } } _ { \mbox { j } }
\frac { x_1 } { \frac { x_2 } { \frac { x_3 } { x_4 } } }
\sum { \alpha }
\frac { 1 } { \sin \left ( x \right ) + 1 }
\int e ^ { - z ^ 2 } d z = \mbox { erf } \left ( z \right )
\frac { 1 } { 3 } \pi r ^ 2 h
0
\cos \left ( 0 \right ) = 1
{ - \sigma }
\alpha
83
{ \sqrt { \mbox { g } } } ^ { \mbox { f } }
k ^ 3 + 14 k ^ 2 - 132 k + 1789
{ - { j } _ { { y } _ { \mbox { b } } } }
\int { - { \mbox { i } \phi } } dI
\pi
76.1
{ k } ^ { \mbox { X } }
k ^ 3 + 14 k ^ 2 - 132 k + 1789
g
\log _2 \left ( 2 ^ 5 \right ) = 5
8
{ z \geq \frac { \mbox { h } } { 0 } }
\left ( \sum { o } \right )
\mbox { EAc }
\mbox { R } \left ( { s } ^ { q } \right )
{ \left ( \mbox { m } \right ) } ^ { \phi }
\mbox { j }
\left [ \left [ \mbox { z } \right ] \right ]
{ - \mbox { A } }
3.1
\mbox { j }
2 \alpha + 3 \sqrt { \beta }
\sqrt { { \mbox { h } - \mbox { X } } }
{ { i + \mbox { F } } \gt { j + x } }
\sum _ { { E \geq c } } { { \mbox { p } + \mbox { R } } }
\frac { x_1 } { \frac { x_2 } { \frac { x_3 } { x_4 } } }
\frac { \sqrt { 1 + \cos ^ 2 \left ( \theta \right ) } } { 2 } = \cos \left ( 2 \theta \right )
a ^ x + b ^ x + \frac { c } { 2 }
x ^ 2 + y ^ 2 = z ^ 2
\frac { { \mbox { X } + d } } { \left [ \mbox { I } \right ] }
\mbox { H }
\frac { 4 } { 3 } \pi r ^ 3
\sqrt { 1 + \sqrt { 1 + \sqrt { 1 + \sqrt { x } } } }
\sigma
3.1
{ - 3 }
\sqrt { \mbox { A } }
3
\frac { \frac { \frac { x_4 } { x_3 } } { x_2 } } { x_1 }
\frac { n } { \frac { \phi } { \mbox { s } } }
\int \frac { \sin \left ( x \right ) + 1 } { \sqrt { \cos ^ 3 \left ( x \right ) + \tan \left ( x \right ) } } d x
\sqrt { { \mbox { n } + \mbox { S } } }
\frac { { \mbox { H } - \left [ \mbox { x } \right ] } } { { \mbox { I } } ^ { G } \left ( N \right ) }
73.3
\sqrt { \mbox { j } }
\left ( \mbox { G } \right )
a x ^ 4 + b x + c = 0
\sqrt { { b - V } }
5.7
87
\frac { \beta + \gamma } { \theta }
2.9
{ \sin } ^ { P } \mbox { L }
{ \mbox { F } \lt \infty }
{ \mbox { V } } ^ { x }
e_ { f_ { g_h } }
{ \tan } ^ { \mbox { n } } { \mbox { X } } ^ { { \mbox { L } + q } }
\mbox { i }
\frac { \frac { \frac { x_4 } { x_3 } } { x_2 } } { x_1 }
{ \cdots - \sum { \mbox { i } } }
\mbox { zVT }
\mbox { s }
\sin \left ( \frac { \pi } { 3 } \right ) = \frac { 1 } { 2 }
7.3
\frac { - b + \sqrt { b ^ 2 - 4 a c } } { 2 a }
\sqrt { \frac { 2 z ^ 3 } { \sqrt { \frac { 3 z ^ 2 } { \sqrt { 4 z } } } } }
\left ( \mbox { y } \right )
q \left ( \mbox { F } \right )
\left ( 2 \right )
5.7
\sqrt { 1 + \sqrt { 1 + z ^ 2 } }
{ \mbox { i } } _ { \mu }
{ \sin } ^ { \mbox { A } } j
{ - \sum { \mbox { N } } }
{ G + { \mbox { N } + \Delta } }
\left ( { t } _ { G } \right )
\int _0 ^ \pi \cos \left ( \frac { \theta } { 2 } \right ) d \theta
{ v } _ { \mbox { l } }
a ^ x + b ^ x + \frac { c } { 2 }
{ \sqrt { n } } ^ { { k + r } } \left ( \mbox { N } \right )
\left ( 4.8 \right )
3.2
\frac { \beta + \gamma } { \theta }
\frac { \mbox { p } } { \sqrt { { \mbox { o } - { d + 4 } } } }
2 \alpha + 3 \sqrt { \beta }
\frac { - b + \sqrt { b ^ 2 - 4 a c } } { 2 a }
{ \mbox { t } } _ { \mbox { aL } }
{-b}\neq\sum{\mbox{V}}
{ - \int \pi dI }
\left ( { \gamma + z } \right )
\sum { w }
\left ( \sin \left ( x \right ) ^ 2 + 3 \cos \left ( x \right ) ^ 2 \right ) ^ 4
{ { - \mbox { m } } \lt \left [ \int \mbox { j } dB \right ] }
{ 3 - { \alpha G } }
\int ^ { \mbox { m } } _ { { \gamma + \mbox { V } } } \frac { \theta } { \mbox { u } } de
\cos \left ( 0 \right ) = 1
\log _2 \left ( 2 ^ 5 \right ) = 5
\sqrt { 1 + \sqrt { 1 + z ^ 2 } }
\tan \left ( \frac { \pi } { 2 } \right ) = \infty
\frac { \sqrt { 1 + \cos ^ 2 \left ( \theta \right ) } } { 2 } = \cos \left ( 2 \theta \right )
{ \beta - { L } ^ { k } \left ( t \right ) }
{ \cdots - \sum { j } }
a ^ { b ^ { c ^ d } }
{ q + \phi }
\sqrt { 1 }
\int _ { \sum { 5 } } ^ { { 2 - S } } q d { z } _ { n }
1.3
\frac { \beta + \gamma } { \theta }
\frac { x_1 } { \frac { x_2 } { \frac { x_3 } { x_4 } } }
{ 8.5 + { \left ( r \right ) } ^ { \mbox { b } } }
{ { - y } \lt \mbox { s } \left ( A \right ) }
{ d } _ { x }
\sqrt { y }
\sqrt { { \mbox { c } + \sqrt { \mbox { b } } } }
13 + \pi r ^ 2
{ \mbox { gF } } _ { \mbox { j } }
\sum { { \mbox { B } + z } }
\int e ^ { - z ^ 2 } d z = \mbox { erf } \left ( z \right )
{ B } ^ { { \mbox { B } + 4 } }
o
A
{ \mbox { e } - { \sqrt { \mbox { E } } } ^ { \mu } }
{ \mbox { o } } ^ { { \beta + \mbox { r } } }
{ { - \mbox { T } } - { \mbox { T } - B } }
{ { - \mbox { b } } + { s \mbox { q } } }
a ^ x + b ^ x + \frac { c } { 2 }
k ^ 3 + 14 k ^ 2 - 132 k + 1789
6.2
{ \mbox { u } } _ { \mbox { A } }
\left [ \sum { \mbox { N } } \right ]
\sum _ { { T \geq g } } { 8.2 }
{ 86.4 { b } _ { \mbox { L } } }
\cos 2
\int _ { 0 } ^ { \infty } \frac { z } { \sqrt { z ^ 3 + 14 } } d z
1 + \frac { \sqrt { a ^ 2 + 1 + b } } { 3 }
\frac { \mbox { V } } { \mbox { G } }
{ { \mbox { S } + k } = \mbox { n } }
\pi \left ( p \right )
{ \mbox { q } } ^ { { \mbox { h } + \mbox { c } } }
\mbox { g }
\frac { x } { a + \frac { x } { b - \frac { x } { c } } }
\sum _ { n = 1 } ^ N \left ( - 1 \right ) ^ n \sin \left ( n x \right )
\sum _ { { \mbox { Y } = M } } ^ { { \mbox { P } } ^ { \mbox { r } } \left ( \mbox { x } \right ) } { { G + V } }
\sqrt { F }
{ \mbox { y } } _ { { \mbox { y } } _ { \mbox { b } } }
{ w } ^ { b }
{ \cdots + { \cos } ^ { 8 } H }
\frac { x } { a + \frac { x } { b - \frac { x } { c } } }
\sqrt { \mbox { HY } }
4.5
6.5
{ - 6.9 }
22
\sqrt { { { - t } - { \mbox { o } + \mbox { h } } } }
{ { M - \mbox { q } } = { - \sigma } }
\frac { \mbox { l } } { \mbox { E } }
{ \left [ \left ( \mbox { e } \right ) \right ] } ^ { k }
{ - \mbox { t } }
\mu
\mbox { Iy }
{ 3.6 \sum { { \mbox { t } + { P - \mbox { A } } } } }
\sqrt { { s + 6.4 } }
{ \tan } ^ { d } Y
{ \mbox { Y } - { \gamma - \mbox { x } } }
\frac { { N + m } } { { \mbox { B } } _ { \mbox { p } } }
{ g } _ { { \mbox { t } } _ { v } }
{ o } _ { \mbox { X } }
\left ( \sum { b } \right )
\frac { { \mbox { v } + 1 } } { { - \mbox { h } } }
t
\frac { { i + { i } ^ { \mbox { B } } } } { \left [ a \right ] }
0.8
\mbox { M }
{ { - { q } _ { \mu } } + \frac { B } { \frac { R } { { \pi } ^ { y } } } }
\int e ^ { - z ^ 2 } d z = \mbox { erf } \left ( z \right )
H
\mbox { X }
441
\sqrt { \frac { 2 z ^ 3 } { \sqrt { \frac { 3 z ^ 2 } { \sqrt { 4 z } } } } }
{ { - B } + \int \pi dj }
{ { \mbox { e } } _ { \mbox { G } } } ^ { \sum { h } }
t
{ \cdots - 4.2 }
2.7
{ \sin T - \sqrt { \beta } }
\alpha
\sum { { C - \mbox { h } } }
\sum { \mbox { w } }
\frac { 1 } { \sin \left ( x \right ) + 1 }
\log \Delta
a + \sqrt { \frac { b + c } { d + f } }
\frac { 4 } { 3 } \pi r ^ 3
\int ^ { h } _ { \mbox { t } } t df
a + \sqrt { \frac { b + c } { d + f } }
\tan \left ( \frac { \pi } { 4 } \right ) = 1
\frac { \mbox { j } } { \mbox { u } }
{ \lambda + 6 }
09.5
{ 6 - \left [ \mbox { E } \right ] }
{ \mbox { P } } ^ { \mbox { eo } }
\mbox { vp }
{ 2.9 g }
{ \alpha } _ { z }
\sum _ { n = 1 } ^ N \left ( - 1 \right ) ^ n \sin \left ( n x \right )
r
\mu
{ \sqrt { \mbox { F } } } ^ { { u + \mbox { F } } }
\sum { \mbox { m } }
\frac { z } { { \mbox { i } } _ { \mbox { m } } }
\left [ \mbox { V } \right ]
\mbox { l }
v
\mbox { EX }
L
E
{ \left [ \int F dG \right ] } ^ { 4.84 } \left ( { T } _ { M } \right )
\int _ { 0 } ^ { \infty } \frac { z } { \sqrt { z ^ 3 + 14 } } d z
\mu
\mbox { qS }
\frac { - b - \sqrt { b ^ 2 - 4 a c } } { 2 a }
{ \mbox { e } - { i e } }
{ - P }
\int \sqrt { L } d { \mbox { v } } _ { \mbox { p } }
{ - 1.5 }
\sqrt { 1 + \sqrt { 1 + z ^ 2 } }
\sqrt { { \mbox { n } - \gamma } }
\frac { - b - \sqrt { b ^ 2 - 4 a c } } { 2 a }
\mbox { n }
{ { - { \mbox { E } } _ { \mbox { q } } } - { \cdots + { \mbox { P } \mbox { E } } } }
{ \cdots - { \mbox { x } + \mbox { R } } }
\sum { \theta }
\sqrt { 1 + \sqrt { 1 + \sqrt { 1 + \sqrt { x } } } }
{ \mbox { B } { \mbox { P } z } }
\pi
{ - \sum { { \pi - k } } }
\sqrt { \alpha }
\sin \left ( \frac { \pi } { 3 } \right ) = \frac { 1 } { 2 }
{ A - 1 }
\mbox { i }
{ { - \sum { u } } + \mbox { A } }
\left ( { A + \mbox { w } } \right )
m
{\cdots+h}\neq{S}_{\phi}
\int e ^ { - z ^ 2 } d z = \mbox { erf } \left ( z \right )
N
\mbox { t }
13 + \pi r ^ 2
{ - \mbox { u } }
\frac { \mbox { A } } { S }
\sqrt { { \lambda } ^ { \mbox { A } } }
\tan \left ( \frac { \pi } { 4 } \right ) = 1
a ^ x + b ^ x + \frac { c } { 2 }
4277
\sqrt { y }
{ - L }
{ - \int \mbox { a } dF }
{ \left [ 3 \right ] } ^ { P }
3
{ \mbox { C } \gt \sqrt { \mbox { q } } }
\mbox { k }
7.4
\frac { - b - \sqrt { b ^ 2 - 4 a c } } { 2 a }
\left ( v \right )
a ^ x + b ^ x + \frac { c } { 2 }
\mbox { jBd }
{ 8 \sum { 2 } }
\mbox { v }
\int e ^ { - z ^ 2 } d z = \mbox { erf } \left ( z \right )
41.8
V \left ( \int T dz \right )
\sin ^ 2 ( x ) + \cos ^ 2 ( x ) = 1
x
8.23
{ \mu } _ { \mbox { bX } }
36
\mbox { Ec }
k ^ 3 + 14 k ^ 2 - 132 k + 1789
\frac { - b + \sqrt { b ^ 2 - 4 a c } } { 2 a }
\log _2 \left ( 2 ^ 5 \right ) = 5
\frac { \sum { l } } { \mbox { s } }
\left [ \left [ \mbox { o } \right ] \right ]
{ \mbox { X } \geq 7 }
a + \frac { \sqrt { b + c } } { 2 }
\sum _ { { \mbox { g } \gt \alpha } } { \mbox { H } }
{ - N }
\mbox { y }
a x ^ 4 + b x + c = 0
{ \mbox { f } } ^ { { \mbox { P } - 5 } }
\frac { 1 } { 3 } \pi r ^ 2 h
{ \mbox { S } } _ { d } \left ( \mbox { E } \right )
{ 22.2 = \sum { \mbox { g } } }
{ \cdots - \left [ d \right ] }
{ \mbox { t } \left ( \left ( \phi \right ) \right ) }
\sum { n }
s
\mbox { p }
\frac { 4 } { 3 } \pi r ^ 3
{ { - d } + \mbox { y } }
{ \mbox { k } \lt { \sigma } _ { G } }
0
x ^ 2 + y ^ 2 = z ^ 2
\mbox { Bc }
\frac { 1 } { 3 } \pi r ^ 2 h
57
{ - A }
0
\mbox { t }
\frac { 4 } { 3 } \pi r ^ 3
{ \left [ \mbox { G } \right ] } ^ { 0 }
\frac { { \mbox { q } - \left [ { \mbox { u } } _ { \mbox { h } } \right ] } } { 0 }
{ t { F \mbox { L } } }
\frac { { 0 s } } { 5.7 }
\sqrt { 1 + \sqrt { 1 + z ^ 2 } }
\mbox { HiN }
\left ( { \mbox { F } \mbox { t } } \right )
\int _ { 0 } ^ { \infty } \frac { z } { \sqrt { z ^ 3 + 14 } } d z
\sum _m f \left ( m + 3 \right )
{ f + \left [ F \right ] }
\sin ^ 2 ( x ) + \cos ^ 2 ( x ) = 1
0
{ \Delta + \sum { H } }
\left [ \mbox { Y } \right ]
\mbox { R }
{\cdots+\mbox{C}}\neq\mbox{V}
{ \sigma = 6 }
\Delta
13 + \pi r ^ 2
\left [ \sum { \mbox { T } } \right ]
6.0
\sqrt { 1 + \sqrt { 1 + z ^ 2 } }
{ 61 k }
\left ( z \left ( \mbox { w } \right ) \right )
\sqrt { 1 + \sqrt { 1 + \sqrt { 1 + \sqrt { x } } } }
\beta
\sqrt { H }
0.4
\sum { \mbox { H } }
h
{ \int q d \sigma + { \mbox { a } } ^ { q } }
\mbox { f }
\sum { { 3 + \int \mbox { s } dm } }
80
\sin \left ( \frac { \pi } { 4 } \right ) = \frac { 1 } { \sqrt { 2 } }
{ - M }
\mbox { j }
7
u
\sqrt { { I - \mbox { B } } }
a ^ x + b ^ x + \frac { c } { 2 }
{ o \left ( \mu \right ) } ^ { { w - \mbox { b } } }
\mbox { t }
55
{ \mbox { j } \lt \lambda \left ( n \right ) }
y
{ m - F }
{ { \mbox { z } \mbox { T } } + \mbox { T } }
\sum { { 6.7 - \Delta } }
\log \phi
\left ( \sin \left ( x \right ) ^ 2 + 3 \cos \left ( x \right ) ^ 2 \right ) ^ 4
\mbox { b }
\cos \left ( 0 \right ) = 1
\frac { - b - \sqrt { b ^ 2 - 4 a c } } { 2 a }
R \left ( \mbox { N } \right )
\mbox { xe }
\frac { \beta + \gamma } { \theta }
\sqrt { 1 + \sqrt { 1 + \sqrt { 1 + \sqrt { x } } } }
\left ( { \mbox { N } } ^ { L } \right )
\left ( { - C } \right )
{ \sqrt { g } } ^ { \left ( 1.1 \right ) }
{ S } ^ { I }
C
{ { 5 - z } \leq \mbox { x } }
\left ( \sqrt { H } \right )
5
{ - { 5 A } }
e ^ { \int x ^ 2 d x }
\sum _ { { \mbox { z } \geq F } } { c }
{ \mbox { k } 4 }
\sin \left ( \frac { \pi } { 3 } \right ) = \frac { 1 } { 2 }
975
\mbox { Y }
\left [ \sqrt { \mbox { c } } \right ]
{ \Delta - \sum { B } }
13 + \pi r ^ 2
\sum _ { { 4 = N } } ^ { \left [ R \right ] } { { a + \mbox { w } } }
{ \cdots - 6 }
{ 1 + { \mbox { G } } ^ { g } }
\int _ { 0 } ^ { \infty } \frac { z } { \sqrt { z ^ 3 + 14 } } d z
\mbox { N }
6.4
\frac { { h + 8 } } { { P - \phi } }
\left ( 1.8 \right )
\tan \left ( \frac { \pi } { 2 } \right ) = \infty
t
2 \alpha + 3 \sqrt { \beta }
\mbox { g }
\log _2 \left ( 2 ^ 5 \right ) = 5
e ^ { \int x ^ 2 d x }
\mbox { g }
\mbox { i }
a ^ { b ^ { c ^ d } }
a ^ { b ^ { c ^ d } }
\mbox { oo }
\sum _ { { R \geq H } } { B }
p
\sum { \mbox { p } }
{ \cdots + \sqrt { F } }
q
\sum _ { { \beta \gt d } } { { \mbox { C } + E } }
4
a x ^ 4 + b x + c = 0
a + \frac { \sqrt { b + c } } { 2 }
\frac { \pi r ^ 2 h } { 3 }
\left ( { 9 - 0 } \right )
\left [ { X - S } \right ]
\sum _ { { v \geq l } } { \mbox { X } }
9.7
{ - { \mbox { aY } } _ { { T } _ { T } } }
{ y } _ { \mbox { z } }
{ \mbox { u } } _ { { z } _ { \mbox { o } } }
\mbox { iF }
\sin \left ( \frac { \pi } { 4 } \right ) = \frac { 1 } { \sqrt { 2 } }
\left [ \sum { \mbox { j } } \right ]
{ d = { \mbox { F } \mbox { c } } }
{ \mbox { n } \leq { T } ^ { { B + \mbox { p } } } }
\sum _ { { \mbox { S } \gt f } } { \mbox { t } }
\mbox { xl }
\mbox { o }
\alpha
30
{ \mbox { x } \gt { \mbox { X } q } }
a + \sqrt { \frac { b + c } { d + f } }
{ X - f }
\tan \left ( \frac { \pi } { 4 } \right ) = 1
\sum _m f \left ( m + 3 \right )
{ M + \frac { \mbox { i } } { \mbox { d } } }
\sum _m f \left ( m + 3 \right )
{ { \mbox { o } + \theta } \leq \left ( o \right ) }
{ m } _ { \mbox { N } }
a x ^ 4 + b x + c = 0
{ \cdots + { \mbox { a } } ^ { j } }
\mbox { u }
\sum _ { n = 1 } ^ N \left ( - 1 \right ) ^ n \sin \left ( n x \right )
\left ( { \mbox { C } } _ { \theta } \right )
\frac { { \frac { b } { { \mbox { P } } ^ { { \mbox { I } - { \mbox { e } } ^ { \gamma } \left ( V \right ) } } } - \sqrt { H } } } { \mbox { w } }
{ \mbox { F } - \sum { P } }
2 \alpha + 3 \sqrt { \beta }
{ - \mbox { S } }
{ \mbox { z } b }
a + \frac { \sqrt { b + c } } { 2 }
0
{ \mbox { C } } _ { { \mbox { G } } _ { \mbox { A } } }
\mu
1
a ^ x + b ^ x + \frac { c } { 2 }
{ { R } _ { T } \mbox { c } }
z
\frac { { \Delta + \sum { \mbox { S } } } } { \sqrt { S } }
\int e ^ { - z ^ 2 } d z = \mbox { erf } \left ( z \right )
\mbox { H }
{ - \mbox { Gd } }
\sigma
a + \frac { \sqrt { b + c } } { 2 }
\sum _ { { \mu = \mbox { R } } } ^ { V } { 4 }
\mbox { i }
\int { \mbox { T } } _ { \mbox { v } } dc
\left ( \left [ 1 \right ] \right )
\sum _ { n = 1 } ^ N \left ( - 1 \right ) ^ n \sin \left ( n x \right )
\mbox { Pr }
76
\int { l + k } dd
\frac { \mbox { r } } { P }
\left ( 606 \right )
\sigma \left ( \sqrt { \beta } \right )
\frac { r } { \left [ q \right ] }
{ u } _ { { \mbox { c } } _ { \mu } }
\sum _ { n = 1 } ^ N \left ( - 1 \right ) ^ n \sin \left ( n x \right )
49.49
{ { \mbox { N } } _ { \mbox { E } } + 7 }
\mbox { V }
{ \mbox { u } = a }
\sqrt { { T + \mbox { N } } }
{ 7.9 \mbox { u } }
{ - \sum { { R + \theta } } }
\int e ^ { - z ^ 2 } d z = \mbox { erf } \left ( z \right )
\sqrt { { v - q } }
{ - { \sigma { \mbox { E } \mbox { z } } } }
z
\sqrt { \mbox { E } }
\mbox { Y }
\int \sqrt { \mbox { n } } dw
\sqrt { \frac { 2 z ^ 3 } { \sqrt { \frac { 3 z ^ 2 } { \sqrt { 4 z } } } } }
{ \mbox { b } \sigma }
{ { - s } - \sum { { \alpha - k } } }
\sum { { \mbox { y } + 3 } }
10.6
x ^ 2 + y ^ 2 = z ^ 2
{ \sin } ^ { \mbox { A } } j
e_ { f_ { g_h } }
t
k ^ 3 + 14 k ^ 2 - 132 k + 1789
\frac { 1 } { \sin \left ( x \right ) + 1 }
{ { T + \sin { a } ^ { M } } \leq 4.45 }
\frac { x } { a + \frac { x } { b - \frac { x } { c } } }
\pi
\frac { \sin \left ( x \right ) } { \cos \left ( x \right ) } = \tan \left ( x \right )
{ \sqrt { \mbox { V } } } ^ { { m - \mbox { P } } }
\sqrt { q }
\mbox { Y }
e ^ { \int x ^ 2 d x }
\mbox { z }
\gamma
\left ( \int \mbox { h } dz \right )
3.3
\sum _m f \left ( m + 3 \right )
x ^ 2 + y ^ 2 = z ^ 2
{ { \mbox { b } } _ { Y } + 8.5 }
23
\left [ { - A } \right ]
\mbox { rV }
\phi
{ - x }
{ r \lt \int \gamma dB }
{ - \mbox { g } }
\sum _m f \left ( m + 3 \right )
{ \mbox { o } } ^ { { \theta + \mbox { r } } }
e
{ S \geq \sqrt { \mbox { k } } }
\sigma
\mbox { ie }
\sum { \mbox { R } }
{ \mbox { b } + { \pi } ^ { X } }
\sum _ { { 4 = \mbox { y } } } ^ { { - d } } { { z - c } }
\frac { x } { a + \frac { x } { b - \frac { x } { c } } }
\frac { 1 } { 3 } \pi r ^ 2 h
\sqrt { { \beta - { \mbox { Y } } _ { \mbox { k } } } }
\cos \mbox { m }
7.1
0.9
{ \frac { \mbox { e } } { p } \gamma }
{ \cdots + \frac { \mbox { e } } { \mbox { s } } }
3.2
\sin \left ( \frac { \pi } { 4 } \right ) = \frac { 1 } { \sqrt { 2 } }
a x ^ 4 + b x + c = 0
\left [ { v \mbox { l } } \right ]
\sqrt { { - 4 } }
\sin \left ( \frac { \pi } { 3 } \right ) = \frac { 1 } { 2 }
\sin \left ( \frac { \pi } { 3 } \right ) = \frac { 1 } { 2 }
5
\sum _ { n = 1 } ^ N \left ( - 1 \right ) ^ n \sin \left ( n x \right )
k ^ 3 + 14 k ^ 2 - 132 k + 1789
\sin ^ 2 ( x ) + \cos ^ 2 ( x ) = 1
\left ( 0.8 \right )
T
\left ( \left [ X \right ] \right )
\sqrt { 1 }
\frac { x } { a + \frac { x } { b - \frac { x } { c } } }
{ - { \mbox { f } \sqrt { \mbox { M } } } }
{ { G } _ { \mbox { h } } } ^ { { Y - v } }
\pi
\sum { { \sigma + \mbox { S } } }
\int ^ { V } _ { A \left ( \mbox { X } \right ) } \sum { c } dy
\sum _ { { \mbox { E } = \mbox { n } } } ^ { \sum { \mbox { f } } } { { z + \frac { \sum { \theta } } { \mbox { C } } } }
\sigma
\left ( V \right )
\mbox { i }
\sum { \mbox { q } }
5
\sum { \mbox { e } }
\left ( 5.0 \right )
\sqrt { S }
{ a } _ { f }
\frac { f } { \left ( \mbox { d } \right ) }
\left ( { A + \mbox { Y } } \right )
{ \mbox { t } \int z \left ( P \right ) dl }
{ Y - \sum { \mbox { e } } }
9.5
x ^ 2 + y ^ 2 = z ^ 2
{ { \left ( q \left ( i \right ) \right ) - { V } _ { \mbox { w } } } \lt \Delta }
{ - \sum { r } }
11
\sqrt { \frac { 2 z ^ 3 } { \sqrt { \frac { 3 z ^ 2 } { \sqrt { 4 z } } } } }
\sum { 9.8 }
\sum _ { { u \geq \mbox { c } } } { \mbox { G } }
{ \sqrt { i } } ^ { E }
\frac { \mbox { y } } { { \mbox { T } X } }
\int { \mbox { I } + \mbox { n } } dY
0
\left [ { o } ^ { q } \right ]
\sum _m f \left ( m + 3 \right )
\sqrt { \sum { V } }
\mbox { I }
3.6
\mbox { tE }
\sum _m f \left ( m + 3 \right )
\sum _ { n = 1 } ^ N \left ( - 1 \right ) ^ n \sin \left ( n x \right )
\mbox { M }
{ \mbox { d } } _ { \mbox { G } }
e_ { f_ { g_h } }
{ \mbox { k } } _ { \mbox { I } }
\sum { { y - I } }
2 \alpha + 3 \sqrt { \beta }
\frac { - b - \sqrt { b ^ 2 - 4 a c } } { 2 a }
55
\int \cos V d { \lambda } _ { \mbox { A } }
\mbox { H }
\frac { x } { a + \frac { x } { b - \frac { x } { c } } }
\int ^ { n } _ { { z o } } { \mbox { p } - B } dd
\left ( \mbox { b } \right )
{ e } _ { { j } _ { \mbox { X } } }
0.5
\left ( \sqrt { C } \right )
{ \beta \leq \mbox { P } }
{ - \sum { 0 } }
\frac { \pi r ^ 2 h } { 3 }
\pi
{ g \gt { 2 7 } }
{ Y \sum { \mbox { B } } }
1 + \frac { \sqrt { a ^ 2 + 1 + b } } { 3 }
{ Y - { \mbox { S } } _ { C } }
{ - \int \mbox { C } dV }
\mbox { q }
\gamma
{ { \alpha } ^ { \mbox { h } } { \theta \mbox { C } } }
83
5
\frac { \sqrt { x } } { \frac { \mu } { \sqrt { \mbox { r } } } }
\mbox { p }
{ \mbox { N } - \sum { \mbox { F } } }
{ \frac { \mbox { S } } { G } \sum { P } }
\left [ \frac { \mbox { h } } { \mbox { E } } \right ]
77
\sigma
\mbox { j }
\mu
{ - { \mbox { G } } _ { m } }
2
x ^ 2 + y ^ 2 = z ^ 2
{ \gamma } ^ { \sqrt { v } }
{ S } ^ { { \sigma \mbox { o } } }
{ \mbox { v } } _ { \mbox { i } }
a + \sqrt { \frac { b + c } { d + f } }
\frac { \mbox { l } } { \beta }
\left ( { z \Delta } \right )
20
{ \sqrt { \mbox { y } } } ^ { \mbox { y } }
\sum _m f \left ( m + 3 \right )
\left ( S \right )
02
{ i \mbox { X } }
77.1
\mbox { n }
\frac { - b - \sqrt { b ^ 2 - 4 a c } } { 2 a }
\mbox { z }
a ^ x + b ^ x + \frac { c } { 2 }
{ - \int \mbox { u } dY }
m
\sum { \left [ \mbox { h } \right ] }
\sqrt { G }
\sin \left ( \frac { \pi } { 3 } \right ) = \frac { 1 } { 2 }
{ { - \mbox { M } } + { a } ^ { { C + \mbox { o } } } }
\mbox { nv }
\tan \mbox { i }
R
\mbox { f }
\sqrt { \frac { 2 z ^ 3 } { \sqrt { \frac { 3 z ^ 2 } { \sqrt { 4 z } } } } }
\frac { { \sigma + \mbox { Y } } } { { n j } }
{ - { \frac { \mbox { Y } } { \mbox { t } } B } }
\frac { - b + \sqrt { b ^ 2 - 4 a c } } { 2 a }
{ q } _ { \mbox { v } }
\frac { { p - { \mbox { e } + k } } } { \left ( \sigma \right ) }
\int \mbox { o } dT
\int e ^ { x ^ 2 } x ^ 3 d x
\frac { - b + \sqrt { b ^ 2 - 4 a c } } { 2 a }
{ k } _ { { \mbox { I } } _ { \mbox { X } } }
\frac { { \frac { \mbox { p } } { n } + v } } { { - \mbox { H } } }
{ \mbox { L } + \mbox { v } }
z
\frac { \pi r ^ 2 h } { 3 }
n
\sqrt { { \mbox { X } + 7 } }
{ - { \theta { \mbox { n } } _ { Y } } }
t
\sqrt { N }
\int e ^ { x ^ 2 } x ^ 3 d x
9.43
k ^ 3 + 14 k ^ 2 - 132 k + 1789
176.8
\int { \mbox { l } } ^ { \mbox { B } } d \beta
{ e } ^ { \sqrt { g } } \left ( \mbox { L } \right )
\mbox { X }
{ \cdots + { f } ^ { \mbox { j } } \left ( j \right ) }
\mbox { G }
{ - \alpha }
\frac { R } { \frac { n } { \mbox { n } } }
9.5
e_ { f_ { g_h } }
{ \mbox { d } = \sqrt { \mbox { x } } }
{ p p }
\sum _ { { \lambda \gt \mbox { r } } } { { \mbox { X } + d } }
{ { \left ( F \right ) } ^ { \pi } Y }
0.3
\sqrt { { \cdots + \mbox { N } } }
{ 9.9 \mbox { E } }
\frac { - b - \sqrt { b ^ 2 - 4 a c } } { 2 a }
\mbox { r }
\mbox { bN }
\sqrt { { { \mbox { A } } _ { \mbox { z } } 6.5 } }
\mbox { t }
{ \sqrt { N } } ^ { { u + 9 } }
{ \theta F }
9509.98
{ \mbox { k } \lt z }
\left [ s \right ]
{ \mbox { j } } _ { i }
1
{ - \mbox { t } }
e ^ { \int x ^ 2 d x }
{ { e } _ { \pi } M }
\int \left ( x \right ) dT
{ { - I } - { w - \mbox { n } } }
{ z + P }
\tan 3.1
31
\sum _ { { 9 \geq \mbox { E } } } { \left [ \mbox { C } \right ] }
\mbox { R }
\mbox { e }
\sum { P }
{ - k }
{ { \mbox { r } } _ { \mbox { T } } + { E m } }
{ \cdots - \sqrt { l } }
{ { \mbox { T } } ^ { \mbox { C } } \mbox { s } }
{ { - v } - { { \sqrt { { \mbox { z } \mbox { B } } } } ^ { t } { \mbox { i } } _ { \mbox { nqk } } } }
{ o } ^ { \sum { A } }
13 + \pi r ^ 2
{ - t }
7.5
\pi
36.4
\sqrt { { \mbox { z } - \mbox { k } } }
{ \sum { j } - \mbox { f } }
{ \infty { \mbox { d } } _ { q } }
{ \mbox { L } + \mbox { V } }
13 + \pi r ^ 2
{ \log 2.1 } ^ { { \mbox { B } - \left [ 0.4 \right ] } }
\pi
0.6
{ \sqrt { { \mbox { V } + q } } } ^ { \mbox { N } }
\mbox { i }
\cos I
\sqrt { a }
{ \mbox { v } \lt l }
\sqrt { 1 + \sqrt { 1 + z ^ 2 } }
{ - \pi }
\frac { { N + c } } { \mbox { w } }
{ { y - 7 } \geq 2 }
\sin \left ( \frac { \pi } { 3 } \right ) = \frac { 1 } { 2 }
\frac { 4 } { 3 } \pi r ^ 3
\frac { \left [ \mbox { F } \right ] } { { \mbox { a } - H } }
\mbox { H }
{ \mbox { y } + t }
\frac { \int G dn } { { d C } }
e ^ { \int x ^ 2 d x }
\sum _ { { X \gt a } } { { \alpha - c } }
{ e } ^ { \mbox { q } }
\sqrt { { \mbox { Y } - \mbox { pa } } }
m
\log _2 \left ( 2 ^ 5 \right ) = 5
{ - l }
\sqrt { \frac { 2 z ^ 3 } { \sqrt { \frac { 3 z ^ 2 } { \sqrt { 4 z } } } } }
\frac { - b + \sqrt { b ^ 2 - 4 a c } } { 2 a }
\left [ \frac { \mbox { F } } { \mbox { u } } \right ]
\sqrt { \frac { \mbox { g } } { \frac { L } { { \mbox { j } } ^ { n } } } }
\frac { - b - \sqrt { b ^ 2 - 4 a c } } { 2 a }
\frac { 1 } { \sin \left ( x \right ) + 1 }
0
\left [ f \right ]
\mbox { x }
{ { - \sum { \mbox { h } } } + { x 8.8 } }
\theta
a + \sqrt { \frac { b + c } { d + f } }
{ \mbox { B } \geq { 1 + \mbox { y } } }
\int e ^ { x ^ 2 } x ^ 3 d x
a ^ { b ^ { c ^ d } }
{ \cdots + \mbox { l } }
a ^ x + b ^ x + \frac { c } { 2 }
1
\log _2 \left ( 2 ^ 5 \right ) = 5
{ \cdots - { z - \Delta } }
\int w dN
{ \mbox { T } - { \mbox { f } \mbox { M } } }
\int _0 ^ \pi \cos \left ( \frac { \theta } { 2 } \right ) d \theta
{ \frac { i } { \mbox { G } } \sum { \pi } }
{ R { A } _ { \mbox { R } } }
\mbox { f }
\frac { f } { \sum { f } }
{ \sqrt { B } } ^ { \phi }
{ \phi n }
\frac { \alpha } { \mbox { y } }
\frac { - b - \sqrt { b ^ 2 - 4 a c } } { 2 a }
2 \alpha + 3 \sqrt { \beta }
{ \mbox { q } } ^ { \gamma \left ( v \right ) } \left ( b \right )
\sqrt { \frac { 2 z ^ 3 } { \sqrt { \frac { 3 z ^ 2 } { \sqrt { 4 z } } } } }
{ { k - 7.9 } \geq \sum { 7 } }
\int { Y + v } d { \mu } _ { \mbox { G } }
{\mbox{f}-\frac{w}{1}}\neq\mbox{c}
\left ( \int t dd \right )
5
1.6
\mbox { j }
\int \mbox { y } dx
\sum _ { { \mbox { L } = \mbox { c } } } ^ { \sqrt { \mbox { f } } } { { \cdots + \int o dm } }
\frac { 4 } { 3 } \pi r ^ 3
\mbox { i }
{ - \mbox { t } }
\sum { o }
\mbox { P } \left ( { E \mbox { l } } \right )
a x ^ 4 + b x + c = 0
\sqrt { 1 + \sqrt { 1 + z ^ 2 } }
\sin \left ( \frac { \pi } { 4 } \right ) = \frac { 1 } { \sqrt { 2 } }
\sum _ { { \mbox { n } = \beta } } ^ { 8 } { { - \mbox { r } } }
{ r - x }
x ^ 2 + y ^ 2 = z ^ 2
a
{ \cos } ^ { \infty } \theta
\sum _ { n = 1 } ^ N \left ( - 1 \right ) ^ n \sin \left ( n x \right )
\frac { R } { \left ( \mbox { p } \right ) }
{ g + { \sin } ^ { c } \mbox { o } }
\int _0 ^ \pi \cos \left ( \frac { \theta } { 2 } \right ) d \theta
q
{ \cdots + { l } ^ { \beta } }
{ \mbox { o } - r }
\frac { - b - \sqrt { b ^ 2 - 4 a c } } { 2 a }
{ { h + e } \geq \left [ z \right ] }
\frac { \pi r ^ 2 h } { 3 }
\theta
\log _2 \left ( 2 ^ 5 \right ) = 5
{ m } _ { \mbox { d } }
2.9
{ - \sum { \frac { \frac { \mbox { j } } { { \alpha } _ { u } } } { { { \mbox { T } } _ { T } } ^ { \phi } } } }
\frac { \mbox { B } } { c }
{ 9 = { M } ^ { q } }
\int \alpha d \Delta
{ \mbox { E } - \left ( f \right ) }
{ t } _ { \mbox { X } }
82.8
\sqrt { b }
\frac { h } { \mbox { I } }
\frac { 4 } { 3 } \pi r ^ 3
4
\mbox { b }
{ - { { \beta } _ { { \mbox { Cu } } _ { \mbox { F } } } b } }
\left [ { \mu } ^ { \mbox { s } } \right ]
\sqrt { \mbox { A } }
80
{ \cdots - \sqrt { \mbox { n } } }
\mbox { b }
V
{ \cdots - 9.6 }
\frac { \frac { \frac { x_4 } { x_3 } } { x_2 } } { x_1 }
\frac { x } { a + \frac { x } { b - \frac { x } { c } } }
\frac { \frac { \frac { x_4 } { x_3 } } { x_2 } } { x_1 }
56.5
\int ^ { { - r } } _ { \frac { E } { \mbox { y } } } { - \mbox { o } } dM
\left [ { i - \mbox { F } } \right ]
\sqrt { { \cdots + u } }
\sin ^ 2 ( x ) + \cos ^ 2 ( x ) = 1
\mbox { tX }
\sum { v }
{ \mu } _ { o }
{ { - \alpha } + \mbox { k } }
{ \left ( { \mbox { B } } _ { \mbox { E } } \right ) } ^ { \mbox { j } }
\int \frac { i } { \sigma } dI
{ \mbox { V } j }
\sqrt { \mbox { S } }
\frac { - b - \sqrt { b ^ 2 - 4 a c } } { 2 a }
\beta
\sqrt { \frac { 2 z ^ 3 } { \sqrt { \frac { 3 z ^ 2 } { \sqrt { 4 z } } } } }
\sin \left ( \frac { \pi } { 4 } \right ) = \frac { 1 } { \sqrt { 2 } }
{ { q } _ { \mbox { a } } } ^ { { d + \mbox { I } } } \left ( \pi \right )
{ { - E } - \mbox { c } \left ( \mbox { x } \right ) }
0
\mbox { RM }
\sum { { G + B } }
\left ( \mbox { s } \right )
{ G \int _ { Y } ^ { \int \mbox { N } do } \mbox { E } d \Delta }
\frac { \frac { \frac { x_4 } { x_3 } } { x_2 } } { x_1 }
\sqrt { H }
\frac { \beta + \gamma } { \theta }
{ I } _ { X }
{ g \sum { \mbox { A } } }
\mbox { ej }
{ \mbox { z } } _ { \mbox { N } }
{ \mbox { c } + { z } _ { q } }
\frac { i } { \mbox { a } }
13 + \pi r ^ 2
\sum _ { { \mbox { I } = \mbox { b } } } ^ { \left ( \mbox { V } \right ) } { { v + \gamma } }
\sqrt { \mbox { p } }
\sqrt { \frac { 2 z ^ 3 } { \sqrt { \frac { 3 z ^ 2 } { \sqrt { 4 z } } } } }
\int \mbox { I } da
\mbox { j }
{ d } _ { \mbox { I } }
\sigma
\sqrt { \mbox { F } }
\mbox { m }
\frac { \sin \left ( x \right ) } { \cos \left ( x \right ) } = \tan \left ( x \right )
{ \mbox { L } \mbox { X } }
{ l - { M \mbox { i } } }
\sum { \mu }
\sqrt { { \mbox { X } - { \mbox { j } - a } } }
{ \sqrt { \mbox { I } } } ^ { \left [ 7 \right ] } \left ( { R } ^ { j } \right )
{ - \mbox { i } }
{ N + L }
X
\frac { \frac { \frac { x_4 } { x_3 } } { x_2 } } { x_1 }
{ \mbox { z } } ^ { { \mbox { h } + \mbox { c } } }
\frac { A } { \int m dn }
\sin \gamma
\frac { \mbox { Y } } { 4.1 }
{ \cdots + 2.6 }
a + \sqrt { \frac { b + c } { d + f } }
\int l dt
{ S } _ { \mbox { S } }
{ \sum { 3 } - \int \mbox { B } dV }
\sum { { v \mbox { S } } }
\sqrt { \mbox { v } }
\int \Delta d { \mbox { M } } _ { H }
13 + \pi r ^ 2
7.0
\frac { \sin \left ( x \right ) } { \cos \left ( x \right ) } = \tan \left ( x \right )
\sum { n }
{ { \mbox { L } + \mbox { C } } = \sqrt { \sigma } }
\frac { \pi r ^ 2 h } { 3 }
{ - i }
\sin { a } _ { S }
\sqrt { { \mbox { p } } _ { \mbox { z } } }
3
{ 3.1 \geq \int \mbox { s } dc }
t
\frac { \sqrt { 1 + \cos ^ 2 \left ( \theta \right ) } } { 2 } = \cos \left ( 2 \theta \right )
13 + \pi r ^ 2
\mbox { E }
{ { { \beta } ^ { { \mbox { E } + e } } + 0 } \lt \int \beta dk }
\sin \left ( \frac { \pi } { 3 } \right ) = \frac { 1 } { 2 }
\sin \left ( \frac { \pi } { 4 } \right ) = \frac { 1 } { \sqrt { 2 } }
{ G } _ { \mbox { f } }
{ \mbox { A } } ^ { { \mbox { C } + \mbox { R } } }
\frac { 2 } { \sin I }
2 \alpha + 3 \sqrt { \beta }
\left [ { \cdots - z } \right ]
\sqrt { 1 + \sqrt { 1 + z ^ 2 } }
\cos \left ( 0 \right ) = 1
{ - { N X } }
{ - \int \mbox { z } dn }
{ - \frac { y } { \mbox { e } } }
\int e ^ { - z ^ 2 } d z = \mbox { erf } \left ( z \right )
8
\frac { x } { a + \frac { x } { b - \frac { x } { c } } }
\mbox { go }
7
k ^ 3 + 14 k ^ 2 - 132 k + 1789
{ \mbox { F } \lt { \mbox { z } } _ { \mbox { d } } }
{ - \mbox { g } }
{ \mbox { h } + { v i } }
{ I } ^ { { 5 - \mbox { c } } }
\sum _m f \left ( m + 3 \right )
{ { \mbox { E } } _ { \mbox { B } } } ^ { { - N } }
a ^ x + b ^ x + \frac { c } { 2 }
\sum { a }
\left [ \sqrt { { \mbox { E } - \frac { E } { \sum { { I - \mbox { b } } } } } } \right ]
{ - { \mbox { y } } _ { \mbox { B } } }
7.2
{ \mbox { N } } _ { \mbox { e } }
\sum { j }
{ - o }
{ \mbox { E } + \mbox { T } \left ( S \right ) }
\mbox { r }
\int ^ { \mbox { d } } _ { \frac { h } { 3 } } \sum { \mbox { H } } dq
\frac { x_1 } { \frac { x_2 } { \frac { x_3 } { x_4 } } }
13 + \pi r ^ 2
\sum { { S - \left ( \mbox { m } \right ) } }
\alpha
2 \alpha + 3 \sqrt { \beta }
{ \mbox { dL } } _ { { x } _ { \mu } }
{ \sqrt { \mbox { R } } } ^ { { b + l } } \left ( \sigma \right )
p \left ( j \right )
\mbox { v }
\left [ { e } ^ { \mbox { m } } \right ]
i
7
\frac { - b + \sqrt { b ^ 2 - 4 a c } } { 2 a }
3.2
\int ^ { 2 } _ { { \mbox { L } + \mbox { w } } } c d \gamma
\tan \left ( \frac { \pi } { 4 } \right ) = 1
{ \cdots - \Delta }
\left ( \mbox { LM } \right )
\sqrt { \int _ { { s + \phi } } ^ { 3 } { \mbox { z } + \left [ 4 \right ] } du }
\mbox { t }
{ \mbox { At } + \sqrt { \mbox { o } } }
\mbox { n } \left ( { p \mbox { N } } \right )
s
\sqrt { { { - P } + y } }
{ Y } _ { \mbox { d } }
{ \mbox { F } H }
\frac { \beta + \gamma } { \theta }
{ - { 1 7 } }
\sqrt { 1 + \sqrt { 1 + \sqrt { 1 + \sqrt { x } } } }
5
{ z } _ { \mbox { g } }
\int _0 ^ \pi \cos \left ( \frac { \theta } { 2 } \right ) d \theta
\int 6 df
\frac { \pi } { { x \mbox { l } } }
\tan \mbox { h }
{ l - 5 }
\frac { 8.1 } { { - \mbox { y } } }
\int _ { n } ^ { \alpha } Y dk
\mbox { ac }
b
\lambda
\int _ { 0 } ^ { \infty } \frac { z } { \sqrt { z ^ 3 + 14 } } d z
\mbox { H }
\frac { { \mbox { c } - 0.6 } } { 2 }
\log _2 \left ( 2 ^ 5 \right ) = 5
\sum { { p - \mbox { V } } }
{ \mbox { u } - { p { \mbox { F } } _ { \mbox { v } } } }
{ G - 3 }
6.9
{ - y }
{ { { - I } - { S } ^ { \mbox { s } } } \geq { - \mbox { E } } }
\sqrt { { o - 0 } }
\left ( { e A } \right )
\sin \left ( \frac { \pi } { 4 } \right ) = \frac { 1 } { \sqrt { 2 } }
v
{ - j }
{ - \sqrt { 0 } }
{ c } _ { f }
{ \mbox { t } \int r dL }
q \left ( \mbox { I } \right )
{ - \mbox { w } \left ( F \right ) }
\sqrt { B }
i
{ \Delta - \sum { \mbox { p } } }
{ { - \mbox { q } } - z }
{ V } ^ { \frac { N } { v } }
\frac { { \cdots + \sum { \mbox { H } } } } { \mbox { f } }
{ 3 n }
\mbox { pp }
{ m } ^ { \mbox { b } }
\sqrt { 1 + \sqrt { 1 + z ^ 2 } }
{ - \left ( \beta \right ) }
\tan \left ( \frac { \pi } { 2 } \right ) = \infty
\mbox { j }
\frac { x } { a + \frac { x } { b - \frac { x } { c } } }
6
0.9
{ 7.7 + 1 }
4.6
{ \mbox { h } } ^ { 0 }
\sqrt { 1 + \sqrt { 1 + z ^ 2 } }
{ - \left ( \mbox { F } \right ) }
\sum _ { { C \gt h } } { \mbox { E } }
{ T + { q \int S dx } }
{ R } ^ { l }
\sqrt { 1 + \sqrt { 1 + \sqrt { 1 + \sqrt { x } } } }
\mbox { iza }
{ \cdots - \frac { H } { \mbox { p } } }
3.1
\sqrt { \mbox { v } }
\mbox { t }
\mbox { PE }
\sqrt { { \mbox { z } - \mbox { f } } }
{ \cdots + { e \left ( \left [ \sqrt { y } \right ] \right ) } }
e ^ { \int x ^ 2 d x }
{ - 2.1 }
2
\int e ^ { x ^ 2 } x ^ 3 d x
\frac { \sin \left ( x \right ) } { \cos \left ( x \right ) } = \tan \left ( x \right )
\sin \left ( \frac { \pi } { 3 } \right ) = \frac { 1 } { 2 }
1
\mbox { G }
\sum { { s } ^ { \mbox { Y } } }
a ^ x + b ^ x + \frac { c } { 2 }
{ 8.1 { \mbox { h } l } }
\sqrt { \left [ b \right ] }
{ a } _ { \mbox { f } }
\frac { 1 } { 3 } \pi r ^ 2 h
\int { { - \mbox { L } } - \mu } ds
{ a \gt \sin 8 }
{ - R }
5.4
\int e ^ { x ^ 2 } x ^ 3 d x
\mbox { a }
\sum { { s - \mbox { k } } }
\sqrt { f }
{ \mbox { t } \left ( \mbox { b } \right ) } ^ { \mbox { X } }
a ^ { b ^ { c ^ d } }
a ^ { b ^ { c ^ d } }
\sqrt { \mbox { y } }
l
\left [ { \left ( 3.3 \right ) } ^ { { L + e } } \right ]
{ 1 \mbox { u } }
{ \cdots + H }
1.7
8.8
31.3
\sqrt { \mbox { h } }
{ { \sqrt { \phi \left ( \mbox { w } \right ) } } ^ { { \mbox { s } + B } } { q } _ { \mbox { u } } }
\mbox { j }
\tan \left ( \frac { \pi } { 4 } \right ) = 1
\frac { B } { { c - 0 } }
{ - \int t dl }
{ \cdots - \int S d \sigma }
i
{ \mbox { C } f }
{ 8.0 \theta }
t
a + \sqrt { \frac { b + c } { d + f } }
\sqrt { { \sin \mu + \mbox { o } } }
\sum { e }
\sum { \mbox { v } }
\int { \sin } ^ { \mbox { f } } \mbox { i } d { \mbox { R } } _ { \mbox { H } }
\mbox { hv }
{ \sqrt { y } } ^ { \left ( 0.0 \right ) }
a x ^ 4 + b x + c = 0
33.5
{ - \sum _ { { z \gt \frac { k } { \mbox { M } } } } { \mbox { i } } }
\frac { - b + \sqrt { b ^ 2 - 4 a c } } { 2 a }
\sum _m f \left ( m + 3 \right )
b
\left ( \int \mbox { g } dy \right )
\mbox { B }
\mbox { n }
\sum { k }
\frac { \sqrt { 1 + \cos ^ 2 \left ( \theta \right ) } } { 2 } = \cos \left ( 2 \theta \right )
\frac { \sqrt { 1 + \cos ^ 2 \left ( \theta \right ) } } { 2 } = \cos \left ( 2 \theta \right )
\frac { \sin \left ( x \right ) } { \cos \left ( x \right ) } = \tan \left ( x \right )
u
{ - \mbox { t } }
z
{ 3 \sum _ { { k \geq \beta } } { B } }
\sum _ { { u \gt \mbox { v } } } { { { - \sigma } + \left ( \mbox { a } \right ) } }
\left [ { \mbox { A } + H } \right ]
\sin \left ( \frac { \pi } { 4 } \right ) = \frac { 1 } { \sqrt { 2 } }
\frac { x } { t }
\sin ^ 2 ( x ) + \cos ^ 2 ( x ) = 1
\sum _ { { E \geq B } } { p }
\mbox { S }
\frac { { \mbox { k } + \sqrt { \mbox { C } } } } { \mbox { m } }
{ R } _ { \mbox { V } }
T
\left [ 9 \right ]
1.6
\left ( 2 \right )
\log _2 \left ( 2 ^ 5 \right ) = 5
\sqrt { \sqrt { y } }
\int e ^ { x ^ 2 } x ^ 3 d x
9.1
\frac { - b + \sqrt { b ^ 2 - 4 a c } } { 2 a }
120.6
\sum { { G + \mbox { j } } }
\int \sum { p } db
\mbox { tY }
{ { - \infty } - 361.4 }
{ - \int 2.4 da }
a ^ { b ^ { c ^ d } }
\mbox { l }
\sum { z }
{ \mbox { j } - o }
{ - { 2 x } }
9
{ - { 0.4 \gamma } }
\sum _m f \left ( m + 3 \right )
\frac { x_1 } { \frac { x_2 } { \frac { x_3 } { x_4 } } }
p
1.3
{ - \mbox { d } }
{ T \int \Delta dl }
2.99
\sqrt { 1 + \sqrt { 1 + \sqrt { 1 + \sqrt { x } } } }
{ 2 \geq \int \mbox { w } dV }
5
\sin ^ 2 ( x ) + \cos ^ 2 ( x ) = 1
\cos \left ( 0 \right ) = 1
\frac { x_1 } { \frac { x_2 } { \frac { x_3 } { x_4 } } }
\sum { \mbox { d } }
\frac { 1 } { \sin \left ( x \right ) + 1 }
{ { - z } + \frac { \mbox { S } } { \alpha } }
{ - \left [ \sqrt { \mbox { u } } \right ] }
0.7
\sum { { s - { \pi H } } }
x ^ 2 + y ^ 2 = z ^ 2
\left [ \sqrt { \mbox { j } } \right ]
41
\mbox { e }
4
\left ( { 3 + \mbox { g } } \right )
a + \frac { \sqrt { b + c } } { 2 }
{ - A }
6
b
\frac { 1 } { \sin \left ( x \right ) + 1 }
33
\frac { 1 } { 3 } \pi r ^ 2 h
{ - \sigma }
\mbox { d }
{ \mbox { ii } } _ { x }
13 + \pi r ^ 2
2 \alpha + 3 \sqrt { \beta }
13 + \pi r ^ 2
{ - 7.0 }
a x ^ 4 + b x + c = 0
\mbox { ji }
\sin \left ( \frac { \pi } { 4 } \right ) = \frac { 1 } { \sqrt { 2 } }
a + \frac { \sqrt { b + c } } { 2 }
\frac { \mbox { d } } { { \mbox { r } } ^ { X } }
\int \frac { \sin \left ( x \right ) + 1 } { \sqrt { \cos ^ 3 \left ( x \right ) + \tan \left ( x \right ) } } d x
\sqrt { \mbox { x } }
36
{ B \gamma }
{ \sqrt { { \beta + \theta } } } ^ { o }
\frac { h } { k \left ( \mbox { y } \right ) }
\frac { \frac { \frac { x_4 } { x_3 } } { x_2 } } { x_1 }
8
6
e ^ { \int x ^ 2 d x }
{ p } ^ { y }
\left ( \left [ { \mbox { R } } _ { \mbox { y } } \right ] \right )
{ Y } _ { { \mbox { zH } } _ { \mbox { o } } }
{ \mbox { w } \mbox { q } }
{ { - 4 } - \left ( { \mu } ^ { \mbox { v } } \right ) }
\mbox { s }
\int _ { 0 } ^ { \infty } \frac { z } { \sqrt { z ^ 3 + 14 } } d z
k ^ 3 + 14 k ^ 2 - 132 k + 1789
{ \mbox { A } { 3 6 } }
\beta
{ \mbox { s } + \left ( i \right ) }
\sqrt { 1 + \sqrt { 1 + z ^ 2 } }
{ 3.4 \beta }
\cos { h } ^ { \mbox { i } }
1.0
{ { \mbox { j } } _ { \mbox { X } } - \left ( \phi \right ) }
\left ( 9 \right )
\sqrt { { \sum { b } + \phi } }
\int \sum _ { { d \geq \int C dX } } { { \cdots + { { a } ^ { h } 1 } } } d { q } _ { { \mbox { r } } _ { \mbox { E } } }
G
{ \mbox { Y } } _ { \mbox { M } }
\left [ { Y - f } \right ]
\frac { x_1 } { \frac { x_2 } { \frac { x_3 } { x_4 } } }
13 + \pi r ^ 2
\sum _m f \left ( m + 3 \right )
\frac { 1 } { 3 } \pi r ^ 2 h
\sqrt { { \mbox { A } - y } }
{ \mbox { E } { G \mbox { l } } }
\alpha
\frac { \mbox { a } } { { \mbox { L } } _ { j } }
\frac { \beta + \gamma } { \theta }
{ { b } ^ { \mbox { h } } { \mbox { w } } _ { \mbox { m } } }
{ { \mbox { I } } ^ { \mbox { C } } \lt z }
{ \left ( \mbox { G } \right ) } ^ { \mbox { t } }
\int e ^ { - z ^ 2 } d z = \mbox { erf } \left ( z \right )
{ { - \mbox { Y } } - \frac { M } { i } }
\mbox { u }
{ - \mbox { s } }
\frac { { r - \sum { 2 } } } { { \mbox { L } } _ { \mbox { q } } }
\sum _ { { \mbox { F } \geq \mbox { d } } } { P }
3.8
\mbox { h }
5
\frac { o } { \sqrt { \mbox { c } } }
{ \cdots + { \mbox { C } \theta } }
{ \cdots - { \mbox { c } } ^ { { \mbox { m } - { M \mbox { E } } } } }
\sqrt { 1 + \sqrt { 1 + \sqrt { 1 + \sqrt { x } } } }
{ \cdots + { g - \mbox { w } } }
\frac { \frac { \frac { x_4 } { x_3 } } { x_2 } } { x_1 }
\frac { \pi r ^ 2 h } { 3 }
\left [ 4 \right ]
\left ( { - t } \right )
{ \mbox { k } } ^ { { k - C } }
{ x + { \mbox { w } } ^ { 2 } \left ( \mbox { G } \right ) }
{ \pi } ^ { { \frac { V } { h } + \left [ L \right ] } }
\sum _ { n = 1 } ^ N \left ( - 1 \right ) ^ n \sin \left ( n x \right )
{ - \sum { g } }
\mbox { H }
\frac { { P - a } } { 0 }
13 + \pi r ^ 2
{ \mbox { e } - { \mbox { N } } _ { \mbox { L } } }
\frac { \beta + \gamma } { \theta }
\frac { { 6 - \beta } } { \mbox { N } }
\sqrt { 9 }
\frac { 4 } { 3 } \pi r ^ 3
x ^ 2 + y ^ 2 = z ^ 2
2 \alpha + 3 \sqrt { \beta }
\mbox { s }
{ - \mbox { l } }
{ \mbox { SiA } } _ { \sigma }
\cos \left ( 0 \right ) = 1
5.3
{ - 0 }
5
\left [ \sum { T } \right ]
\mbox { MH }
\frac { { \cdots + { \mbox { T } u } } } { \sum { { \mbox { p } - \mbox { m } } } }
{ 8 - { \cdots - \left ( \mbox { E } \right ) } }
a x ^ 4 + b x + c = 0
\frac { 1 } { \sin \left ( x \right ) + 1 }
\left ( \sin \left ( x \right ) ^ 2 + 3 \cos \left ( x \right ) ^ 2 \right ) ^ 4
{ - { \lambda \sum { B } } }
{ \cdots + { l - \mbox { m } } }
\sin \left ( \frac { \pi } { 4 } \right ) = \frac { 1 } { \sqrt { 2 } }
\int { \mbox { S } } ^ { \mbox { t } } dC
{ { \sin } ^ { \mbox { F } } \frac { V } { { \mu i } } } ^ { \mbox { v } \left ( \mbox { E } \right ) }
\mbox { L } \left ( E \right )
k ^ 3 + 14 k ^ 2 - 132 k + 1789
{ 5 \sum { \mbox { i } } }
\cos \left ( 0 \right ) = 1
\left ( { \mbox { d } } ^ { F } \right )
\sqrt { 1 + \sqrt { 1 + \sqrt { 1 + \sqrt { x } } } }
{ a } ^ { P } \left ( h \right )
\mbox { y }
\int e ^ { - z ^ 2 } d z = \mbox { erf } \left ( z \right )
{ 4 { \mbox { P } } _ { \mbox { t } } }
{ d } ^ { \mbox { a } }
k ^ 3 + 14 k ^ 2 - 132 k + 1789
{ \sqrt { o } } ^ { { - \mbox { s } } } \left ( Y \right )
Y
\sum _ { { I \geq j } } { { C - \mbox { g } } }
\log \frac { \mbox { Y } } { { o - y } }
{ \beta } ^ { \frac { \gamma } { \mbox { f } } }
{ { - \theta } - { \mbox { w } } ^ { N } }
{ \mbox { R } \left ( V \right ) } ^ { \mbox { m } }
{ { \mbox { B } } ^ { L } + o }
\left ( 3 \right )
{ \left [ \frac { B } { 7 } \right ] } ^ { { N + 6 } }
\sum { \mbox { t } }
\sqrt { \left [ P \right ] }
o
\sin \left ( \frac { \pi } { 3 } \right ) = \frac { 1 } { 2 }
X
a + \sqrt { \frac { b + c } { d + f } }
4
\left ( \left ( \lambda \right ) \right )
9.0
\int _ { 0 } ^ { \infty } \frac { z } { \sqrt { z ^ 3 + 14 } } d z
5
e ^ { \int x ^ 2 d x }
\sqrt { { \lambda - \mbox { h } } }
{ \mbox { t } } ^ { u }
\sum _ { { b \gt p } } { { y - \mbox { Y } } }
a + \frac { \sqrt { b + c } } { 2 }
\mbox { v }
{ - Y }
{ g - s }
\left [ \sqrt { \mbox { o } } \right ]
{ \cdots + 6 }
{ \mbox { y } } _ { \phi }
\mbox { j }
a + \frac { \sqrt { b + c } } { 2 }
V
\int \frac { \sin \left ( x \right ) + 1 } { \sqrt { \cos ^ 3 \left ( x \right ) + \tan \left ( x \right ) } } d x
\sum _ { { \mbox { N } = o } } ^ { { - E } } { { u + P } }
{ { \mbox { z } } ^ { \Delta } \mu }
\sum { q }
{ \theta + \mbox { t } }
\int \frac { \mbox { l } } { \mbox { z } } df
\log _2 \left ( 2 ^ 5 \right ) = 5
\frac { \frac { \frac { x_4 } { x_3 } } { x_2 } } { x_1 }
{ \mbox { i } } _ { \mbox { j } }
2.0
\left ( M \right )
\frac { 1 } { 3 } \pi r ^ 2 h
\frac { 9 } { \mbox { e } }
{ \cdots + 4 }
\tan \left ( \frac { \pi } { 2 } \right ) = \infty
\beta
\int ^ { { - \mbox { p } } } _ { \sum { j } } { \mbox { w } \mbox { x } } d \alpha
15
4.8
{ - H }
\mbox { p }
\int _0 ^ \pi \cos \left ( \frac { \theta } { 2 } \right ) d \theta
5
\int _0 ^ \pi \cos \left ( \frac { \theta } { 2 } \right ) d \theta
{ \mbox { q } } ^ { \mbox { c } }
\mbox { v }
{ - \frac { { \sum { \gamma } - \int X d \beta } } { \sqrt { z } } }
{ - b }
\sum { I }
B
\frac { { \cdots + 0.3 } } { \int F dj }
{ \mbox { z } } ^ { \frac { \mbox { s } } { \beta } }
\frac { \beta + \gamma } { \theta }
21
{ - \sum { { i - \mbox { k } } } }
\frac { 1 } { \sin \left ( x \right ) + 1 }
\frac { 1 } { \sin \left ( x \right ) + 1 }
\frac { \mbox { q } } { n }
\sqrt { \frac { 2 z ^ 3 } { \sqrt { \frac { 3 z ^ 2 } { \sqrt { 4 z } } } } }
\alpha
\sum _ { { \mbox { w } = F } } ^ { G } { { V + \mbox { o } } }
5.5
1.5
\left ( { V } ^ { \mbox { E } } \left ( k \right ) \right )
\sqrt { { \mbox { m } - w } }
\frac { - b + \sqrt { b ^ 2 - 4 a c } } { 2 a }
{ \mbox { C } } ^ { { F + \mbox { m } } }
{ V + 2 }
\mbox { S }
k ^ 3 + 14 k ^ 2 - 132 k + 1789
\frac { r } { \int q dR }
{ \mbox { y } - \sum { \phi } }
\left ( \left ( \mbox { V } \right ) \right )
{ 9 j }
R
\sum _ { { m = X } } ^ { 9.6 } { \tan \mbox { g } }
\frac { 1 } { \sin \left ( x \right ) + 1 }
{ \cdots + \mbox { o } }
a ^ x + b ^ x + \frac { c } { 2 }
{ \cdots + { { \mbox { r } \mbox { B } } - N } }
{ j } ^ { { \sum { \mbox { T } } - v } }
{ { v } ^ { r } \int c d \beta }
\sum _ { { g = z } } ^ { \sqrt { \mbox { j } } } { \mbox { L } }
\frac { \sin \left ( x \right ) } { \cos \left ( x \right ) } = \tan \left ( x \right )
\mbox { d } \left ( \mbox { x } \right )
\frac { 4 } { 3 } \pi r ^ 3
a ^ { b ^ { c ^ d } }
{ \mbox { z } \leq \mbox { R } }
{ \cdots + \left ( r \right ) }
\frac { { \mbox { j } - c } } { { - y } }
\int e ^ { x ^ 2 } x ^ 3 d x
\sum { { \mbox { F } - H } }
f
{ 8 \mbox { y } }
\frac { { d + { \mbox { i } \mbox { n } } } } { { \gamma - u } }
\frac { x_1 } { \frac { x_2 } { \frac { x_3 } { x_4 } } }
\mbox { Tz }
\sum { { f + r } }
a ^ { b ^ { c ^ d } }
{ \sqrt { 2 } } ^ { { a - { t } ^ { { v } ^ { \mbox { k } } \left ( R \right ) } } }
9.1
\sqrt { 5.1 }
{ \gamma } _ { \mbox { c } }
\tan \left ( \frac { \pi } { 4 } \right ) = 1
{ - { \mbox { N } \mbox { V } } }
{ \mbox { M } - g }
\int _ { 0 } ^ { \infty } \frac { z } { \sqrt { z ^ 3 + 14 } } d z
f
{ \left ( \mbox { B } \right ) } ^ { \mu }
\mbox { P }
\int _ { 0 } ^ { \infty } \frac { z } { \sqrt { z ^ 3 + 14 } } d z
\frac { \beta + \gamma } { \theta }
\tan \left ( \frac { \pi } { 4 } \right ) = 1
\frac { \frac { \frac { x_4 } { x_3 } } { x_2 } } { x_1 }
{ n } _ { \mbox { eH } }
{ - H }
{ \mbox { u } } _ { x }
\mbox { s }
s \left ( \sum { \mbox { S } } \right )
\int { - \mbox { a } } d { H } _ { \gamma }
o
\mbox { ti }
\mbox { G }
{ Y - \mbox { P } }
\left ( \mbox { t } \right )
\mbox { l }
a ^ x + b ^ x + \frac { c } { 2 }
\frac { \mbox { A } } { { \mbox { v } } ^ { g } }
a + \sqrt { \frac { b + c } { d + f } }
{ \sqrt { { \mbox { x } + N } } } ^ { { { \mbox { B } } _ { P } + \mbox { l } } }
\mbox { j }
\mbox { L }
{ \mbox { c } } ^ { \mbox { c } }
{ \mbox { b } } ^ { 7 }
\sqrt { 1 + \sqrt { 1 + z ^ 2 } }
x ^ 2 + y ^ 2 = z ^ 2
\sum _ { { \mu \gt A } } { P }
{ { \mbox { e } } _ { \pi } 2 }
\beta
\mbox { t }
\sqrt { { \mbox { h } - \mbox { X } } }
\sqrt { \left [ E \right ] }
{ { \mbox { N } } ^ { H } { m i } }
a
37.0
\mbox { y }
{ { \mbox { r } } _ { \mbox { n } } } ^ { V }
s
{ \left [ \mbox { N } \right ] } ^ { { \mbox { C } - l } }
{ M = 3 }
33
{ { - r } + \int \mbox { G } dB }
Y
2 \alpha + 3 \sqrt { \beta }
t
\frac { x } { a + \frac { x } { b - \frac { x } { c } } }
\sum { \mbox { N } }
\int e ^ { x ^ 2 } x ^ 3 d x
a + \sqrt { \frac { b + c } { d + f } }
\frac { \beta + \gamma } { \theta }
\left [ \alpha \right ]
e_ { f_ { g_h } }
\sqrt { \mbox { B } }
\frac { { \sqrt { R } + \mbox { F } } } { \sum { B } }
9
\frac { \sqrt { 1 + \cos ^ 2 \left ( \theta \right ) } } { 2 } = \cos \left ( 2 \theta \right )
\cos 5
{ { \mbox { B } + z } = { 2 \mbox { z } } }
a x ^ 4 + b x + c = 0
\left ( \frac { a } { e } \right )
\left ( \sqrt { \mbox { H } } \right )
\sum { \sqrt { C } }
\sum _ { n = 1 } ^ N \left ( - 1 \right ) ^ n \sin \left ( n x \right )
\sqrt { \pi }
\mbox { m }
{ \mbox { P } - \frac { L } { \mbox { z } } }
{ f y }
{ \mbox { xd } } _ { \mbox { n } }
\frac { z } { { \mbox { i } } _ { \mbox { m } } }
\sin \left ( \frac { \pi } { 3 } \right ) = \frac { 1 } { 2 }
\left ( { \mbox { b } - \mbox { w } } \right )
\tan \mbox { r }
\sin ^ 2 ( x ) + \cos ^ 2 ( x ) = 1
{ \left [ H \right ] - { l - \mbox { B } } }
{ 3.8 \sum { { { \mbox { P } } _ { { A } _ { N } } + 85 } } }
{ \cos } ^ { E } 2.6
\frac { 1 } { 3 } \pi r ^ 2 h
6.7
{ - \mbox { ql } }
\frac { x } { a + \frac { x } { b - \frac { x } { c } } }
{ - \sum { { \mbox { m } m } } }
\frac { s } { { - M } }
\frac { \left [ \mbox { t } \right ] } { \sum { P } }
\mbox { E }
{ { E \lambda } - \sum { I } }
\sin \left ( \frac { \pi } { 4 } \right ) = \frac { 1 } { \sqrt { 2 } }
\frac { { r \left ( g \right ) + p } } { \frac { \mbox { l } } { 1 } }
\mbox { j }
{ \mbox { h } - { C } ^ { \mbox { w } } }
e ^ { \int x ^ 2 d x }
{ \cdots - l }
\mbox { a }
a x ^ 4 + b x + c = 0
\frac { \pi r ^ 2 h } { 3 }
\mbox { n }
\frac { x_1 } { \frac { x_2 } { \frac { x_3 } { x_4 } } }
\mbox { g }
\frac { 4 } { 3 } \pi r ^ 3
{ - { 209.4 \frac { c } { u } } }
\frac { x } { a + \frac { x } { b - \frac { x } { c } } }
{ \sqrt { 3 } } ^ { H }
e_ { f_ { g_h } }
{ \mbox { l } o }
e ^ { \int x ^ 2 d x }
x
\left ( \mbox { L } \right )
{ \mbox { z } } ^ { { \cdots - h } }
\mbox { t }
\mbox { qce }
\sin ^ 2 ( x ) + \cos ^ 2 ( x ) = 1
\frac { x } { a + \frac { x } { b - \frac { x } { c } } }
a + \sqrt { \frac { b + c } { d + f } }
\cos { \sqrt { \beta } } ^ { \mbox { M } }
\sin \left ( \frac { \pi } { 4 } \right ) = \frac { 1 } { \sqrt { 2 } }
79
\sum { { \cdots + d } }
\mbox { o }
\pi
{ \cdots - 6 }
e ^ { \int x ^ 2 d x }
{ \mbox { q } \left ( H \right ) } ^ { { \cdots + A } }
{ \sqrt { { \mbox { V } + z } } } ^ { \mbox { C } }
\frac { \frac { \frac { x_4 } { x_3 } } { x_2 } } { x_1 }
{ \int p de - \left [ h \right ] }
{ - { \mbox { x } \mbox { v } } }
{ - { c \mbox { L } } }
\frac { 1 } { 3 } \pi r ^ 2 h
\frac { { - \sqrt { { \cdots + { \mbox { A } } _ { \mbox { a } } } } } } { { \mbox { Y } - \left [ a \right ] } }
\int _ { \mbox { xd } } ^ { { - L } } { c - \frac { \mbox { j } } { \mbox { l } } } dx
{ - \sum { \mbox { w } } }
{ \sqrt { \mbox { H } } + { \mbox { g } + c } }
\cos \left ( 0 \right ) = 1
\sum { E }
\tan \left ( \frac { \pi } { 2 } \right ) = \infty
2.8
\sin y
\mbox { M }
\sqrt { \mbox { X } }
{ \mbox { m } + 8.9 }
\mbox { vF }
{ \mbox { L } } ^ { { \mbox { L } + V } }
\frac { \phi } { \sum { \lambda } }
{ \mbox { B } { o S } }
\left [ \mbox { z } \right ]
{ \mbox { j } } _ { \mbox { c } }
\sum _m f \left ( m + 3 \right )
{ - { { H } ^ { { \mbox { v } - \mbox { a } } } \mbox { bM } } }
{ { - \mbox { o } } - \frac { i } { \mbox { i } } }
\sum _ { n = 1 } ^ N \left ( - 1 \right ) ^ n \sin \left ( n x \right )
{ \left [ 1 \right ] } ^ { \mbox { v } }
{ \cdots + { \cdots + \mbox { g } } }
{ Y + \mbox { e } }
m
{ - \int _ { z } ^ { j } n dX }
{ \frac { p } { N } + \int \theta dC }
\sqrt { \mbox { B } }
\left [ { \mbox { x } } _ { i } \right ]
{ - s }
\left ( { S - { \mbox { l } } _ { C } } \right )
\mbox { tN }
\int \sigma dg
e ^ { \int x ^ 2 d x }
{ \mbox { g } \geq \frac { \mbox { b } } { \sum { \mbox { p } } } }
\frac { \frac { \frac { x_4 } { x_3 } } { x_2 } } { x_1 }
\sum _ { { i \geq \left ( \mbox { N } \right ) } } { { \cdots - \sum { t } } }
2 \alpha + 3 \sqrt { \beta }
j
\frac { - b - \sqrt { b ^ 2 - 4 a c } } { 2 a }
i
\int { T c } dP
\mbox { yi }
i
\sqrt { H }
{ \mbox { a } } ^ { v }
\int e ^ { x ^ 2 } x ^ 3 d x
\left [ \sqrt { \mbox { f } } \right ]
{ \cdots - \sqrt { \mbox { t } } }
2
\sigma
\log _2 \left ( 2 ^ 5 \right ) = 5
x ^ 2 + y ^ 2 = z ^ 2
{ { - \mbox { T } } - { \mbox { T } - M } }
\sum _ { { \mbox { P } = \mbox { p } } } ^ { \sum { 1 } } { k }
{ \left ( \sqrt { i } \right ) } ^ { { - M } }
\left [ \sum { \mbox { x } } \right ]
R
\frac { B } { \mbox { nt } }
9
\mbox { P }
9
a x ^ 4 + b x + c = 0
\frac { x } { a + \frac { x } { b - \frac { x } { c } } }
{ - { \mbox { A } \mbox { c } } }
{ - \mbox { i } }
{ \mbox { z } } _ { \mbox { y } }
{ \mbox { n } } ^ { { \mbox { z } - \mbox { R } } }
{ 6.3 \int \mbox { m } dr }
\sum _m f \left ( m + 3 \right )
\frac { { r } ^ { \mbox { F } } } { { u \mbox { M } } }
\int \frac { \sin \left ( x \right ) + 1 } { \sqrt { \cos ^ 3 \left ( x \right ) + \tan \left ( x \right ) } } d x
{ { I - m } \leq i \left ( \mbox { E } \right ) }
a ^ x + b ^ x + \frac { c } { 2 }
\left ( { a + 7 } \right )
s
\left [ \left [ \mbox { w } \right ] \right ]
1.2
\mbox { d }
\int _ { v } ^ { { \mu \mbox { e } } } \mbox { e } dA
1
69
\left ( \mbox { l } \right )
{\mbox{f}+H}\neq{o-\mbox{t}}
{ \mbox { q } } ^ { \mbox { V } }
\frac { b } { \sum { \mbox { N } } }
\left ( \frac { X } { 9 } \right )
50.562
{ \mbox { g } } ^ { \mbox { B } }
\sum { { X + \mbox { x } } }
\sin { \mbox { b } } ^ { { 7 - \mbox { g } } }
{ { M } ^ { l } { \frac { { Y + L } } { \mbox { S } } { S \mbox { i } } } }
s
{ \mbox { L } } ^ { { \cdots - X } } \left ( { \Delta u } \right )
{ - \mbox { H } }
{ \mbox { f } } _ { \mbox { c } }
{ \sin } ^ { \mu } Y
{ { y } ^ { { \sigma - I } } \int 0.4 dn }
\mbox { P }
\sum _ { { \mbox { n } \geq w } } { \mbox { j } }
t
\sqrt { 1 + \sqrt { 1 + z ^ 2 } }
\frac { \mbox { M } } { \frac { \mbox { H } } { \mbox { y } } }
\mbox { j }
{ \cdots - \sum { \mbox { T } } }
\sin \left ( \frac { \pi } { 4 } \right ) = \frac { 1 } { \sqrt { 2 } }
{ 5.3 { P } _ { x } }
\Delta\neq{u\mbox{S}}
\sum { \mbox { X } }
{ \left ( \mbox { s } \right ) } ^ { 6.9 }
{ \mbox { X } \gt \int 3 dS }
\mbox { y }
{ { \phi } ^ { \frac { \mbox { B } } { 4 } } \left ( { M \mbox { H } } \right ) } ^ { \mbox { M } }
\int e ^ { - z ^ 2 } d z = \mbox { erf } \left ( z \right )
k ^ 3 + 14 k ^ 2 - 132 k + 1789
\int { - \mbox { w } } d \Delta
{ \left ( \pi \right ) } ^ { \mbox { I } }
{ 2 G }
k ^ 3 + 14 k ^ 2 - 132 k + 1789
\sqrt { \mbox { S } }
{ \mbox { A } } ^ { T }
\int { \mbox { gS } } _ { \mbox { c } } dC
k ^ 3 + 14 k ^ 2 - 132 k + 1789
{ 28.94 \pi }
\int e ^ { - z ^ 2 } d z = \mbox { erf } \left ( z \right )
\frac { \pi r ^ 2 h } { 3 }
0.7
e_ { f_ { g_h } }
\mbox { V }
{ F } ^ { G }
\int { \theta + F } dn
\frac { x_1 } { \frac { x_2 } { \frac { x_3 } { x_4 } } }
\sqrt { { j - \lambda } }
\sqrt { { w + v } }
9.0
9.8
\sum _ { { k = M } } ^ { \sum { \mbox { k } } } { b }
34.8
\mbox { t } \left ( { \mbox { p } } ^ { \left ( \left ( 7 \right ) \right ) } \right )
\mbox { i }
{ - \sum _ { { 5 \gt \mbox { d } } } { \mbox { x } } }
\sqrt { { k - \mbox { n } } }
\left [ P \right ]
\mbox { j }
\frac { { { - \mbox { g } } - \mbox { Y } } } { { \mbox { u } j } }
\sin \left ( \frac { \pi } { 3 } \right ) = \frac { 1 } { 2 }
a ^ { b ^ { c ^ d } }
{ p } ^ { \lambda }
{ \alpha z }
\mbox { E }
a + \sqrt { \frac { b + c } { d + f } }
\mbox { Vp }
\frac { 4 } { 3 } \pi r ^ 3
{ \mbox { F } } _ { \mbox { C } }
{ \sqrt { \mbox { X } } } ^ { 8 }
1.7
{ \mbox { N } } ^ { { \mbox { B } + \mbox { E } } }
{ \cdots - \lambda }
938
\left ( { k + \mbox { M } } \right )
\mbox { mC }
\sqrt { \mbox { c } }
\sqrt { E }
x
{ 6 \int { N } _ { \mbox { u } } dA }
{ m \gt { - \mbox { i } } }
\mbox { t }
y
\mbox { Hej }
\sqrt { { \mbox { x } - \mbox { X } } }
\sin \left ( \frac { \pi } { 4 } \right ) = \frac { 1 } { \sqrt { 2 } }
{ \mbox { f } \lt { \mbox { z } } _ { X } }
\left [ \mbox { o } \right ]
\sqrt { 5 }
\sin \left ( \frac { \pi } { 3 } \right ) = \frac { 1 } { 2 }
a + \sqrt { \frac { b + c } { d + f } }
{ \mbox { p } + 6.2 }
\int _0 ^ \pi \cos \left ( \frac { \theta } { 2 } \right ) d \theta
\tan \left ( \frac { \pi } { 4 } \right ) = 1
{ 1 + \mbox { L } }
{ y } ^ { M }
\sum { \mbox { b } }
\left [ { \mbox { g } } ^ { w } \left ( y \right ) \right ]
x
{ \left ( \mbox { l } \right ) = \left ( \lambda \right ) }
\int _ { \mbox { w } } ^ { { \mbox { T } \mbox { m } } } \mbox { F } dP
{ - \int \mbox { S } dw }
{ B + { \mbox { j } } ^ { A } }
{ C - { H - q } }
\frac { \sqrt { V } } { \mbox { h } }
\frac { \mbox { n } } { \sqrt { Y } }
\tan \left ( \frac { \pi } { 4 } \right ) = 1
{ \mbox { af } } _ { \mbox { Y } }
{ v - \sqrt { \mbox { o } } }
\mbox { k }
a
{ \mbox { g } { l } ^ { \frac { \mbox { L } } { c } } }
1.40
\cos 3
\sum _ { { \mbox { N } \geq \mbox { m } } } { \mbox { Y } }
\mbox { cBt }
4
e_ { f_ { g_h } }
\int e ^ { x ^ 2 } x ^ 3 d x
e_ { f_ { g_h } }
{ \mbox { Y } } ^ { { \cdots + \sqrt { Y } } }
{ \mu } ^ { \mbox { u } }
{ \mbox { d } } ^ { \mbox { u } }
Y
1 + \frac { \sqrt { a ^ 2 + 1 + b } } { 3 }
q
\frac { \int \mbox { B } dj } { { \mbox { g } - j } }
m
{ S - p }
\frac { - b - \sqrt { b ^ 2 - 4 a c } } { 2 a }
\frac { { w - \mbox { t } } } { \tan r }
\pi
1.9
\int _ { V } ^ { \gamma } \mbox { M } d \beta
x ^ 2 + y ^ 2 = z ^ 2
{ \mbox { A } } _ { { \mbox { k } } _ { \mbox { Y } } }
\sqrt { { N \sum { I } } }
{ \sigma \geq { C } _ { \mbox { l } } }
{ z + { \mbox { B } - i } }
{ \left [ \mbox { L } \right ] } ^ { { { - p } - \mbox { S } } } \left ( \frac { k } { \mbox { j } } \right )
{ - { \mbox { k } \mbox { o } } }
{ \mbox { g } - \left ( \theta \right ) }
\int { \mbox { R } o } dR
y
a + \frac { \sqrt { b + c } } { 2 }
{ \mbox { d } } ^ { { \cdots + A } }
{ \mu } _ { \mbox { pj } }
{ { - \mbox { s } } + \frac { \mbox { T } } { L } }
e_ { f_ { g_h } }
g
{ V } _ { V }
\left [ { \mbox { z } + { b } _ { \mbox { N } } } \right ]
e_ { f_ { g_h } }
{ \sqrt { \mbox { o } } } ^ { \frac { \mbox { L } } { \mbox { c } } } \left ( \mbox { G } \right )
{ - \int \Delta dc }
e_ { f_ { g_h } }
\frac { - b + \sqrt { b ^ 2 - 4 a c } } { 2 a }
35
x ^ 2 + y ^ 2 = z ^ 2
{ \mbox { B } } ^ { \mbox { V } }
\frac { 4 } { 3 } \pi r ^ 3
